Microchip MPLAB XC8 Compiler V1.33 ()

Linker command line:

--edf=D:\Program Files (x86)\Microchip\xc8\v1.33\dat\en_msgs.txt -cs \
  -h+dist/default/production\Simula3_Serial.X.production.sym \
  --cmf=dist/default/production\Simula3_Serial.X.production.cmf -z \
  -Q18F4520 -oC:\Users\Yure\AppData\Local\Temp\s3a0.6 \
  -Mdist/default/production/Simula3_Serial.X.production.map -E1 -ver=XC8 \
  -ASTACK=080h-05ffh -pstack=STACK -ACODE=00h-07FFFh -ACONST=00h-07FFFh \
  -ASMALLCONST=0600h-06FFhx122 -AMEDIUMCONST=0600h-07FFFh -ACOMRAM=01h-07Fh \
  -AABS1=00h-05FFh -ABIGRAM=01h-05FFh -ARAM=080h-0FFh,0100h-01FFhx5 \
  -ABANK0=080h-0FFh -ABANK1=0100h-01FFh -ABANK2=0200h-02FFh \
  -ABANK3=0300h-03FFh -ABANK4=0400h-04FFh -ABANK5=0500h-05FFh \
  -ASFR=0F80h-0FFFh \
  -preset_vec=00h,intcode=08h,intcodelo,powerup,init,end_init \
  -pramtop=0600h -psmallconst=SMALLCONST -pmediumconst=MEDIUMCONST \
  -pconst=CONST -AFARRAM=00h-00h -ACONFIG=0300000h-030000Dh -pconfig=CONFIG \
  -AIDLOC=0200000h-0200007h -pidloc=IDLOC -AEEDATA=0F00000h-0F000FFh \
  -peeprom_data=EEDATA \
  -prdata=COMRAM,nvrram=COMRAM,nvbit=COMRAM,rbss=COMRAM,rbit=COMRAM \
  -pfarbss=FARRAM,fardata=FARRAM,nvFARRAM=FARRAM \
  -pintsave_regs=BIGRAM,bigbss=BIGRAM,bigdata=BIGRAM -pbss=RAM \
  -pidata=CODE,irdata=CODE,ibigdata=CODE,ifardata=CODE \
  C:\Users\Yure\AppData\Local\Temp\s3a0.obj \
  dist/default/production\Simula3_Serial.X.production.obj 

Object code version is 3.11

Machine type is 18F4520

Call graph: (short form)




                Name                               Link     Load   Length Selector   Space Scale
C:\Users\Yure\AppData\Local\Temp\s3a0.obj
                end_init                             18       18        4        4       0
                reset_vec                             0        0        4        0       0
                idloc                            200000   200000        8   200000       0
                config                           300000   300000        E   300000       0
dist/default/production\Simula3_Serial.X.production.obj
                intcode                               8        8       10        4       0
                mediumconst                        7E66     7E66      19A     3F33       0
                intcode_body                        2FA      2FA       9A        4       0
                text11                              560      560       26        4       0
                text10                              4A8      4A8       3A        4       0
                text9                               53A      53A       26        4       0
                text8                               228      228       D2        4       0
                text7                               466      466       42        4       0
                text6                               4E2      4E2       30        4       0
                text5                                1C       1C      20C        4       0
                text4                               512      512       28        4       0
                text3                               5BA      5BA        A        4       0
                text2                               586      586       1E        4       0
                text1                               40E      40E       58        4       0
                text0                               394      394       7A        4       0
                cstackCOMRAM                          1        1       50        1       1
                bssCOMRAM                            51       51       12        1       1
                cinit                               5A4      5A4       16        4       0

TOTAL           Name                               Link     Load   Length     Space
        CLASS   STACK          

        CLASS   CODE           
                end_init                             18       18        4         0
                intcode                               8        8       10         0
                reset_vec                             0        0        4         0
                intcode_body                        2FA      2FA       9A         0
                text11                              560      560       26         0
                text10                              4A8      4A8       3A         0
                text9                               53A      53A       26         0
                text8                               228      228       D2         0
                text7                               466      466       42         0
                text6                               4E2      4E2       30         0
                text5                                1C       1C      20C         0
                text4                               512      512       28         0
                text3                               5BA      5BA        A         0
                text2                               586      586       1E         0
                text1                               40E      40E       58         0
                text0                               394      394       7A         0
                cinit                               5A4      5A4       16         0

        CLASS   CONST          

        CLASS   SMALLCONST     

        CLASS   MEDIUMCONST    
                mediumconst                        7E66     7E66      19A         0

        CLASS   COMRAM         
                cstackCOMRAM                          1        1       50         1
                bssCOMRAM                            51       51       12         1

        CLASS   ABS1           

        CLASS   BIGRAM         

        CLASS   RAM            

        CLASS   BANK0          

        CLASS   BANK1          

        CLASS   BANK2          

        CLASS   BANK3          

        CLASS   BANK4          

        CLASS   BANK5          

        CLASS   SFR            

        CLASS   FARRAM         

        CLASS   CONFIG         
                config                           300000   300000        E         0

        CLASS   IDLOC          
                idloc                            200000   200000        8         0

        CLASS   EEDATA         



SEGMENTS        Name                           Load    Length   Top    Selector   Space  Class

                reset_vec                      000000  000004  000004         0       0  CODE    
                cstackCOMRAM                   000001  000062  000063         1       1  COMRAM  
                intcode                        000008  0005BC  0005C4         4       0  CODE    
                mediumconst                    007E66  00019A  008000      3F33       0  MEDIUMCO
                idloc                          200000  000008  200008    200000       0  IDLOC   
                config                         300000  00000E  30000E    300000       0  CONFIG  


UNUSED ADDRESS RANGES

        Name                Unused          Largest block    Delta
        BANK0            000080-0000FF               80
        BANK1            000100-0001FF              100
        BANK2            000200-0002FF              100
        BANK3            000300-0003FF              100
        BANK4            000400-0004FF              100
        BANK5            000500-0005FF              100
        BIGRAM           000063-0005FF              59D
        CODE             000004-000007                4
                         0005C4-007E65             78A2
        COMRAM           000063-00007F               1D
        CONST            000004-000007                4
                         0005C4-007E65             78A2
        EEDATA           F00000-F000FF              100
        MEDIUMCONST      000600-007E65             7866
        RAM              000080-0005FF              100
        SFR              000F80-000FFF               80
        SMALLCONST       000600-007E65              100
        STACK            000080-0005FF              580

                                  Symbol Table

?_UART_available         cstackCOMRAM 00000F
?_printf                 cstackCOMRAM 000010
DEVICES_set@d1           cstackCOMRAM 00001E
DEVICES_set@d2           cstackCOMRAM 00001F
DEVICES_set@msg1         cstackCOMRAM 000021
DEVICES_set@msg2         cstackCOMRAM 00003F
DEVICES_set@port         cstackCOMRAM 00001C
DEVICES_set@val          cstackCOMRAM 00004E
SERVO_write@angle        cstackCOMRAM 000015
SERVO_write@val          cstackCOMRAM 000013
UART_read_byte@data      cstackCOMRAM 000011
UART_read_byte@i         cstackCOMRAM 000012
_ADCON1                  (abs)        000FC1
_BAUDCONbits             (abs)        000FB8
_CCP1CON                 (abs)        000FBD
_CCP1IE                  (abs)        007CEA
_CCP1IF                  (abs)        007CF2
_CCPR1H                  (abs)        000FBF
_CCPR1L                  (abs)        000FBE
_DEVICES_set             text5        00001C
_GIE                     (abs)        007F97
_INTCONbits              (abs)        000FF2
_PEIE                    (abs)        007F96
_PIE1bits                (abs)        000F9D
_PORTB                   (abs)        000F81
_PORTCbits               (abs)        000F82
_RCIF                    (abs)        007CF5
_RCREG                   (abs)        000FAE
_RCSTAbits               (abs)        000FAB
_SERVO_init              text4        000512
_SERVO_write             text10       0004A8
_SPBRG                   (abs)        000FAF
_T1CONbits               (abs)        000FCD
_TMR1                    (abs)        000FCE
_TMR1IE                  (abs)        007CE8
_TMR1IF                  (abs)        007CF0
_TRISB                   (abs)        000F93
_TRISC                   (abs)        000F94
_TRISCbits               (abs)        000F94
_TXIF                    (abs)        007CF4
_TXREG                   (abs)        000FAD
_TXSTAbits               (abs)        000FAC
_UART_available          text3        0005BA
_UART_init               text2        000586
_UART_read_byte          text1        00040E
__HRAM                   (abs)        000000
__Habs1                  abs1         000000
__Hbank0                 bank0        000000
__Hbank1                 bank1        000000
__Hbank2                 bank2        000000
__Hbank3                 bank3        000000
__Hbank4                 bank4        000000
__Hbank5                 bank5        000000
__Hbigbss                bigbss       000000
__Hbigdata               bigdata      000000
__Hbigram                bigram       000000
__Hbss                   bss          000000
__HbssCOMRAM             bssCOMRAM    000000
__Hcinit                 cinit        000000
__Hclrtext               clrtext      000000
__Hcomram                comram       000000
__Hconfig                config       30000E
__Hconst                 const        000000
__HcstackCOMRAM          cstackCOMRAM 000000
__Hdata                  data         000000
__Heeprom_data           eeprom_data  000000
__Hend_init              end_init     00001C
__Hfarbss                farbss       000000
__Hfardata               fardata      000000
__Hibigdata              ibigdata     000000
__Hidata                 idata        000000
__Hidloc                 idloc        200008
__Hifardata              ifardata     000000
__Hinit                  init         000018
__Hintcode               intcode      000018
__Hintcode_body          intcode_body 000000
__Hintcodelo             intcodelo    000018
__Hintentry              intentry     000000
__Hintret                intret       000000
__Hintsave_regs          intsave_regs 000000
__Hirdata                irdata       000000
__Hmediumconst           mediumconst  008000
__HnvFARRAM              nvFARRAM     000000
__Hnvbit                 nvbit        000000
__Hnvrram                nvrram       000000
__Hparam                 rparam       000000
__Hpowerup               powerup      000018
__Hram                   ram          000000
__Hramtop                ramtop       000600
__Hrbit                  rbit         000000
__Hrbss                  rbss         000000
__Hrdata                 rdata        000000
__Hreset_vec             reset_vec    000004
__Hrparam                rparam       000000
__Hsfr                   sfr          000000
__Hsmallconst            smallconst   000000
__Hspace_0               (abs)        30000E
__Hspace_1               (abs)        000063
__Hspace_2               (abs)        000000
__Hstack                 stack        000000
__Hstruct                struct       000000
__Htemp                  temp         000000
__Htext                  text         000000
__Htext0                 text0        000000
__Htext1                 text1        000000
__Htext10                text10       000000
__Htext11                text11       000000
__Htext2                 text2        000000
__Htext3                 text3        000000
__Htext4                 text4        000000
__Htext5                 text5        000000
__Htext6                 text6        000000
__Htext7                 text7        000000
__Htext8                 text8        000000
__Htext9                 text9        000000
__ISR                    intcode      000008
__LRAM                   (abs)        000001
__Labs1                  abs1         000000
__Lbank0                 bank0        000000
__Lbank1                 bank1        000000
__Lbank2                 bank2        000000
__Lbank3                 bank3        000000
__Lbank4                 bank4        000000
__Lbank5                 bank5        000000
__Lbigbss                bigbss       000000
__Lbigdata               bigdata      000000
__Lbigram                bigram       000000
__Lbss                   bss          000000
__LbssCOMRAM             bssCOMRAM    000000
__Lcinit                 cinit        000000
__Lclrtext               clrtext      000000
__Lcomram                comram       000000
__Lconfig                config       300000
__Lconst                 const        000000
__LcstackCOMRAM          cstackCOMRAM 000000
__Ldata                  data         000000
__Leeprom_data           eeprom_data  000000
__Lend_init              end_init     000018
__Lfarbss                farbss       000000
__Lfardata               fardata      000000
__Libigdata              ibigdata     000000
__Lidata                 idata        000000
__Lidloc                 idloc        200000
__Lifardata              ifardata     000000
__Linit                  init         000018
__Lintcode               intcode      000008
__Lintcode_body          intcode_body 000000
__Lintcodelo             intcodelo    000018
__Lintentry              intentry     000000
__Lintret                intret       000000
__Lintsave_regs          intsave_regs 000000
__Lirdata                irdata       000000
__Lmediumconst           mediumconst  007E66
__LnvFARRAM              nvFARRAM     000000
__Lnvbit                 nvbit        000000
__Lnvrram                nvrram       000000
__Lparam                 rparam       000000
__Lpowerup               powerup      000018
__Lram                   ram          000000
__Lramtop                ramtop       000600
__Lrbit                  rbit         000000
__Lrbss                  rbss         000000
__Lrdata                 rdata        000000
__Lreset_vec             reset_vec    000000
__Lrparam                rparam       000000
__Lsfr                   sfr          000000
__Lsmallconst            smallconst   000000
__Lspace_0               (abs)        000000
__Lspace_1               (abs)        000000
__Lspace_2               (abs)        000000
__Lstack                 stack        000000
__Lstruct                struct       000000
__Ltemp                  temp         000000
__Ltext                  text         000000
__Ltext0                 text0        000000
__Ltext1                 text1        000000
__Ltext10                text10       000000
__Ltext11                text11       000000
__Ltext2                 text2        000000
__Ltext3                 text3        000000
__Ltext4                 text4        000000
__Ltext5                 text5        000000
__Ltext6                 text6        000000
__Ltext7                 text7        000000
__Ltext8                 text8        000000
__Ltext9                 text9        000000
__S0                     (abs)        30000E
__S1                     (abs)        000063
__S2                     (abs)        000000
___inthi_sp              stack        000000
___intlo_sp              stack        000000
___sp                    stack        000000
__accesstop              (abs)        000080
__activetblptr           (abs)        000002
__end_of_DEVICES_set     text5        000228
__end_of_SERVO_init      text4        00053A
__end_of_SERVO_write     text10       0004E2
__end_of_UART_available  text3        0005C4
__end_of_UART_init       text2        0005A4
__end_of_UART_read_byte  text1        000466
__end_of__ISR            intcode_body 000394
__end_of__initialization cinit        0005B0
__end_of__stringdata     mediumconst  007FFE
__end_of_main            text0        00040E
__end_of_printf          text8        0002FA
__end_of_putch           text9        000560
__end_of_set_CCP1        text11       000586
__end_of_strcat          text7        0004A8
__end_of_strcpy          text6        000512
__initialization         cinit        0005A4
__mediumconst            mediumconst  007E66
__pbssCOMRAM             bssCOMRAM    000051
__pcinit                 cinit        0005A4
__pcstackCOMRAM          cstackCOMRAM 000001
__pintcode               intcode      000008
__pintcode_body          intcode_body 0002FA
__pmediumconst           mediumconst  007E66
__ptext0                 text0        000394
__ptext1                 text1        00040E
__ptext10                text10       0004A8
__ptext11                text11       000560
__ptext2                 text2        000586
__ptext3                 text3        0005BA
__ptext4                 text4        000512
__ptext5                 text5        00001C
__ptext6                 text6        0004E2
__ptext7                 text7        000466
__ptext8                 text8        000228
__ptext9                 text9        00053A
__ramtop                 ramtop       000600
__size_of_DEVICES_set    (abs)        000000
__size_of_SERVO_init     (abs)        000000
__size_of_SERVO_write    (abs)        000000
__size_of_UART_available (abs)        000000
__size_of_UART_init      (abs)        000000
__size_of_UART_read_byte (abs)        000000
__size_of__ISR           (abs)        000000
__size_of_main           (abs)        000000
__size_of_printf         (abs)        000000
__size_of_putch          (abs)        000000
__size_of_set_CCP1       (abs)        000000
__size_of_strcat         (abs)        000000
__size_of_strcpy         (abs)        000000
__smallconst             smallconst   000000
__stringdata             mediumconst  007E67
_buffer                  bssCOMRAM    000051
_count                   bssCOMRAM    000061
_main                    text0        000394
_printf                  text8        000228
_putch                   text9        00053A
_set_CCP1                text11       000560
_strcat                  text7        000466
_strcpy                  text6        0004E2
end_of_initialization    cinit        0005B0
int_func                 intcode_body 0002FA
intlevel0                text         000000
intlevel1                text         000000
intlevel2                text         000000
intlevel3                text         000000
main@fnc                 cstackCOMRAM 00004F
main@value               cstackCOMRAM 000050
printf@_val              cstackCOMRAM 000018
printf@ap                cstackCOMRAM 000015
printf@c                 cstackCOMRAM 000017
printf@f                 cstackCOMRAM 000010
printf@flag              cstackCOMRAM 000014
putch@data               cstackCOMRAM 00000F
set_CCP1@p               cstackCOMRAM 000011
set_CCP1@val             cstackCOMRAM 00000F
stackhi                  (abs)        0005FF
stacklo                  (abs)        000080
start                    init         000018
start_initialization     cinit        0005A4
strcat@cp                cstackCOMRAM 000013
strcat@from              cstackCOMRAM 000011
strcat@to                cstackCOMRAM 00000F
strcpy@cp                cstackCOMRAM 000013
strcpy@from              cstackCOMRAM 000011
strcpy@to                cstackCOMRAM 00000F


FUNCTION INFORMATION:

 *************** function _main *****************
 Defined at:
		line 202 in file "main.c"
 Parameters:    Size  Location     Type
		None
 Auto vars:     Size  Location     Type
  value           1   79[COMRAM] unsigned char 
  fnc             1   78[COMRAM] unsigned char 
  num             2    0        int 
 Return value:  Size  Location     Type
		None               void
 Registers used:
		wreg, fsr1l, fsr1h, fsr2l, fsr2h, status,2, status,0, tblptrl, tblptrh, tblptru, prodl, cstack
 Tracked objects:
		On entry : 
		On exit  : 
		Unchanged: 
 Data sizes:     COMRAM   BANK0   BANK1   BANK2   BANK3   BANK4   BANK5
      Params:         0       0       0       0       0       0       0
      Locals:         2       0       0       0       0       0       0
      Temps:          0       0       0       0       0       0       0
      Totals:         2       0       0       0       0       0       0
Total ram usage:        2 bytes
 Hardware stack levels required when called:    4
 This function calls:
		_DEVICES_set
		_SERVO_init
		_UART_available
		_UART_init
		_UART_read_byte
		_printf
 This function is called by:
		Startup code after reset
 This function uses a non-reentrant model


 *************** function _UART_read_byte *****************
 Defined at:
		line 56 in file "main.c"
 Parameters:    Size  Location     Type
		None
 Auto vars:     Size  Location     Type
  i               2   17[COMRAM] int 
  data            1   16[COMRAM] unsigned char 
 Return value:  Size  Location     Type
                  1    wreg      unsigned char 
 Registers used:
		wreg, fsr1l, fsr1h, fsr2l, fsr2h, status,2, status,0
 Tracked objects:
		On entry : 
		On exit  : 
		Unchanged: 
 Data sizes:     COMRAM   BANK0   BANK1   BANK2   BANK3   BANK4   BANK5
      Params:         0       0       0       0       0       0       0
      Locals:         3       0       0       0       0       0       0
      Temps:          2       0       0       0       0       0       0
      Totals:         5       0       0       0       0       0       0
Total ram usage:        5 bytes
 Hardware stack levels used:    1
 Hardware stack levels required when called:    1
 This function calls:
		Nothing
 This function is called by:
		_main
 This function uses a non-reentrant model


 *************** function _UART_init *****************
 Defined at:
		line 28 in file "main.c"
 Parameters:    Size  Location     Type
		None
 Auto vars:     Size  Location     Type
		None
 Return value:  Size  Location     Type
		None               void
 Registers used:
		wreg, status,2
 Tracked objects:
		On entry : 
		On exit  : 
		Unchanged: 
 Data sizes:     COMRAM   BANK0   BANK1   BANK2   BANK3   BANK4   BANK5
      Params:         0       0       0       0       0       0       0
      Locals:         0       0       0       0       0       0       0
      Temps:          0       0       0       0       0       0       0
      Totals:         0       0       0       0       0       0       0
Total ram usage:        0 bytes
 Hardware stack levels used:    1
 Hardware stack levels required when called:    1
 This function calls:
		Nothing
 This function is called by:
		_main
 This function uses a non-reentrant model


 *************** function _UART_available *****************
 Defined at:
		line 52 in file "main.c"
 Parameters:    Size  Location     Type
		None
 Auto vars:     Size  Location     Type
		None
 Return value:  Size  Location     Type
                  2   14[COMRAM] int 
 Registers used:
		None
 Tracked objects:
		On entry : 
		On exit  : 
		Unchanged: 
 Data sizes:     COMRAM   BANK0   BANK1   BANK2   BANK3   BANK4   BANK5
      Params:         2       0       0       0       0       0       0
      Locals:         0       0       0       0       0       0       0
      Temps:          0       0       0       0       0       0       0
      Totals:         2       0       0       0       0       0       0
Total ram usage:        2 bytes
 Hardware stack levels used:    1
 Hardware stack levels required when called:    1
 This function calls:
		Nothing
 This function is called by:
		_main
 This function uses a non-reentrant model


 *************** function _SERVO_init *****************
 Defined at:
		line 76 in file "main.c"
 Parameters:    Size  Location     Type
		None
 Auto vars:     Size  Location     Type
		None
 Return value:  Size  Location     Type
		None               void
 Registers used:
		wreg, fsr2l, fsr2h, status,2, status,0, cstack
 Tracked objects:
		On entry : 
		On exit  : 
		Unchanged: 
 Data sizes:     COMRAM   BANK0   BANK1   BANK2   BANK3   BANK4   BANK5
      Params:         0       0       0       0       0       0       0
      Locals:         0       0       0       0       0       0       0
      Temps:          0       0       0       0       0       0       0
      Totals:         0       0       0       0       0       0       0
Total ram usage:        0 bytes
 Hardware stack levels used:    1
 Hardware stack levels required when called:    2
 This function calls:
		_set_CCP1
 This function is called by:
		_main
 This function uses a non-reentrant model


 *************** function _DEVICES_set *****************
 Defined at:
		line 127 in file "main.c"
 Parameters:    Size  Location     Type
  port            2   27[COMRAM] PTR unsigned char 
		 -> PORTB(1), 
  d1              1   29[COMRAM] unsigned char 
  d2              1   30[COMRAM] unsigned char 
 Auto vars:     Size  Location     Type
  msg1           30   32[COMRAM] unsigned char [30]
  msg2           15   62[COMRAM] unsigned char [15]
  val             1   77[COMRAM] unsigned char 
 Return value:  Size  Location     Type
		None               void
 Registers used:
		wreg, fsr1l, fsr1h, fsr2l, fsr2h, status,2, status,0, tblptrl, tblptrh, tblptru, prodl, cstack
 Tracked objects:
		On entry : 
		On exit  : 
		Unchanged: 
 Data sizes:     COMRAM   BANK0   BANK1   BANK2   BANK3   BANK4   BANK5
      Params:         4       0       0       0       0       0       0
      Locals:        46       0       0       0       0       0       0
      Temps:          1       0       0       0       0       0       0
      Totals:        51       0       0       0       0       0       0
Total ram usage:       51 bytes
 Hardware stack levels used:    1
 Hardware stack levels required when called:    3
 This function calls:
		_SERVO_write
		_printf
		_strcat
		_strcpy
 This function is called by:
		_main
 This function uses a non-reentrant model


 *************** function _strcpy *****************
 Defined at:
		line 8 in file "D:\Program Files (x86)\Microchip\xc8\v1.33\sources\common\strcpy.c"
 Parameters:    Size  Location     Type
  to              2   14[COMRAM] PTR unsigned char 
		 -> DEVICES_set@msg2(15), DEVICES_set@msg1(30), 
  from            2   16[COMRAM] PTR const unsigned char 
		 -> STR_8(11), STR_6(9), STR_4(7), STR_3(7), 
		 -> STR_2(7), STR_1(7), 
 Auto vars:     Size  Location     Type
  cp              2   18[COMRAM] PTR unsigned char 
		 -> DEVICES_set@msg2(15), DEVICES_set@msg1(30), 
 Return value:  Size  Location     Type
                  2   14[COMRAM] PTR unsigned char 
 Registers used:
		wreg, fsr2l, fsr2h, status,2, status,0, tblptrl, tblptrh, tblptru
 Tracked objects:
		On entry : 
		On exit  : 
		Unchanged: 
 Data sizes:     COMRAM   BANK0   BANK1   BANK2   BANK3   BANK4   BANK5
      Params:         4       0       0       0       0       0       0
      Locals:         2       0       0       0       0       0       0
      Temps:          0       0       0       0       0       0       0
      Totals:         6       0       0       0       0       0       0
Total ram usage:        6 bytes
 Hardware stack levels used:    1
 Hardware stack levels required when called:    1
 This function calls:
		Nothing
 This function is called by:
		_DEVICES_set
 This function uses a non-reentrant model


 *************** function _strcat *****************
 Defined at:
		line 8 in file "D:\Program Files (x86)\Microchip\xc8\v1.33\sources\common\strcat.c"
 Parameters:    Size  Location     Type
  to              2   14[COMRAM] PTR unsigned char 
		 -> DEVICES_set@msg1(30), 
  from            2   16[COMRAM] PTR const unsigned char 
		 -> DEVICES_set@msg2(15), 
 Auto vars:     Size  Location     Type
  cp              2   18[COMRAM] PTR unsigned char 
		 -> DEVICES_set@msg1(30), 
 Return value:  Size  Location     Type
                  2   14[COMRAM] PTR unsigned char 
 Registers used:
		wreg, fsr1l, fsr1h, fsr2l, fsr2h, status,2, status,0
 Tracked objects:
		On entry : 
		On exit  : 
		Unchanged: 
 Data sizes:     COMRAM   BANK0   BANK1   BANK2   BANK3   BANK4   BANK5
      Params:         4       0       0       0       0       0       0
      Locals:         2       0       0       0       0       0       0
      Temps:          0       0       0       0       0       0       0
      Totals:         6       0       0       0       0       0       0
Total ram usage:        6 bytes
 Hardware stack levels used:    1
 Hardware stack levels required when called:    1
 This function calls:
		Nothing
 This function is called by:
		_DEVICES_set
 This function uses a non-reentrant model


 *************** function _printf *****************
 Defined at:
		line 464 in file "D:\Program Files (x86)\Microchip\xc8\v1.33\sources\common\doprnt.c"
 Parameters:    Size  Location     Type
  f               2   15[COMRAM] PTR const unsigned char 
		 -> STR_20(60), STR_19(41), STR_18(60), STR_17(38), 
		 -> STR_16(30), STR_15(12), STR_14(12), STR_13(12), 
		 -> STR_12(12), STR_11(12), STR_10(30), STR_9(4), 
		 -> STR_7(4), STR_5(29), 
 Auto vars:     Size  Location     Type
  _val            4   23[COMRAM] struct .
  ap              2   20[COMRAM] PTR void [1]
		 -> ?_printf(2), 
  c               1   22[COMRAM] char 
  flag            1   19[COMRAM] unsigned char 
  prec            1    0        char 
 Return value:  Size  Location     Type
                  2   15[COMRAM] int 
 Registers used:
		wreg, fsr2l, fsr2h, status,2, status,0, tblptrl, tblptrh, tblptru, cstack
 Tracked objects:
		On entry : 
		On exit  : 
		Unchanged: 
 Data sizes:     COMRAM   BANK0   BANK1   BANK2   BANK3   BANK4   BANK5
      Params:         4       0       0       0       0       0       0
      Locals:         8       0       0       0       0       0       0
      Temps:          0       0       0       0       0       0       0
      Totals:        12       0       0       0       0       0       0
Total ram usage:       12 bytes
 Hardware stack levels used:    1
 Hardware stack levels required when called:    2
 This function calls:
		_putch
 This function is called by:
		_DEVICES_set
		_main
 This function uses a non-reentrant model


 *************** function _putch *****************
 Defined at:
		line 12 in file "main.c"
 Parameters:    Size  Location     Type
  data            1    wreg     unsigned char 
 Auto vars:     Size  Location     Type
  data            1   14[COMRAM] unsigned char 
 Return value:  Size  Location     Type
		None               void
 Registers used:
		wreg, status,2, status,0
 Tracked objects:
		On entry : 
		On exit  : 
		Unchanged: 
 Data sizes:     COMRAM   BANK0   BANK1   BANK2   BANK3   BANK4   BANK5
      Params:         0       0       0       0       0       0       0
      Locals:         1       0       0       0       0       0       0
      Temps:          0       0       0       0       0       0       0
      Totals:         1       0       0       0       0       0       0
Total ram usage:        1 bytes
 Hardware stack levels used:    1
 Hardware stack levels required when called:    1
 This function calls:
		Nothing
 This function is called by:
		_printf
 This function uses a non-reentrant model


 *************** function _SERVO_write *****************
 Defined at:
		line 96 in file "main.c"
 Parameters:    Size  Location     Type
  val             2   18[COMRAM] int 
 Auto vars:     Size  Location     Type
  angle           2   20[COMRAM] int 
 Return value:  Size  Location     Type
		None               void
 Registers used:
		wreg, fsr2l, fsr2h, status,2, status,0, prodl, cstack
 Tracked objects:
		On entry : 
		On exit  : 
		Unchanged: 
 Data sizes:     COMRAM   BANK0   BANK1   BANK2   BANK3   BANK4   BANK5
      Params:         2       0       0       0       0       0       0
      Locals:         2       0       0       0       0       0       0
      Temps:          0       0       0       0       0       0       0
      Totals:         4       0       0       0       0       0       0
Total ram usage:        4 bytes
 Hardware stack levels used:    1
 Hardware stack levels required when called:    2
 This function calls:
		_set_CCP1
 This function is called by:
		_DEVICES_set
 This function uses a non-reentrant model


 *************** function _set_CCP1 *****************
 Defined at:
		line 69 in file "main.c"
 Parameters:    Size  Location     Type
  val             2   14[COMRAM] int 
 Auto vars:     Size  Location     Type
  p               2   16[COMRAM] PTR unsigned char 
		 -> set_CCP1@val(2), 
 Return value:  Size  Location     Type
		None               void
 Registers used:
		wreg, fsr2l, fsr2h, status,2, status,0
 Tracked objects:
		On entry : 
		On exit  : 
		Unchanged: 
 Data sizes:     COMRAM   BANK0   BANK1   BANK2   BANK3   BANK4   BANK5
      Params:         2       0       0       0       0       0       0
      Locals:         2       0       0       0       0       0       0
      Temps:          0       0       0       0       0       0       0
      Totals:         4       0       0       0       0       0       0
Total ram usage:        4 bytes
 Hardware stack levels used:    1
 Hardware stack levels required when called:    1
 This function calls:
		Nothing
 This function is called by:
		_SERVO_init
		_SERVO_write
 This function uses a non-reentrant model


 *************** function __ISR *****************
 Defined at:
		line 105 in file "main.c"
 Parameters:    Size  Location     Type
		None
 Auto vars:     Size  Location     Type
		None
 Return value:  Size  Location     Type
		None               void
 Registers used:
		wreg, fsr2l, fsr2h, status,2, status,0
 Tracked objects:
		On entry : 
		On exit  : 
		Unchanged: 
 Data sizes:     COMRAM   BANK0   BANK1   BANK2   BANK3   BANK4   BANK5
      Params:         0       0       0       0       0       0       0
      Locals:         0       0       0       0       0       0       0
      Temps:         14       0       0       0       0       0       0
      Totals:        14       0       0       0       0       0       0
Total ram usage:       14 bytes
 Hardware stack levels used:    1
 This function calls:
		Nothing
 This function is called by:
		Interrupt level 2
 This function uses a non-reentrant model



MODULE INFORMATION

Module		Function		Class		Link	Load	Size
D:\Program Files (x86)\Microchip\xc8\v1.33\sources\common\strcat.c
		_strcat        		CODE           	0466	0000	66

D:\Program Files (x86)\Microchip\xc8\v1.33\sources\common\strcat.c estimated size: 66

D:\Program Files (x86)\Microchip\xc8\v1.33\sources\common\strcpy.c
		_strcpy        		CODE           	04E2	0000	48

D:\Program Files (x86)\Microchip\xc8\v1.33\sources\common\strcpy.c estimated size: 48

shared
		__stringdata   		MEDIUMCONST    	7E67	0000	407
		__initializatio		CODE           	05A4	0000	12

shared estimated size: 419

D:\Program Files (x86)\Microchip\xc8\v1.33\sources\common\doprnt.c
		_printf        		CODE           	0228	0000	210

D:\Program Files (x86)\Microchip\xc8\v1.33\sources\common\doprnt.c estimated size: 210

main.c
		_putch         		CODE           	053A	0000	38
		_set_CCP1      		CODE           	0560	0000	38
		_UART_init     		CODE           	0586	0000	30
		__ISR          		CODE           	0008	0000	908
		_UART_available		CODE           	05BA	0000	10
		_main          		CODE           	0394	0000	122
		_UART_read_byte		CODE           	040E	0000	88
		_SERVO_write   		CODE           	04A8	0000	58
		_DEVICES_set   		CODE           	001C	0000	524
		_SERVO_init    		CODE           	0512	0000	40

main.c estimated size: 1856

