Microchip MPLAB XC8 Compiler V1.33 ()

Linker command line:

--edf=D:\Program Files (x86)\Microchip\xc8\v1.33\dat\en_msgs.txt -cs \
  -h+dist/default/production\Projeto_RFID_3.X.production.sym \
  --cmf=dist/default/production\Projeto_RFID_3.X.production.cmf -z \
  -Q16F628A -oC:\Users\Yure\AppData\Local\Temp\s1mc.6 \
  -Mdist/default/production/Projeto_RFID_3.X.production.map -E1 -ver=XC8 \
  -ASTACK=0A0h-0efh -pstack=STACK -ACONST=00h-0FFhx8 -ACODE=00h-07FFh \
  -ASTRCODE=00h-07FFh -AENTRY=00h-0FFhx8 -ASTRING=00h-0FFhx8 \
  -ACOMMON=070h-07Fh -ABANK0=020h-06Fh -ABANK1=0A0h-0EFh \
  -ABANK2=0120h-014Fh -ARAM=020h-06Fh,0A0h-0EFh,0120h-014Fh \
  -AABS1=020h-07Fh,0A0h-0EFh,0120h-014Fh -ASFR0=00h-01Fh -ASFR1=080h-09Fh \
  -ASFR2=0100h-011Fh -ASFR3=0180h-01EFh \
  -preset_vec=00h,intentry=04h,init,end_init -ppowerup=CODE -pcinit=CODE \
  -pfunctab=CODE -ACONFIG=02007h-02007h -pconfig=CONFIG -DCONFIG=2 \
  -AIDLOC=02000h-02003h -pidloc=IDLOC -DIDLOC=2 -AEEDATA=00h-07Fh/02100h \
  -peeprom_data=EEDATA -DEEDATA=2 -DCODE=2 -DSTRCODE=2 -DSTRING=2 -DCONST=2 \
  -DENTRY=2 -k C:\Users\Yure\AppData\Local\Temp\s1mc.obj \
  dist/default/production\Projeto_RFID_3.X.production.obj 

Object code version is 3.11

Machine type is 16F628A



                Name                               Link     Load   Length Selector   Space Scale
C:\Users\Yure\AppData\Local\Temp\s1mc.obj
                end_init                             10       10        1        8       0
                reset_vec                             0        0        1        0       0
                config                             2007     2007        1     400E       0
dist/default/production\Projeto_RFID_3.X.production.obj
                cinit                                11       11        9        8       0
                intentry                              4        4        C        8       0
                text27                              71C      71C       13      906       0
                text26                              77F      77F        E      906       0
                text25                              30C      30C       8B        8       0
                text24                              708      708       14      906       0
                text23                              740      740       11      906       0
                text22                              771      771        E      906       0
                text21                              796      796        9      906       0
                text20                              78D      78D        9      906       0
                text19                              5BF      5BF       38      906       0
                text18                              761      761       10      906       0
                text17                               1A       1A      135        8       0
                text16                              483      483       5D      906       0
                text15                              6DD      6DD       16      906       0
                text14                              62D      62D       35      906       0
                text13                              751      751       10      906       0
                text12                              6BD      6BD       20      906       0
                text11                              7AF      7AF        7      906       0
                text10                              72F      72F       11      906       0
                text9                               662      662       33      906       0
                text8                               6F3      6F3       15      906       0
                text7                               4E0      4E0       50      906       0
                text6                               57F      57F       40      906       0
                text5                               5F7      5F7       36      906       0
                text4                               7A7      7A7        8      906       0
                text3                               14F      14F       E7        8       0
                text2                               695      695       28      906       0
                text1                               530      530       4F      906       0
                maintext                            236      236       D6        8       0
                cstackBANK0                          20       20       3E       20       1
                cstackCOMMON                         70       70        7       70       1
                clrtext                             79F      79F        8      906       0
                bssBANK0                             5E       5E       10       20       1
                bssCOMMON                            77       77        2       70       1
                nvBANK0                              6E       6E        1       20       1
                strings                             400      400       83      800       0

TOTAL           Name                               Link     Load   Length     Space
        CLASS   STACK          

        CLASS   CONST          

        CLASS   CODE           
                end_init                             10       10        1         0
                cinit                                11       11        9         0
                intentry                              4        4        C         0
                reset_vec                             0        0        1         0
                text27                              71C      71C       13         0
                text26                              77F      77F        E         0
                text25                              30C      30C       8B         0
                text24                              708      708       14         0
                text23                              740      740       11         0
                text22                              771      771        E         0
                text21                              796      796        9         0
                text20                              78D      78D        9         0
                text19                              5BF      5BF       38         0
                text18                              761      761       10         0
                text17                               1A       1A      135         0
                text16                              483      483       5D         0
                text15                              6DD      6DD       16         0
                text14                              62D      62D       35         0
                text13                              751      751       10         0
                text12                              6BD      6BD       20         0
                text11                              7AF      7AF        7         0
                text10                              72F      72F       11         0
                text9                               662      662       33         0
                text8                               6F3      6F3       15         0
                text7                               4E0      4E0       50         0
                text6                               57F      57F       40         0
                text5                               5F7      5F7       36         0
                text4                               7A7      7A7        8         0
                text3                               14F      14F       E7         0
                text2                               695      695       28         0
                text1                               530      530       4F         0
                maintext                            236      236       D6         0
                clrtext                             79F      79F        8         0

        CLASS   STRCODE        

        CLASS   ENTRY          

        CLASS   STRING         
                strings                             400      400       83         0

        CLASS   COMMON         
                cstackCOMMON                         70       70        7         1
                bssCOMMON                            77       77        2         1

        CLASS   BANK0          
                cstackBANK0                          20       20       3E         1
                bssBANK0                             5E       5E       10         1
                nvBANK0                              6E       6E        1         1

        CLASS   BANK1          

        CLASS   BANK2          

        CLASS   RAM            

        CLASS   ABS1           
                abs_s1                               7E       7E        2         1

        CLASS   SFR0           

        CLASS   SFR1           

        CLASS   SFR2           

        CLASS   SFR3           

        CLASS   CONFIG         
                config                             2007     2007        1         0

        CLASS   IDLOC          

        CLASS   EEDATA         

        CLASS   BANK3          



SEGMENTS        Name                           Load    Length   Top    Selector   Space  Class     Delta

                reset_vec                      000000  000001  000001         0       0  CODE        2
                intentry                       000004  000393  000397         8       0  CODE        2
                cstackBANK0                    000020  00004F  00006F        20       1  BANK0       1
                cstackCOMMON                   000070  000009  000079        70       1  COMMON      1
                strings                        000400  000083  000483       800       0  STRING      2
                text16                         000483  000333  0007B6       906       0  CODE        2
                config                         002007  000001  002008      400E       0  CONFIG      2


UNUSED ADDRESS RANGES

        Name                Unused          Largest block    Delta
        BANK0            006F-006F              1           1
        BANK1            00A0-00EF             50           1
        BANK2            0120-014F             30           1
        CODE             0001-0003              3           2
                         0397-03FF             69
                         07B6-07FF             4A
        COMMON           0079-007D              5           1
        CONST            0001-0003              3           2
                         0397-03FF             69
                         07B6-07FF             4A
        EEDATA           2100-217F             80           2
        ENTRY            0001-0003              3           2
                         0397-03FF             69
                         07B6-07FF             4A
        IDLOC            2000-2003              4           2
        RAM              006F-006F              1           1
                         00A0-00EF             50
                         0120-014F             30
        SFR0             0000-001F             20           1
        SFR1             0080-009F             20           1
        SFR2             0100-011F             20           1
        SFR3             0180-01EF             70           1
        STACK            00A0-00EF             50           1
        STRCODE          0001-0003              3           2
                         0397-03FF             69
                         07B6-07FF             4A
        STRING           0001-0003              3           2
                         0397-03FF             69
                         07B6-07FF             4A

                                  Symbol Table

?_UART_available                 cstackCOMMON 0075
?___lwdiv                        cstackBANK0  0020
?___lwmod                        cstackBANK0  0027
?_printf                         cstackBANK0  002C
MFRC522_AntiColl@_status         cstackBANK0  0049
MFRC522_AntiColl@i               cstackBANK0  004A
MFRC522_AntiColl@serNum          cstackBANK0  004B
MFRC522_AntiColl@serNumCheck     cstackBANK0  0046
MFRC522_AntiColl@unLen           cstackBANK0  0047
MFRC522_Clear_Bit@addr           cstackBANK0  002E
MFRC522_Clear_Bit@mask           cstackBANK0  002B
MFRC522_Rd@addr                  cstackBANK0  0026
MFRC522_Rd@value                 cstackBANK0  0027
MFRC522_ReadCardSerial@_status   cstackBANK0  004D
MFRC522_ReadCardSerial@str       cstackBANK0  004E
MFRC522_Request@TagType          cstackBANK0  0041
MFRC522_Request@_status          cstackBANK0  0047
MFRC522_Request@backBits         cstackBANK0  0048
MFRC522_Request@reqMode          cstackBANK0  0046
MFRC522_Set_Bit@addr             cstackBANK0  002D
MFRC522_Set_Bit@mask             cstackBANK0  002B
MFRC522_ToCard@_status           cstackBANK0  003A
MFRC522_ToCard@backData          cstackBANK0  0031
MFRC522_ToCard@backLen           cstackBANK0  0032
MFRC522_ToCard@command           cstackBANK0  003D
MFRC522_ToCard@i                 cstackBANK0  003E
MFRC522_ToCard@irqEn             cstackBANK0  003C
MFRC522_ToCard@lastBits          cstackBANK0  003B
MFRC522_ToCard@n                 cstackBANK0  0040
MFRC522_ToCard@sendData          cstackBANK0  002F
MFRC522_ToCard@sendLen           cstackBANK0  0030
MFRC522_ToCard@waitIRq           cstackBANK0  0039
MFRC522_Wr@addr                  cstackBANK0  002A
MFRC522_Wr@value                 cstackBANK0  0028
MFRC522_isCard@TagType           cstackBANK0  004B
SPI_init@mode                    cstackCOMMON 0076
SPI_transfer@byte                cstackBANK0  0025
SPI_transfer@data                cstackBANK0  0020
SPI_transfer@i                   cstackBANK0  0021
SPI_transfer@i_224               cstackBANK0  0023
UART_read_byte@data              cstackBANK0  0020
UART_read_byte@i                 cstackBANK0  0021
_CARRY                           (abs)        0018
_EEADR                           (abs)        009B
_EECON1                          (abs)        009C
_EECON2                          (abs)        009D
_EEDATA                          (abs)        009A
_GIE                             (abs)        005F
_MFRC522_AntennaOn               text21       0796
_MFRC522_AntiColl                text16       0483
_MFRC522_Clear_Bit               text18       0761
_MFRC522_Init                    text19       05BF
_MFRC522_Rd                      text24       0708
_MFRC522_ReadCardSerial          text15       06DD
_MFRC522_Request                 text14       062D
_MFRC522_Reset                   text20       078D
_MFRC522_Set_Bit                 text22       0771
_MFRC522_ToCard                  text17       001A
_MFRC522_Wr                      text23       0740
_MFRC522_isCard                  text13       0751
_PORTAbits                       (abs)        0005
_PORTB                           (abs)        0006
_PORTBbits                       (abs)        0006
_RCIF                            (abs)        0065
_RCREG                           (abs)        001A
_RCSTAbits                       (abs)        0018
_RD                              (abs)        04E0
_SPBRG                           (abs)        0099
_SPI_init                        text12       06BD
_SPI_transfer                    text25       030C
_TRISAbits                       (abs)        0085
_TRISB                           (abs)        0086
_TRISBbits                       (abs)        0086
_TXIF                            (abs)        0064
_TXREG                           (abs)        0019
_TXSTAbits                       (abs)        0098
_UART_available                  text11       07AF
_UART_init                       text10       072F
_UART_read_byte                  text9        0662
_WR                              (abs)        04E1
_WREN                            (abs)        04E2
__CFG_BOREN$OFF                  (abs)        0000
__CFG_CP$OFF                     (abs)        0000
__CFG_CPD$OFF                    (abs)        0000
__CFG_FOSC$HS                    (abs)        0000
__CFG_LVP$OFF                    (abs)        0000
__CFG_MCLRE$ON                   (abs)        0000
__CFG_PWRTE$OFF                  (abs)        0000
__CFG_WDTE$OFF                   (abs)        0000
__Habs1                          abs1         0000
__Hbank0                         bank0        0000
__Hbank1                         bank1        0000
__Hbank2                         bank2        0000
__Hbank3                         bank3        0000
__HbssBANK0                      bssBANK0     0000
__HbssCOMMON                     bssCOMMON    0000
__Hcinit                         cinit        001A
__Hclrtext                       clrtext      0000
__Hcode                          code         0000
__Hcommon                        common       0000
__Hconfig                        config       2008
__HcstackBANK0                   cstackBANK0  0000
__HcstackCOMMON                  cstackCOMMON 0000
__Heeprom_data                   eeprom_data  0000
__Hend_init                      end_init     0011
__Hfunctab                       functab      0000
__Hidloc                         idloc        0000
__Hinit                          init         0010
__Hintentry                      intentry     0010
__Hmaintext                      maintext     0000
__HnvBANK0                       nvBANK0      0000
__Hpowerup                       powerup      0000
__Hram                           ram          0000
__Hreset_vec                     reset_vec    0001
__Hsfr0                          sfr0         0000
__Hsfr1                          sfr1         0000
__Hsfr2                          sfr2         0000
__Hsfr3                          sfr3         0000
__Hspace_0                       (abs)        2008
__Hspace_1                       (abs)        0079
__Hspace_2                       (abs)        0000
__Hspace_3                       (abs)        0000
__Hstack                         stack        0000
__Hstrings                       strings      0000
__Htext                          text         0000
__ISR                            text26       077F
__ISR_UART                       text27       071C
__Labs1                          abs1         0000
__Lbank0                         bank0        0000
__Lbank1                         bank1        0000
__Lbank2                         bank2        0000
__Lbank3                         bank3        0000
__LbssBANK0                      bssBANK0     0000
__LbssCOMMON                     bssCOMMON    0000
__Lcinit                         cinit        0011
__Lclrtext                       clrtext      0000
__Lcode                          code         0000
__Lcommon                        common       0000
__Lconfig                        config       2007
__LcstackBANK0                   cstackBANK0  0000
__LcstackCOMMON                  cstackCOMMON 0000
__Leeprom_data                   eeprom_data  0000
__Lend_init                      end_init     0010
__Lfunctab                       functab      0000
__Lidloc                         idloc        0000
__Linit                          init         0010
__Lintentry                      intentry     0004
__Lmaintext                      maintext     0000
__LnvBANK0                       nvBANK0      0000
__Lpowerup                       powerup      0000
__Lram                           ram          0000
__Lreset_vec                     reset_vec    0000
__Lsfr0                          sfr0         0000
__Lsfr1                          sfr1         0000
__Lsfr2                          sfr2         0000
__Lsfr3                          sfr3         0000
__Lspace_0                       (abs)        0000
__Lspace_1                       (abs)        0000
__Lspace_2                       (abs)        0000
__Lspace_3                       (abs)        0000
__Lstack                         stack        0000
__Lstrings                       strings      0000
__Ltext                          text         0000
__S0                             (abs)        2008
__S1                             (abs)        0079
__S2                             (abs)        0000
__S3                             (abs)        0000
___int_sp                        stack        0000
___latbits                       (abs)        0000
___lwdiv                         text6        057F
___lwdiv@counter                 cstackBANK0  0024
___lwdiv@dividend                cstackBANK0  0022
___lwdiv@divisor                 cstackBANK0  0020
___lwdiv@quotient                cstackBANK0  0025
___lwmod                         text5        05F7
___lwmod@counter                 cstackBANK0  002B
___lwmod@dividend                cstackBANK0  0029
___lwmod@divisor                 cstackBANK0  0027
___sp                            stack        0000
__end_of_MFRC522_AntennaOn       text21       079F
__end_of_MFRC522_AntiColl        text16       04E0
__end_of_MFRC522_Clear_Bit       text18       0771
__end_of_MFRC522_Init            text19       05F7
__end_of_MFRC522_Rd              text24       071C
__end_of_MFRC522_ReadCardSerial  text15       06F3
__end_of_MFRC522_Request         text14       0662
__end_of_MFRC522_Reset           text20       0796
__end_of_MFRC522_Set_Bit         text22       077F
__end_of_MFRC522_ToCard          text17       014F
__end_of_MFRC522_Wr              text23       0751
__end_of_MFRC522_isCard          text13       0761
__end_of_SPI_init                text12       06DD
__end_of_SPI_transfer            text25       0397
__end_of_UART_available          text11       07B6
__end_of_UART_init               text10       0740
__end_of_UART_read_byte          text9        0695
__end_of__ISR                    text26       078D
__end_of__ISR_UART               text27       072F
__end_of___lwdiv                 text6        05BF
__end_of___lwmod                 text5        062D
__end_of__initialization         cinit        0018
__end_of__stringdata             strings      0483
__end_of__stringtab              strings      0406
__end_of_compare_card            text7        0530
__end_of_dpowers                 strings      0410
__end_of_eeprom_read             text8        0708
__end_of_eeprom_write            text2        06BD
__end_of_hexpowers               strings      0418
__end_of_main                    maintext     030C
__end_of_printf                  text3        0236
__end_of_putch                   text4        07AF
__end_of_record_card             text1        057F
__initialization                 cinit        0011
__mode                           nvBANK0      006E
__pbssBANK0                      bssBANK0     005E
__pbssCOMMON                     bssCOMMON    0077
__pcstackBANK0                   cstackBANK0  0020
__pcstackCOMMON                  cstackCOMMON 0070
__pintentry                      intentry     0004
__pmaintext                      maintext     0236
__pnvBANK0                       nvBANK0      006E
__pstrings                       strings      0400
__ptext1                         text1        0530
__ptext10                        text10       072F
__ptext11                        text11       07AF
__ptext12                        text12       06BD
__ptext13                        text13       0751
__ptext14                        text14       062D
__ptext15                        text15       06DD
__ptext16                        text16       0483
__ptext17                        text17       001A
__ptext18                        text18       0761
__ptext19                        text19       05BF
__ptext2                         text2        0695
__ptext20                        text20       078D
__ptext21                        text21       0796
__ptext22                        text22       0771
__ptext23                        text23       0740
__ptext24                        text24       0708
__ptext25                        text25       030C
__ptext26                        text26       077F
__ptext27                        text27       071C
__ptext3                         text3        014F
__ptext4                         text4        07A7
__ptext5                         text5        05F7
__ptext6                         text6        057F
__ptext7                         text7        04E0
__ptext8                         text8        06F3
__ptext9                         text9        0662
__size_of_MFRC522_AntennaOn      (abs)        0000
__size_of_MFRC522_AntiColl       (abs)        0000
__size_of_MFRC522_Clear_Bit      (abs)        0000
__size_of_MFRC522_Init           (abs)        0000
__size_of_MFRC522_Rd             (abs)        0000
__size_of_MFRC522_ReadCardSerial (abs)        0000
__size_of_MFRC522_Request        (abs)        0000
__size_of_MFRC522_Reset          (abs)        0000
__size_of_MFRC522_Set_Bit        (abs)        0000
__size_of_MFRC522_ToCard         (abs)        0000
__size_of_MFRC522_Wr             (abs)        0000
__size_of_MFRC522_isCard         (abs)        0000
__size_of_SPI_init               (abs)        0000
__size_of_SPI_transfer           (abs)        0000
__size_of_UART_available         (abs)        0000
__size_of_UART_init              (abs)        0000
__size_of_UART_read_byte         (abs)        0000
__size_of__ISR                   (abs)        0000
__size_of__ISR_UART              (abs)        0000
__size_of___lwdiv                (abs)        0000
__size_of___lwmod                (abs)        0000
__size_of_compare_card           (abs)        0000
__size_of_eeprom_read            (abs)        0000
__size_of_eeprom_write           (abs)        0000
__size_of_main                   (abs)        0000
__size_of_printf                 (abs)        0000
__size_of_putch                  (abs)        0000
__size_of_record_card            (abs)        0000
__stringbase                     strings      0405
__stringdata                     strings      0418
__stringtab                      strings      0400
_buffer                          bssBANK0     005E
_compare_card                    text7        04E0
_count                           bssCOMMON    0077
_dpowers                         strings      0406
_eeprom_read                     text8        06F3
_eeprom_write                    text2        0695
_hexpowers                       strings      0410
_main                            maintext     0236
_printf                          text3        014F
_putch                           text4        07A7
_record_card                     text1        0530
btemp                            (abs)        007E
clear_ram0                       clrtext      079F
compare_card@card                cstackBANK0  0022
compare_card@i                   cstackBANK0  0023
compare_card@index               cstackBANK0  0021
eeprom_read@addr                 cstackCOMMON 0076
eeprom_write@addr                cstackBANK0  0020
eeprom_write@value               cstackCOMMON 0075
end_of_initialization            cinit        0018
interrupt_function               intentry     0004
intlevel0                        functab      0000
intlevel1                        functab      0000
intlevel2                        functab      0000
intlevel3                        functab      0000
intlevel4                        functab      0000
intlevel5                        functab      0000
ltemp                            (abs)        007E
ltemp0                           (abs)        007E
ltemp1                           (abs)        0082
ltemp2                           (abs)        0086
ltemp3                           (abs)        0080
main@TagType                     cstackBANK0  005D
main@UID                         cstackBANK0  0053
main@data                        cstackBANK0  0052
main@i                           cstackBANK0  0059
main@i_369                       cstackBANK0  005B
printf@_val                      cstackBANK0  0035
printf@ap                        cstackBANK0  0032
printf@c                         cstackBANK0  003A
printf@f                         cstackBANK0  0039
printf@flag                      cstackBANK0  0033
printf@idx                       cstackBANK0  0031
printf@prec                      cstackBANK0  0034
putch@data                       cstackCOMMON 0075
record_card@card                 cstackBANK0  0022
record_card@index                cstackBANK0  0023
reset_vec                        reset_vec    0000
saved_w                          (abs)        007E
stackhi                          (abs)        0000
stacklo                          (abs)        0000
start                            init         0010
start_initialization             cinit        0011
ttemp                            (abs)        007E
ttemp0                           (abs)        007E
ttemp1                           (abs)        0081
ttemp2                           (abs)        0084
ttemp3                           (abs)        0087
ttemp4                           (abs)        007F
wtemp                            (abs)        007E
wtemp0                           (abs)        007E
wtemp1                           (abs)        0080
wtemp2                           (abs)        0082
wtemp3                           (abs)        0084
wtemp4                           (abs)        0086
wtemp5                           (abs)        0088
wtemp6                           (abs)        007F


FUNCTION INFORMATION:

 *************** function _main *****************
 Defined at:
		line 558 in file "main.c"
 Parameters:    Size  Location     Type
		None
 Auto vars:     Size  Location     Type
  i               2   59[BANK0 ] int 
  data            1   50[BANK0 ] unsigned char 
  i               2   57[BANK0 ] int 
  UID             6   51[BANK0 ] unsigned char [6]
  TagType         1   61[BANK0 ] unsigned char 
  size            1    0        unsigned char 
 Return value:  Size  Location     Type
		None               void
 Registers used:
		wreg, fsr0l, fsr0h, status,2, status,0, btemp+1, pclath, cstack
 Tracked objects:
		On entry : 
		On exit  : 
		Unchanged: 
 Data sizes:     COMMON   BANK0   BANK1   BANK2
      Params:         0       0       0       0
      Locals:         0      12       0       0
      Temps:          0       3       0       0
      Totals:         0      15       0       0
Total ram usage:       15 bytes
 Hardware stack levels required when called:    8
 This function calls:
		_MFRC522_Init
		_MFRC522_ReadCardSerial
		_MFRC522_isCard
		_SPI_init
		_UART_available
		_UART_init
		_UART_read_byte
		_compare_card
		_printf
		_record_card
 This function is called by:
		Startup code after reset
 This function uses a non-reentrant model


 *************** function _record_card *****************
 Defined at:
		line 532 in file "main.c"
 Parameters:    Size  Location     Type
  card            1    wreg     PTR unsigned char 
		 -> main@UID(6), 
 Auto vars:     Size  Location     Type
  card            1    2[BANK0 ] PTR unsigned char 
		 -> main@UID(6), 
  index           1    3[BANK0 ] unsigned char 
 Return value:  Size  Location     Type
		None               void
 Registers used:
		wreg, fsr0l, fsr0h, status,2, status,0, pclath, cstack
 Tracked objects:
		On entry : 
		On exit  : 
		Unchanged: 
 Data sizes:     COMMON   BANK0   BANK1   BANK2
      Params:         0       0       0       0
      Locals:         0       2       0       0
      Temps:          0       1       0       0
      Totals:         0       3       0       0
Total ram usage:        3 bytes
 Hardware stack levels used:    1
 Hardware stack levels required when called:    3
 This function calls:
		_eeprom_read
		_eeprom_write
 This function is called by:
		_main
 This function uses a non-reentrant model


 *************** function _eeprom_write *****************
 Defined at:
		line 6 in file "D:\Program Files (x86)\Microchip\xc8\v1.33\sources\pic\eewrite.c"
 Parameters:    Size  Location     Type
  addr            1    wreg     unsigned char 
  value           1    5[COMMON] unsigned char 
 Auto vars:     Size  Location     Type
  addr            1    0[BANK0 ] unsigned char 
 Return value:  Size  Location     Type
		None               void
 Registers used:
		wreg, status,2, status,0
 Tracked objects:
		On entry : 
		On exit  : 
		Unchanged: 
 Data sizes:     COMMON   BANK0   BANK1   BANK2
      Params:         1       0       0       0
      Locals:         0       1       0       0
      Temps:          1       0       0       0
      Totals:         2       1       0       0
Total ram usage:        3 bytes
 Hardware stack levels used:    1
 Hardware stack levels required when called:    2
 This function calls:
		Nothing
 This function is called by:
		_record_card
		_clear_reg_cards
 This function uses a non-reentrant model


 *************** function _printf *****************
 Defined at:
		line 464 in file "D:\Program Files (x86)\Microchip\xc8\v1.33\sources\common\doprnt.c"
 Parameters:    Size  Location     Type
  f               1    wreg     PTR const unsigned char 
		 -> STR_7(20), STR_6(22), STR_5(3), STR_4(4), 
		 -> STR_3(9), STR_2(18), STR_1(17), 
 Auto vars:     Size  Location     Type
  f               1   25[BANK0 ] PTR const unsigned char 
		 -> STR_7(20), STR_6(22), STR_5(3), STR_4(4), 
		 -> STR_3(9), STR_2(18), STR_1(17), 
  idx             1   17[BANK0 ] unsigned char 
  _val            4   21[BANK0 ] struct .
  c               1   26[BANK0 ] char 
  prec            1   20[BANK0 ] char 
  flag            1   19[BANK0 ] unsigned char 
  ap              1   18[BANK0 ] PTR void [1]
		 -> ?_printf(2), 
 Return value:  Size  Location     Type
                  2   12[BANK0 ] int 
 Registers used:
		wreg, fsr0l, fsr0h, status,2, status,0, btemp+1, pclath, cstack
 Tracked objects:
		On entry : 
		On exit  : 
		Unchanged: 
 Data sizes:     COMMON   BANK0   BANK1   BANK2
      Params:         0       2       0       0
      Locals:         0      10       0       0
      Temps:          0       3       0       0
      Totals:         0      15       0       0
Total ram usage:       15 bytes
 Hardware stack levels used:    1
 Hardware stack levels required when called:    3
 This function calls:
		___lwdiv
		___lwmod
		_putch
 This function is called by:
		_main
 This function uses a non-reentrant model


 *************** function _putch *****************
 Defined at:
		line 8 in file "UART.c"
 Parameters:    Size  Location     Type
  data            1    wreg     unsigned char 
 Auto vars:     Size  Location     Type
  data            1    5[COMMON] unsigned char 
 Return value:  Size  Location     Type
		None               void
 Registers used:
		wreg
 Tracked objects:
		On entry : 
		On exit  : 
		Unchanged: 
 Data sizes:     COMMON   BANK0   BANK1   BANK2
      Params:         0       0       0       0
      Locals:         1       0       0       0
      Temps:          0       0       0       0
      Totals:         1       0       0       0
Total ram usage:        1 bytes
 Hardware stack levels used:    1
 Hardware stack levels required when called:    2
 This function calls:
		Nothing
 This function is called by:
		_printf
 This function uses a non-reentrant model


 *************** function ___lwmod *****************
 Defined at:
		line 6 in file "D:\Program Files (x86)\Microchip\xc8\v1.33\sources\common\lwmod.c"
 Parameters:    Size  Location     Type
  divisor         2    7[BANK0 ] unsigned int 
  dividend        2    9[BANK0 ] unsigned int 
 Auto vars:     Size  Location     Type
  counter         1   11[BANK0 ] unsigned char 
 Return value:  Size  Location     Type
                  2    7[BANK0 ] unsigned int 
 Registers used:
		wreg, status,2, status,0
 Tracked objects:
		On entry : 
		On exit  : 
		Unchanged: 
 Data sizes:     COMMON   BANK0   BANK1   BANK2
      Params:         0       4       0       0
      Locals:         0       1       0       0
      Temps:          1       0       0       0
      Totals:         1       5       0       0
Total ram usage:        6 bytes
 Hardware stack levels used:    1
 Hardware stack levels required when called:    2
 This function calls:
		Nothing
 This function is called by:
		_printf
 This function uses a non-reentrant model


 *************** function ___lwdiv *****************
 Defined at:
		line 6 in file "D:\Program Files (x86)\Microchip\xc8\v1.33\sources\common\lwdiv.c"
 Parameters:    Size  Location     Type
  divisor         2    0[BANK0 ] unsigned int 
  dividend        2    2[BANK0 ] unsigned int 
 Auto vars:     Size  Location     Type
  quotient        2    5[BANK0 ] unsigned int 
  counter         1    4[BANK0 ] unsigned char 
 Return value:  Size  Location     Type
                  2    0[BANK0 ] unsigned int 
 Registers used:
		wreg, status,2, status,0
 Tracked objects:
		On entry : 
		On exit  : 
		Unchanged: 
 Data sizes:     COMMON   BANK0   BANK1   BANK2
      Params:         0       4       0       0
      Locals:         0       3       0       0
      Temps:          1       0       0       0
      Totals:         1       7       0       0
Total ram usage:        8 bytes
 Hardware stack levels used:    1
 Hardware stack levels required when called:    2
 This function calls:
		Nothing
 This function is called by:
		_printf
 This function uses a non-reentrant model


 *************** function _compare_card *****************
 Defined at:
		line 515 in file "main.c"
 Parameters:    Size  Location     Type
  card            1    wreg     PTR unsigned char 
		 -> main@UID(6), 
 Auto vars:     Size  Location     Type
  card            1    2[BANK0 ] PTR unsigned char 
		 -> main@UID(6), 
  i               1    3[BANK0 ] unsigned char 
  index           1    1[BANK0 ] unsigned char 
 Return value:  Size  Location     Type
                  1    wreg      unsigned char 
 Registers used:
		wreg, fsr0l, fsr0h, status,2, status,0, pclath, cstack
 Tracked objects:
		On entry : 
		On exit  : 
		Unchanged: 
 Data sizes:     COMMON   BANK0   BANK1   BANK2
      Params:         0       0       0       0
      Locals:         0       3       0       0
      Temps:          0       1       0       0
      Totals:         0       4       0       0
Total ram usage:        4 bytes
 Hardware stack levels used:    1
 Hardware stack levels required when called:    3
 This function calls:
		_eeprom_read
 This function is called by:
		_main
 This function uses a non-reentrant model


 *************** function _eeprom_read *****************
 Defined at:
		line 6 in file "D:\Program Files (x86)\Microchip\xc8\v1.33\sources\pic\eeread.c"
 Parameters:    Size  Location     Type
  addr            1    wreg     unsigned char 
 Auto vars:     Size  Location     Type
  addr            1    6[COMMON] unsigned char 
 Return value:  Size  Location     Type
                  1    wreg      unsigned char 
 Registers used:
		wreg, status,2, status,0
 Tracked objects:
		On entry : 
		On exit  : 
		Unchanged: 
 Data sizes:     COMMON   BANK0   BANK1   BANK2
      Params:         0       0       0       0
      Locals:         1       0       0       0
      Temps:          1       0       0       0
      Totals:         2       0       0       0
Total ram usage:        2 bytes
 Hardware stack levels used:    1
 Hardware stack levels required when called:    2
 This function calls:
		Nothing
 This function is called by:
		_compare_card
		_record_card
 This function uses a non-reentrant model


 *************** function _UART_read_byte *****************
 Defined at:
		line 38 in file "UART.c"
 Parameters:    Size  Location     Type
		None
 Auto vars:     Size  Location     Type
  i               2    1[BANK0 ] int 
  data            1    0[BANK0 ] unsigned char 
 Return value:  Size  Location     Type
                  1    wreg      unsigned char 
 Registers used:
		wreg, fsr0l, fsr0h, status,2, status,0
 Tracked objects:
		On entry : 
		On exit  : 
		Unchanged: 
 Data sizes:     COMMON   BANK0   BANK1   BANK2
      Params:         0       0       0       0
      Locals:         0       3       0       0
      Temps:          1       0       0       0
      Totals:         1       3       0       0
Total ram usage:        4 bytes
 Hardware stack levels used:    1
 Hardware stack levels required when called:    2
 This function calls:
		Nothing
 This function is called by:
		_main
 This function uses a non-reentrant model


 *************** function _UART_init *****************
 Defined at:
		line 14 in file "UART.c"
 Parameters:    Size  Location     Type
		None
 Auto vars:     Size  Location     Type
		None
 Return value:  Size  Location     Type
		None               void
 Registers used:
		wreg
 Tracked objects:
		On entry : 
		On exit  : 
		Unchanged: 
 Data sizes:     COMMON   BANK0   BANK1   BANK2
      Params:         0       0       0       0
      Locals:         0       0       0       0
      Temps:          0       0       0       0
      Totals:         0       0       0       0
Total ram usage:        0 bytes
 Hardware stack levels used:    1
 Hardware stack levels required when called:    2
 This function calls:
		Nothing
 This function is called by:
		_main
 This function uses a non-reentrant model


 *************** function _UART_available *****************
 Defined at:
		line 34 in file "UART.c"
 Parameters:    Size  Location     Type
		None
 Auto vars:     Size  Location     Type
		None
 Return value:  Size  Location     Type
                  2    5[COMMON] int 
 Registers used:
		wreg, status,2, status,0
 Tracked objects:
		On entry : 
		On exit  : 
		Unchanged: 
 Data sizes:     COMMON   BANK0   BANK1   BANK2
      Params:         2       0       0       0
      Locals:         0       0       0       0
      Temps:          0       0       0       0
      Totals:         2       0       0       0
Total ram usage:        2 bytes
 Hardware stack levels used:    1
 Hardware stack levels required when called:    2
 This function calls:
		Nothing
 This function is called by:
		_main
 This function uses a non-reentrant model


 *************** function _SPI_init *****************
 Defined at:
		line 32 in file "SPI.c"
 Parameters:    Size  Location     Type
  mode            1    wreg     unsigned char 
 Auto vars:     Size  Location     Type
  mode            1    6[COMMON] unsigned char 
 Return value:  Size  Location     Type
		None               void
 Registers used:
		wreg, status,2, status,0
 Tracked objects:
		On entry : 
		On exit  : 
		Unchanged: 
 Data sizes:     COMMON   BANK0   BANK1   BANK2
      Params:         0       0       0       0
      Locals:         1       0       0       0
      Temps:          1       0       0       0
      Totals:         2       0       0       0
Total ram usage:        2 bytes
 Hardware stack levels used:    1
 Hardware stack levels required when called:    2
 This function calls:
		Nothing
 This function is called by:
		_main
 This function uses a non-reentrant model


 *************** function _MFRC522_isCard *****************
 Defined at:
		line 475 in file "main.c"
 Parameters:    Size  Location     Type
  TagType         1    wreg     PTR unsigned char 
		 -> main@TagType(1), 
 Auto vars:     Size  Location     Type
  TagType         1   43[BANK0 ] PTR unsigned char 
		 -> main@TagType(1), 
 Return value:  Size  Location     Type
                  1    wreg      unsigned char 
 Registers used:
		wreg, fsr0l, fsr0h, status,2, status,0, btemp+1, pclath, cstack
 Tracked objects:
		On entry : 
		On exit  : 
		Unchanged: 
 Data sizes:     COMMON   BANK0   BANK1   BANK2
      Params:         0       0       0       0
      Locals:         0       1       0       0
      Temps:          0       1       0       0
      Totals:         0       2       0       0
Total ram usage:        2 bytes
 Hardware stack levels used:    1
 Hardware stack levels required when called:    7
 This function calls:
		_MFRC522_Request
 This function is called by:
		_main
 This function uses a non-reentrant model


 *************** function _MFRC522_Request *****************
 Defined at:
		line 285 in file "main.c"
 Parameters:    Size  Location     Type
  reqMode         1    wreg     unsigned char 
  TagType         1   33[BANK0 ] PTR unsigned char 
		 -> main@TagType(1), 
 Auto vars:     Size  Location     Type
  reqMode         1   38[BANK0 ] unsigned char 
  backBits        2   40[BANK0 ] unsigned int 
  _status         1   39[BANK0 ] unsigned char 
 Return value:  Size  Location     Type
                  1    wreg      unsigned char 
 Registers used:
		wreg, fsr0l, fsr0h, status,2, status,0, btemp+1, pclath, cstack
 Tracked objects:
		On entry : 
		On exit  : 
		Unchanged: 
 Data sizes:     COMMON   BANK0   BANK1   BANK2
      Params:         0       1       0       0
      Locals:         0       4       0       0
      Temps:          0       4       0       0
      Totals:         0       9       0       0
Total ram usage:        9 bytes
 Hardware stack levels used:    1
 Hardware stack levels required when called:    6
 This function calls:
		_MFRC522_ToCard
		_MFRC522_Wr
 This function is called by:
		_MFRC522_isCard
 This function uses a non-reentrant model


 *************** function _MFRC522_ReadCardSerial *****************
 Defined at:
		line 482 in file "main.c"
 Parameters:    Size  Location     Type
  str             1    wreg     PTR unsigned char 
		 -> main@UID(6), 
 Auto vars:     Size  Location     Type
  str             1   46[BANK0 ] PTR unsigned char 
		 -> main@UID(6), 
  _status         1   45[BANK0 ] unsigned char 
 Return value:  Size  Location     Type
                  1    wreg      unsigned char 
 Registers used:
		wreg, fsr0l, fsr0h, status,2, status,0, btemp+1, pclath, cstack
 Tracked objects:
		On entry : 
		On exit  : 
		Unchanged: 
 Data sizes:     COMMON   BANK0   BANK1   BANK2
      Params:         0       0       0       0
      Locals:         0       2       0       0
      Temps:          0       1       0       0
      Totals:         0       3       0       0
Total ram usage:        3 bytes
 Hardware stack levels used:    1
 Hardware stack levels required when called:    7
 This function calls:
		_MFRC522_AntiColl
 This function is called by:
		_main
 This function uses a non-reentrant model


 *************** function _MFRC522_AntiColl *****************
 Defined at:
		line 445 in file "main.c"
 Parameters:    Size  Location     Type
  serNum          1    wreg     PTR unsigned char 
		 -> main@UID(6), 
 Auto vars:     Size  Location     Type
  serNum          1   43[BANK0 ] PTR unsigned char 
		 -> main@UID(6), 
  unLen           2   39[BANK0 ] unsigned int 
  i               1   42[BANK0 ] unsigned char 
  _status         1   41[BANK0 ] unsigned char 
  serNumCheck     1   38[BANK0 ] unsigned char 
 Return value:  Size  Location     Type
                  1    wreg      unsigned char 
 Registers used:
		wreg, fsr0l, fsr0h, status,2, status,0, btemp+1, pclath, cstack
 Tracked objects:
		On entry : 
		On exit  : 
		Unchanged: 
 Data sizes:     COMMON   BANK0   BANK1   BANK2
      Params:         0       0       0       0
      Locals:         0       6       0       0
      Temps:          0       5       0       0
      Totals:         0      11       0       0
Total ram usage:       11 bytes
 Hardware stack levels used:    1
 Hardware stack levels required when called:    6
 This function calls:
		_MFRC522_Clear_Bit
		_MFRC522_ToCard
		_MFRC522_Wr
 This function is called by:
		_MFRC522_ReadCardSerial
 This function uses a non-reentrant model


 *************** function _MFRC522_ToCard *****************
 Defined at:
		line 182 in file "main.c"
 Parameters:    Size  Location     Type
  command         1    wreg     unsigned char 
  sendData        1   15[BANK0 ] PTR unsigned char 
		 -> main@TagType(1), main@UID(6), MFRC522_Write@buff(18), MFRC522_Auth@buff(12), 
		 -> MFRC522_Halt@buff(4), MFRC522_SelectTag@buffer(9), 
  sendLen         1   16[BANK0 ] unsigned char 
  backData        1   17[BANK0 ] PTR unsigned char 
		 -> main@TagType(1), main@UID(6), MFRC522_Write@buff(18), MFRC522_Auth@buff(12), 
		 -> MFRC522_Halt@buff(4), MFRC522_SelectTag@buffer(9), 
  backLen         1   18[BANK0 ] PTR unsigned int 
		 -> MFRC522_AntiColl@unLen(2), MFRC522_Read@unLen(2), MFRC522_Write@recvBits(2), MFRC522_Auth@recvBits(2), 
		 -> MFRC522_Halt@unLen(2), MFRC522_SelectTag@recvBits(2), MFRC522_Request@backBits(2), 
 Auto vars:     Size  Location     Type
  command         1   29[BANK0 ] unsigned char 
  i               2   30[BANK0 ] unsigned int 
  n               1   32[BANK0 ] unsigned char 
  irqEn           1   28[BANK0 ] unsigned char 
  lastBits        1   27[BANK0 ] unsigned char 
  _status         1   26[BANK0 ] unsigned char 
  waitIRq         1   25[BANK0 ] unsigned char 
 Return value:  Size  Location     Type
                  1    wreg      unsigned char 
 Registers used:
		wreg, fsr0l, fsr0h, status,2, status,0, btemp+1, pclath, cstack
 Tracked objects:
		On entry : 
		On exit  : 
		Unchanged: 
 Data sizes:     COMMON   BANK0   BANK1   BANK2
      Params:         0       4       0       0
      Locals:         0       8       0       0
      Temps:          0       6       0       0
      Totals:         0      18       0       0
Total ram usage:       18 bytes
 Hardware stack levels used:    1
 Hardware stack levels required when called:    5
 This function calls:
		_MFRC522_Clear_Bit
		_MFRC522_Rd
		_MFRC522_Set_Bit
		_MFRC522_Wr
 This function is called by:
		_MFRC522_Request
		_MFRC522_AntiColl
		_MFRC522_SelectTag
		_MFRC522_Halt
		_MFRC522_Auth
		_MFRC522_Write
		_MFRC522_Read
 This function uses a non-reentrant model


 *************** function _MFRC522_Clear_Bit *****************
 Defined at:
		line 140 in file "main.c"
 Parameters:    Size  Location     Type
  addr            1    wreg     unsigned char 
  mask            1   11[BANK0 ] unsigned char 
 Auto vars:     Size  Location     Type
  addr            1   14[BANK0 ] unsigned char 
 Return value:  Size  Location     Type
		None               void
 Registers used:
		wreg, status,2, status,0, btemp+1, pclath, cstack
 Tracked objects:
		On entry : 
		On exit  : 
		Unchanged: 
 Data sizes:     COMMON   BANK0   BANK1   BANK2
      Params:         0       1       0       0
      Locals:         0       1       0       0
      Temps:          0       2       0       0
      Totals:         0       4       0       0
Total ram usage:        4 bytes
 Hardware stack levels used:    1
 Hardware stack levels required when called:    4
 This function calls:
		_MFRC522_Rd
		_MFRC522_Wr
 This function is called by:
		_MFRC522_ToCard
		_MFRC522_AntiColl
		_MFRC522_AntennaOff
		_MFRC522_CRC
		_MFRC522_Halt
 This function uses a non-reentrant model


 *************** function _MFRC522_Init *****************
 Defined at:
		line 160 in file "main.c"
 Parameters:    Size  Location     Type
		None
 Auto vars:     Size  Location     Type
		None
 Return value:  Size  Location     Type
		None               void
 Registers used:
		wreg, status,2, status,0, btemp+1, pclath, cstack
 Tracked objects:
		On entry : 
		On exit  : 
		Unchanged: 
 Data sizes:     COMMON   BANK0   BANK1   BANK2
      Params:         0       0       0       0
      Locals:         0       0       0       0
      Temps:          0       1       0       0
      Totals:         0       1       0       0
Total ram usage:        1 bytes
 Hardware stack levels used:    1
 Hardware stack levels required when called:    6
 This function calls:
		_MFRC522_AntennaOn
		_MFRC522_Reset
		_MFRC522_Wr
 This function is called by:
		_main
 This function uses a non-reentrant model


 *************** function _MFRC522_Reset *****************
 Defined at:
		line 148 in file "main.c"
 Parameters:    Size  Location     Type
		None
 Auto vars:     Size  Location     Type
		None
 Return value:  Size  Location     Type
		None               void
 Registers used:
		wreg, status,2, status,0, btemp+1, pclath, cstack
 Tracked objects:
		On entry : 
		On exit  : 
		Unchanged: 
 Data sizes:     COMMON   BANK0   BANK1   BANK2
      Params:         0       0       0       0
      Locals:         0       0       0       0
      Temps:          0       1       0       0
      Totals:         0       1       0       0
Total ram usage:        1 bytes
 Hardware stack levels used:    1
 Hardware stack levels required when called:    4
 This function calls:
		_MFRC522_Wr
 This function is called by:
		_MFRC522_Init
 This function uses a non-reentrant model


 *************** function _MFRC522_AntennaOn *****************
 Defined at:
		line 152 in file "main.c"
 Parameters:    Size  Location     Type
		None
 Auto vars:     Size  Location     Type
		None
 Return value:  Size  Location     Type
		None               void
 Registers used:
		wreg, status,2, status,0, btemp+1, pclath, cstack
 Tracked objects:
		On entry : 
		On exit  : 
		Unchanged: 
 Data sizes:     COMMON   BANK0   BANK1   BANK2
      Params:         0       0       0       0
      Locals:         0       0       0       0
      Temps:          0       1       0       0
      Totals:         0       1       0       0
Total ram usage:        1 bytes
 Hardware stack levels used:    1
 Hardware stack levels required when called:    5
 This function calls:
		_MFRC522_Set_Bit
 This function is called by:
		_MFRC522_Init
 This function uses a non-reentrant model


 *************** function _MFRC522_Set_Bit *****************
 Defined at:
		line 144 in file "main.c"
 Parameters:    Size  Location     Type
  addr            1    wreg     unsigned char 
  mask            1   11[BANK0 ] unsigned char 
 Auto vars:     Size  Location     Type
  addr            1   13[BANK0 ] unsigned char 
 Return value:  Size  Location     Type
		None               void
 Registers used:
		wreg, status,2, status,0, btemp+1, pclath, cstack
 Tracked objects:
		On entry : 
		On exit  : 
		Unchanged: 
 Data sizes:     COMMON   BANK0   BANK1   BANK2
      Params:         0       1       0       0
      Locals:         0       1       0       0
      Temps:          0       1       0       0
      Totals:         0       3       0       0
Total ram usage:        3 bytes
 Hardware stack levels used:    1
 Hardware stack levels required when called:    4
 This function calls:
		_MFRC522_Rd
		_MFRC522_Wr
 This function is called by:
		_MFRC522_AntennaOn
		_MFRC522_ToCard
		_MFRC522_CRC
 This function uses a non-reentrant model


 *************** function _MFRC522_Wr *****************
 Defined at:
		line 124 in file "main.c"
 Parameters:    Size  Location     Type
  addr            1    wreg     unsigned char 
  value           1    8[BANK0 ] unsigned char 
 Auto vars:     Size  Location     Type
  addr            1   10[BANK0 ] unsigned char 
 Return value:  Size  Location     Type
		None               void
 Registers used:
		wreg, status,2, status,0, btemp+1, pclath, cstack
 Tracked objects:
		On entry : 
		On exit  : 
		Unchanged: 
 Data sizes:     COMMON   BANK0   BANK1   BANK2
      Params:         0       1       0       0
      Locals:         0       1       0       0
      Temps:          0       1       0       0
      Totals:         0       3       0       0
Total ram usage:        3 bytes
 Hardware stack levels used:    1
 Hardware stack levels required when called:    3
 This function calls:
		_SPI_transfer
 This function is called by:
		_MFRC522_Clear_Bit
		_MFRC522_Set_Bit
		_MFRC522_Reset
		_MFRC522_Init
		_MFRC522_ToCard
		_MFRC522_Request
		_MFRC522_AntiColl
		_MFRC522_CRC
 This function uses a non-reentrant model


 *************** function _MFRC522_Rd *****************
 Defined at:
		line 131 in file "main.c"
 Parameters:    Size  Location     Type
  addr            1    wreg     unsigned char 
 Auto vars:     Size  Location     Type
  addr            1    6[BANK0 ] unsigned char 
  value           1    7[BANK0 ] unsigned char 
 Return value:  Size  Location     Type
                  1    wreg      unsigned char 
 Registers used:
		wreg, status,2, status,0, btemp+1, pclath, cstack
 Tracked objects:
		On entry : 
		On exit  : 
		Unchanged: 
 Data sizes:     COMMON   BANK0   BANK1   BANK2
      Params:         0       0       0       0
      Locals:         0       2       0       0
      Temps:          1       0       0       0
      Totals:         1       2       0       0
Total ram usage:        3 bytes
 Hardware stack levels used:    1
 Hardware stack levels required when called:    3
 This function calls:
		_SPI_transfer
 This function is called by:
		_MFRC522_Clear_Bit
		_MFRC522_Set_Bit
		_MFRC522_ToCard
		_MFRC522_CRC
		_MFRC522_Auth
 This function uses a non-reentrant model


 *************** function _SPI_transfer *****************
 Defined at:
		line 43 in file "SPI.c"
 Parameters:    Size  Location     Type
  data            1    wreg     unsigned char 
 Auto vars:     Size  Location     Type
  data            1    0[BANK0 ] unsigned char 
  i               2    3[BANK0 ] int 
  i               2    1[BANK0 ] int 
  byte            1    5[BANK0 ] unsigned char 
 Return value:  Size  Location     Type
                  1    wreg      unsigned char 
 Registers used:
		wreg, status,2, status,0, btemp+1
 Tracked objects:
		On entry : 
		On exit  : 
		Unchanged: 
 Data sizes:     COMMON   BANK0   BANK1   BANK2
      Params:         0       0       0       0
      Locals:         0       6       0       0
      Temps:          1       0       0       0
      Totals:         1       6       0       0
Total ram usage:        7 bytes
 Hardware stack levels used:    1
 Hardware stack levels required when called:    2
 This function calls:
		Nothing
 This function is called by:
		_MFRC522_Wr
		_MFRC522_Rd
 This function uses a non-reentrant model


 *************** function __ISR *****************
 Defined at:
		line 551 in file "main.c"
 Parameters:    Size  Location     Type
		None
 Auto vars:     Size  Location     Type
		None
 Return value:  Size  Location     Type
		None               void
 Registers used:
		wreg, fsr0l, fsr0h, status,2, status,0, pclath, cstack
 Tracked objects:
		On entry : 
		On exit  : 
		Unchanged: 
 Data sizes:     COMMON   BANK0   BANK1   BANK2
      Params:         0       0       0       0
      Locals:         0       0       0       0
      Temps:          4       0       0       0
      Totals:         4       0       0       0
Total ram usage:        4 bytes
 Hardware stack levels used:    1
 Hardware stack levels required when called:    1
 This function calls:
		__ISR_UART
 This function is called by:
		Interrupt level 1
 This function uses a non-reentrant model


 *************** function __ISR_UART *****************
 Defined at:
		line 51 in file "UART.c"
 Parameters:    Size  Location     Type
		None
 Auto vars:     Size  Location     Type
		None
 Return value:  Size  Location     Type
		None               void
 Registers used:
		wreg, fsr0l, fsr0h, status,2, status,0
 Tracked objects:
		On entry : 
		On exit  : 
		Unchanged: 
 Data sizes:     COMMON   BANK0   BANK1   BANK2
      Params:         0       0       0       0
      Locals:         0       0       0       0
      Temps:          1       0       0       0
      Totals:         1       0       0       0
Total ram usage:        1 bytes
 Hardware stack levels used:    1
 This function calls:
		Nothing
 This function is called by:
		__ISR
 This function uses a non-reentrant model



MODULE INFORMATION

Module		Function		Class		Link	Load	Size
UART.c
		_putch         		CODE           	07A7	0000	8
		_UART_init     		CODE           	072F	0000	17
		_UART_available		CODE           	07AF	0000	7
		_UART_read_byte		CODE           	0662	0000	51
		__ISR_UART     		CODE           	071C	0000	19

UART.c estimated size: 102

D:\Program Files (x86)\Microchip\xc8\v1.33\sources\common\lwdiv.c
		___lwdiv       		CODE           	057F	0000	64

D:\Program Files (x86)\Microchip\xc8\v1.33\sources\common\lwdiv.c estimated size: 64

D:\Program Files (x86)\Microchip\xc8\v1.33\sources\pic\eeread.c
		_eeprom_read   		CODE           	06F3	0000	21

D:\Program Files (x86)\Microchip\xc8\v1.33\sources\pic\eeread.c estimated size: 21

D:\Program Files (x86)\Microchip\xc8\v1.33\sources\pic\eewrite.c
		_eeprom_write  		CODE           	0695	0000	40

D:\Program Files (x86)\Microchip\xc8\v1.33\sources\pic\eewrite.c estimated size: 40

shared
		__stringtab    		STRING         	0400	0000	6
		__stringdata   		STRING         	0418	0000	107
		_dpowers       		STRING         	0406	0000	10
		__initializatio		CODE           	0011	0000	7
		_hexpowers     		STRING         	0410	0000	8

shared estimated size: 138

D:\Program Files (x86)\Microchip\xc8\v1.33\sources\common\lwmod.c
		___lwmod       		CODE           	05F7	0000	54

D:\Program Files (x86)\Microchip\xc8\v1.33\sources\common\lwmod.c estimated size: 54

SPI.c
		_SPI_init      		CODE           	06BD	0000	32
		_SPI_transfer  		CODE           	030C	0000	139

SPI.c estimated size: 171

D:\Program Files (x86)\Microchip\xc8\v1.33\sources\common\doprnt.c
		_printf        		CODE           	014F	0000	231

D:\Program Files (x86)\Microchip\xc8\v1.33\sources\common\doprnt.c estimated size: 231

main.c
		_MFRC522_Reques		CODE           	062D	0000	53
		__ISR          		CODE           	077F	0000	14
		_compare_card  		CODE           	04E0	0000	80
		_main          		CODE           	0236	0000	214
		_MFRC522_ReadCa		CODE           	06DD	0000	22
		_MFRC522_Rd    		CODE           	0708	0000	20
		_MFRC522_Wr    		CODE           	0740	0000	17
		_MFRC522_Init  		CODE           	05BF	0000	56
		_MFRC522_AntiCo		CODE           	0483	0000	93
		_MFRC522_Reset 		CODE           	078D	0000	9
		_MFRC522_Antenn		CODE           	0796	0000	9
		_MFRC522_Clear_		CODE           	0761	0000	16
		_record_card   		CODE           	0530	0000	79
		_MFRC522_ToCard		CODE           	001A	0000	309
		_MFRC522_isCard		CODE           	0751	0000	16
		_MFRC522_Set_Bi		CODE           	0771	0000	14

main.c estimated size: 1021

