Microchip MPLAB XC8 Compiler V1.33 ()

Linker command line:

--edf=C:\Program Files (x86)\Microchip\xc8\v1.33\dat\en_msgs.txt -cs \
  -h+dist/default/production\Projeto_RFID_3.X.production.sym \
  --cmf=dist/default/production\Projeto_RFID_3.X.production.cmf -z \
  -Q16F628A -oC:\Users\micro\AppData\Local\Temp\s1gk.6 \
  -Mdist/default/production/Projeto_RFID_3.X.production.map -E1 -ver=XC8 \
  -ASTACK=0A0h-0efh -pstack=STACK -ACONST=00h-0FFhx8 -ACODE=00h-07FFh \
  -ASTRCODE=00h-07FFh -AENTRY=00h-0FFhx8 -ASTRING=00h-0FFhx8 \
  -ACOMMON=070h-07Fh -ABANK0=020h-06Fh -ABANK1=0A0h-0EFh \
  -ABANK2=0120h-014Fh -ARAM=020h-06Fh,0A0h-0EFh,0120h-014Fh \
  -AABS1=020h-07Fh,0A0h-0EFh,0120h-014Fh -ASFR0=00h-01Fh -ASFR1=080h-09Fh \
  -ASFR2=0100h-011Fh -ASFR3=0180h-01EFh \
  -preset_vec=00h,intentry,init,end_init -ppowerup=CODE -pcinit=CODE \
  -pfunctab=CODE -ACONFIG=02007h-02007h -pconfig=CONFIG -DCONFIG=2 \
  -AIDLOC=02000h-02003h -pidloc=IDLOC -DIDLOC=2 -AEEDATA=00h-07Fh/02100h \
  -peeprom_data=EEDATA -DEEDATA=2 -DCODE=2 -DSTRCODE=2 -DSTRING=2 -DCONST=2 \
  -DENTRY=2 -k C:\Users\micro\AppData\Local\Temp\s1gk.obj \
  dist/default/production\Projeto_RFID_3.X.production.obj 

Object code version is 3.11

Machine type is 16F628A



                Name                               Link     Load   Length Selector   Space Scale
C:\Users\micro\AppData\Local\Temp\s1gk.obj
                end_init                              0        0        1        0       0
                config                             2007     2007        1     400E       0
dist/default/production\Projeto_RFID_3.X.production.obj
                cinit                               7F9      7F9        7      FF2       0
                text21                              4D8      4D8       85      9B0       0
                text20                              282      282       14      504       0
                text19                              242      242        F      484       0
                text18                              234      234        E      468       0
                text17                              222      222        9      444       0
                text16                              22B      22B        9      456       0
                text15                              317      317       36      62E       0
                text14                              251      251       10      4A2       0
                text13                              6C6      6C6      133      D8C       0
                text12                              47B      47B       5D      8F6       0
                text11                              296      296       16      52C       0
                text10                              3C4      3C4       5B      788       0
                text9                               41F      41F       5C      83E       0
                text8                               386      386       3E      70C       0
                text7                               2E3      2E3       34      5C6       0
                text6                               2AC      2AC       17      558       0
                text5                               60F      60F       B7      C1E       0
                text4                               34D      34D       39      69A       0
                text3                               261      261       10      4C2       0
                text2                               2C3      2C3       20      586       0
                text1                               271      271       11      4E2       0
                maintext                            55D      55D       B2      ABA       0
                cstackBANK0                          20       20       39       20       1
                cstackCOMMON                         70       70        E       70       1
                clrtext                             21A      21A        8      434       0
                bssBANK0                             59       59       12       20       1
                nvBANK0                              6B       6B        1       20       1
                strings                               1        1       3D        2       0

TOTAL           Name                               Link     Load   Length     Space
        CLASS   STACK          

        CLASS   CONST          

        CLASS   CODE           
                end_init                              0        0        1         0
                cinit                               7F9      7F9        7         0
                text21                              4D8      4D8       85         0
                text20                              282      282       14         0
                text19                              242      242        F         0
                text18                              234      234        E         0
                text17                              222      222        9         0
                text16                              22B      22B        9         0
                text15                              317      317       36         0
                text14                              251      251       10         0
                text13                              6C6      6C6      133         0
                text12                              47B      47B       5D         0
                text11                              296      296       16         0
                text10                              3C4      3C4       5B         0
                text9                               41F      41F       5C         0
                text8                               386      386       3E         0
                text7                               2E3      2E3       34         0
                text6                               2AC      2AC       17         0
                text5                               60F      60F       B7         0
                text4                               34D      34D       39         0
                text3                               261      261       10         0
                text2                               2C3      2C3       20         0
                text1                               271      271       11         0
                maintext                            55D      55D       B2         0
                clrtext                             21A      21A        8         0

        CLASS   STRCODE        

        CLASS   ENTRY          

        CLASS   STRING         
                strings                               1        1       3D         0

        CLASS   COMMON         
                cstackCOMMON                         70       70        E         1

        CLASS   BANK0          
                cstackBANK0                          20       20       39         1
                bssBANK0                             59       59       12         1
                nvBANK0                              6B       6B        1         1

        CLASS   BANK1          

        CLASS   BANK2          

        CLASS   RAM            

        CLASS   ABS1           
                abs_s1                               7E       7E        2         1

        CLASS   SFR0           

        CLASS   SFR1           

        CLASS   SFR2           

        CLASS   SFR3           

        CLASS   CONFIG         
                config                             2007     2007        1         0

        CLASS   IDLOC          

        CLASS   EEDATA         

        CLASS   BANK3          



SEGMENTS        Name                           Load    Length   Top    Selector   Space  Class     Delta

                reset_vec                      000000  000001  000001         0       0  CODE        2
                strings                        000001  00003D  00003E         2       0  STRING      2
                cstackBANK0                    000020  00004C  00006C        20       1  BANK0       1
                cstackCOMMON                   000070  00000E  00007E        70       1  COMMON      1
                clrtext                        00021A  000008  000222       434       0  CODE        2
                text17                         000222  000009  00022B       444       0  CODE        2
                text16                         00022B  000009  000234       456       0  CODE        2
                text18                         000234  00000E  000242       468       0  CODE        2
                text19                         000242  00000F  000251       484       0  CODE        2
                text14                         000251  000010  000261       4A2       0  CODE        2
                text3                          000261  000010  000271       4C2       0  CODE        2
                text1                          000271  000011  000282       4E2       0  CODE        2
                text20                         000282  000014  000296       504       0  CODE        2
                text11                         000296  000016  0002AC       52C       0  CODE        2
                text6                          0002AC  000017  0002C3       558       0  CODE        2
                text2                          0002C3  000020  0002E3       586       0  CODE        2
                text7                          0002E3  000034  000317       5C6       0  CODE        2
                text15                         000317  000036  00034D       62E       0  CODE        2
                text4                          00034D  000039  000386       69A       0  CODE        2
                text8                          000386  00003E  0003C4       70C       0  CODE        2
                text10                         0003C4  00005B  00041F       788       0  CODE        2
                text9                          00041F  00005C  00047B       83E       0  CODE        2
                text12                         00047B  00005D  0004D8       8F6       0  CODE        2
                text21                         0004D8  000085  00055D       9B0       0  CODE        2
                maintext                       00055D  0000B2  00060F       ABA       0  CODE        2
                text5                          00060F  0000B7  0006C6       C1E       0  CODE        2
                text13                         0006C6  000133  0007F9       D8C       0  CODE        2
                cinit                          0007F9  000007  000800       FF2       0  CODE        2
                config                         002007  000001  002008      400E       0  CONFIG      2


UNUSED ADDRESS RANGES

        Name                Unused          Largest block    Delta
        BANK0            006C-006F              4           1
        BANK1            00A0-00EF             50           1
        BANK2            0120-014F             30           1
        CODE             003E-0219            1DC           2
        CONST            003E-0219            100           2
        EEDATA           2100-217F             80           2
        ENTRY            003E-0219            100           2
        IDLOC            2000-2003              4           2
        RAM              006C-006F              4           1
                         00A0-00EF             50
                         0120-014F             30
        SFR0             0000-001F             20           1
        SFR1             0080-009F             20           1
        SFR2             0100-011F             20           1
        SFR3             0180-01EF             70           1
        STACK            00A0-00EF             50           1
        STRCODE          003E-0219            1DC           2
        STRING           003E-0219            100           2

                                  Symbol Table

?___lwdiv                        cstackCOMMON 0070
?___lwmod                        cstackCOMMON 0078
?_printf                         cstackBANK0  0020
MFRC522_AntiColl@_status         cstackBANK0  003E
MFRC522_AntiColl@i               cstackBANK0  003F
MFRC522_AntiColl@serNum          cstackBANK0  0040
MFRC522_AntiColl@serNumCheck     cstackBANK0  003B
MFRC522_AntiColl@unLen           cstackBANK0  003C
MFRC522_CRC@dataIn               cstackBANK0  0029
MFRC522_CRC@dataOut              cstackBANK0  0025
MFRC522_CRC@i                    cstackBANK0  0028
MFRC522_CRC@length               cstackBANK0  0024
MFRC522_CRC@n                    cstackBANK0  0027
MFRC522_Clear_Bit@addr           cstackBANK0  0023
MFRC522_Clear_Bit@mask           cstackBANK0  0020
MFRC522_Rd@addr                  cstackCOMMON 0079
MFRC522_Rd@value                 cstackCOMMON 007A
MFRC522_ReadCardSerial@_status   cstackBANK0  0042
MFRC522_ReadCardSerial@str       cstackBANK0  0043
MFRC522_Request@TagType          cstackBANK0  0036
MFRC522_Request@_status          cstackBANK0  003C
MFRC522_Request@backBits         cstackBANK0  003D
MFRC522_Request@reqMode          cstackBANK0  003B
MFRC522_SelectTag@_status        cstackBANK0  0044
MFRC522_SelectTag@buffer         cstackBANK0  003B
MFRC522_SelectTag@i              cstackBANK0  0049
MFRC522_SelectTag@recvBits       cstackBANK0  0047
MFRC522_SelectTag@serNum         cstackBANK0  0046
MFRC522_SelectTag@size           cstackBANK0  0045
MFRC522_Set_Bit@addr             cstackBANK0  0022
MFRC522_Set_Bit@mask             cstackBANK0  0020
MFRC522_ToCard@_status           cstackBANK0  002F
MFRC522_ToCard@backData          cstackBANK0  0026
MFRC522_ToCard@backLen           cstackBANK0  0027
MFRC522_ToCard@command           cstackBANK0  0032
MFRC522_ToCard@i                 cstackBANK0  0033
MFRC522_ToCard@irqEn             cstackBANK0  0031
MFRC522_ToCard@lastBits          cstackBANK0  0030
MFRC522_ToCard@n                 cstackBANK0  0035
MFRC522_ToCard@sendData          cstackBANK0  0024
MFRC522_ToCard@sendLen           cstackBANK0  0025
MFRC522_ToCard@waitIRq           cstackBANK0  002E
MFRC522_Wr@addr                  cstackCOMMON 007D
MFRC522_Wr@value                 cstackCOMMON 007B
MFRC522_isCard@TagType           cstackBANK0  0040
SPI_init@mode                    cstackCOMMON 0071
SPI_transfer@data                cstackCOMMON 0077
SPI_transfer@i                   cstackCOMMON 0073
SPI_transfer@i_214               cstackCOMMON 0075
SPI_transfer@ret                 cstackCOMMON 0072
SPI_transfer@ret_213             cstackCOMMON 0071
_MFRC522_AntennaOn               text17       0222
_MFRC522_AntiColl                text12       047B
_MFRC522_CRC                     text10       03C4
_MFRC522_Clear_Bit               text14       0251
_MFRC522_Init                    text15       0317
_MFRC522_Rd                      text20       0282
_MFRC522_ReadCardSerial          text11       0296
_MFRC522_Request                 text4        034D
_MFRC522_Reset                   text16       022B
_MFRC522_SelectTag               text9        041F
_MFRC522_Set_Bit                 text18       0234
_MFRC522_ToCard                  text13       06C6
_MFRC522_Wr                      text19       0242
_MFRC522_isCard                  text3        0261
_PORTAbits                       (abs)        0005
_PORTB                           (abs)        0006
_PORTBbits                       (abs)        0006
_RCIF                            (abs)        0065
_RCREG                           (abs)        001A
_RCSTAbits                       (abs)        0018
_SPBRG                           (abs)        0099
_SPI_init                        text2        02C3
_SPI_transfer                    text21       04D8
_TRISAbits                       (abs)        0085
_TRISB                           (abs)        0086
_TRISBbits                       (abs)        0086
_TXIF                            (abs)        0064
_TXREG                           (abs)        0019
_TXSTAbits                       (abs)        0098
_UART_init                       text1        0271
__CFG_BOREN$OFF                  (abs)        0000
__CFG_CP$OFF                     (abs)        0000
__CFG_CPD$OFF                    (abs)        0000
__CFG_FOSC$HS                    (abs)        0000
__CFG_LVP$OFF                    (abs)        0000
__CFG_MCLRE$ON                   (abs)        0000
__CFG_PWRTE$OFF                  (abs)        0000
__CFG_WDTE$OFF                   (abs)        0000
__Habs1                          abs1         0000
__Hbank0                         bank0        0000
__Hbank1                         bank1        0000
__Hbank2                         bank2        0000
__Hbank3                         bank3        0000
__HbssBANK0                      bssBANK0     0000
__Hcinit                         cinit        0800
__Hclrtext                       clrtext      0000
__Hcode                          code         0000
__Hcommon                        common       0000
__Hconfig                        config       2008
__HcstackBANK0                   cstackBANK0  0000
__HcstackCOMMON                  cstackCOMMON 0000
__Heeprom_data                   eeprom_data  0000
__Hend_init                      end_init     0001
__Hfunctab                       functab      0000
__Hidloc                         idloc        0000
__Hinit                          init         0000
__Hintentry                      intentry     0000
__Hmaintext                      maintext     0000
__HnvBANK0                       nvBANK0      0000
__Hpowerup                       powerup      0000
__Hram                           ram          0000
__Hreset_vec                     reset_vec    0000
__Hsfr0                          sfr0         0000
__Hsfr1                          sfr1         0000
__Hsfr2                          sfr2         0000
__Hsfr3                          sfr3         0000
__Hspace_0                       (abs)        2008
__Hspace_1                       (abs)        007E
__Hspace_2                       (abs)        0000
__Hspace_3                       (abs)        0000
__Hstack                         stack        0000
__Hstrings                       strings      0000
__Htext                          text         0000
__Labs1                          abs1         0000
__Lbank0                         bank0        0000
__Lbank1                         bank1        0000
__Lbank2                         bank2        0000
__Lbank3                         bank3        0000
__LbssBANK0                      bssBANK0     0000
__Lcinit                         cinit        07F9
__Lclrtext                       clrtext      0000
__Lcode                          code         0000
__Lcommon                        common       0000
__Lconfig                        config       2007
__LcstackBANK0                   cstackBANK0  0000
__LcstackCOMMON                  cstackCOMMON 0000
__Leeprom_data                   eeprom_data  0000
__Lend_init                      end_init     0000
__Lfunctab                       functab      0000
__Lidloc                         idloc        0000
__Linit                          init         0000
__Lintentry                      intentry     0000
__Lmaintext                      maintext     0000
__LnvBANK0                       nvBANK0      0000
__Lpowerup                       powerup      0000
__Lram                           ram          0000
__Lreset_vec                     reset_vec    0000
__Lsfr0                          sfr0         0000
__Lsfr1                          sfr1         0000
__Lsfr2                          sfr2         0000
__Lsfr3                          sfr3         0000
__Lspace_0                       (abs)        0000
__Lspace_1                       (abs)        0000
__Lspace_2                       (abs)        0000
__Lspace_3                       (abs)        0000
__Lstack                         stack        0000
__Lstrings                       strings      0000
__Ltext                          text         0000
__S0                             (abs)        2008
__S1                             (abs)        007E
__S2                             (abs)        0000
__S3                             (abs)        0000
___int_sp                        stack        0000
___latbits                       (abs)        0000
___lwdiv                         text8        0386
___lwdiv@counter                 cstackCOMMON 0077
___lwdiv@dividend                cstackCOMMON 0072
___lwdiv@divisor                 cstackCOMMON 0070
___lwdiv@quotient                cstackCOMMON 0075
___lwmod                         text7        02E3
___lwmod@counter                 cstackCOMMON 007D
___lwmod@dividend                cstackCOMMON 007A
___lwmod@divisor                 cstackCOMMON 0078
___sp                            stack        0000
__end_of_MFRC522_AntennaOn       text17       022B
__end_of_MFRC522_AntiColl        text12       04D8
__end_of_MFRC522_CRC             text10       041F
__end_of_MFRC522_Clear_Bit       text14       0261
__end_of_MFRC522_Init            text15       034D
__end_of_MFRC522_Rd              text20       0296
__end_of_MFRC522_ReadCardSerial  text11       02AC
__end_of_MFRC522_Request         text4        0386
__end_of_MFRC522_Reset           text16       0234
__end_of_MFRC522_SelectTag       text9        047B
__end_of_MFRC522_Set_Bit         text18       0242
__end_of_MFRC522_ToCard          text13       07F9
__end_of_MFRC522_Wr              text19       0251
__end_of_MFRC522_isCard          text3        0271
__end_of_SPI_init                text2        02E3
__end_of_SPI_transfer            text21       055D
__end_of_UART_init               text1        0282
__end_of___lwdiv                 text8        03C4
__end_of___lwmod                 text7        0317
__end_of__initialization         cinit        07FE
__end_of__stringdata             strings      003E
__end_of__stringtab              strings      0007
__end_of_dpowers                 strings      0011
__end_of_main                    maintext     060F
__end_of_printf                  text5        06C6
__end_of_putch                   text6        02C3
__initialization                 cinit        07F9
__mode                           nvBANK0      006B
__pbssBANK0                      bssBANK0     0059
__pcstackBANK0                   cstackBANK0  0020
__pcstackCOMMON                  cstackCOMMON 0070
__pmaintext                      maintext     055D
__pnvBANK0                       nvBANK0      006B
__pstrings                       strings      0001
__ptext1                         text1        0271
__ptext10                        text10       03C4
__ptext11                        text11       0296
__ptext12                        text12       047B
__ptext13                        text13       06C6
__ptext14                        text14       0251
__ptext15                        text15       0317
__ptext16                        text16       022B
__ptext17                        text17       0222
__ptext18                        text18       0234
__ptext19                        text19       0242
__ptext2                         text2        02C3
__ptext20                        text20       0282
__ptext21                        text21       04D8
__ptext3                         text3        0261
__ptext4                         text4        034D
__ptext5                         text5        060F
__ptext6                         text6        02AC
__ptext7                         text7        02E3
__ptext8                         text8        0386
__ptext9                         text9        041F
__size_of_MFRC522_AntennaOn      (abs)        0000
__size_of_MFRC522_AntiColl       (abs)        0000
__size_of_MFRC522_CRC            (abs)        0000
__size_of_MFRC522_Clear_Bit      (abs)        0000
__size_of_MFRC522_Init           (abs)        0000
__size_of_MFRC522_Rd             (abs)        0000
__size_of_MFRC522_ReadCardSerial (abs)        0000
__size_of_MFRC522_Request        (abs)        0000
__size_of_MFRC522_Reset          (abs)        0000
__size_of_MFRC522_SelectTag      (abs)        0000
__size_of_MFRC522_Set_Bit        (abs)        0000
__size_of_MFRC522_ToCard         (abs)        0000
__size_of_MFRC522_Wr             (abs)        0000
__size_of_MFRC522_isCard         (abs)        0000
__size_of_SPI_init               (abs)        0000
__size_of_SPI_transfer           (abs)        0000
__size_of_UART_init              (abs)        0000
__size_of___lwdiv                (abs)        0000
__size_of___lwmod                (abs)        0000
__size_of_main                   (abs)        0000
__size_of_printf                 (abs)        0000
__size_of_putch                  (abs)        0000
__stringbase                     strings      0006
__stringdata                     strings      0011
__stringtab                      strings      0001
_buffer                          bssBANK0     0059
_count                           bssBANK0     0069
_dpowers                         strings      0007
_main                            maintext     055D
_printf                          text5        060F
_putch                           text6        02AC
btemp                            (abs)        007E
clear_ram0                       clrtext      021A
end_of_initialization            cinit        07FE
intlevel0                        functab      0000
intlevel1                        functab      0000
intlevel2                        functab      0000
intlevel3                        functab      0000
intlevel4                        functab      0000
intlevel5                        functab      0000
ltemp                            (abs)        007E
ltemp0                           (abs)        007E
ltemp1                           (abs)        0082
ltemp2                           (abs)        0086
ltemp3                           (abs)        0080
main@TagType                     cstackBANK0  0058
main@UID                         cstackBANK0  004E
main@i                           cstackBANK0  0054
main@i_346                       cstackBANK0  0056
main@size                        cstackBANK0  004D
printf@_val                      cstackBANK0  0028
printf@ap                        cstackBANK0  0026
printf@c                         cstackBANK0  002D
printf@f                         cstackBANK0  002C
printf@flag                      cstackBANK0  0027
printf@prec                      cstackBANK0  0025
putch@data                       cstackCOMMON 0070
reset_vec                        reset_vec    0000
stackhi                          (abs)        0000
stacklo                          (abs)        0000
start                            init         0000
start_initialization             cinit        07F9
ttemp                            (abs)        007E
ttemp0                           (abs)        007E
ttemp1                           (abs)        0081
ttemp2                           (abs)        0084
ttemp3                           (abs)        0087
ttemp4                           (abs)        007F
wtemp                            (abs)        007E
wtemp0                           (abs)        007E
wtemp1                           (abs)        0080
wtemp2                           (abs)        0082
wtemp3                           (abs)        0084
wtemp4                           (abs)        0086
wtemp5                           (abs)        0088
wtemp6                           (abs)        007F


FUNCTION INFORMATION:

 *************** function _main *****************
 Defined at:
		line 497 in file "main.c"
 Parameters:    Size  Location     Type
		None
 Auto vars:     Size  Location     Type
  i               2   54[BANK0 ] int 
  i               2   52[BANK0 ] int 
  UID             6   46[BANK0 ] unsigned char [6]
  TagType         1   56[BANK0 ] unsigned char 
  size            1   45[BANK0 ] unsigned char 
 Return value:  Size  Location     Type
		None               void
 Registers used:
		wreg, fsr0l, fsr0h, status,2, status,0, btemp+1, pclath, cstack
 Tracked objects:
		On entry : 
		On exit  : 
		Unchanged: 
 Data sizes:     COMMON   BANK0   BANK1   BANK2
      Params:         0       0       0       0
      Locals:         0      12       0       0
      Temps:          0       3       0       0
      Totals:         0      15       0       0
Total ram usage:       15 bytes
 Hardware stack levels required when called:    6
 This function calls:
		_MFRC522_Init
		_MFRC522_ReadCardSerial
		_MFRC522_SelectTag
		_MFRC522_isCard
		_SPI_init
		_UART_init
		_printf
 This function is called by:
		Startup code after reset
 This function uses a non-reentrant model


 *************** function _UART_init *****************
 Defined at:
		line 24 in file "UART.c"
 Parameters:    Size  Location     Type
		None
 Auto vars:     Size  Location     Type
		None
 Return value:  Size  Location     Type
		None               void
 Registers used:
		wreg
 Tracked objects:
		On entry : 
		On exit  : 
		Unchanged: 
 Data sizes:     COMMON   BANK0   BANK1   BANK2
      Params:         0       0       0       0
      Locals:         0       0       0       0
      Temps:          0       0       0       0
      Totals:         0       0       0       0
Total ram usage:        0 bytes
 Hardware stack levels used:    1
 This function calls:
		Nothing
 This function is called by:
		_main
 This function uses a non-reentrant model


 *************** function _SPI_init *****************
 Defined at:
		line 32 in file "SPI.c"
 Parameters:    Size  Location     Type
  mode            1    wreg     unsigned char 
 Auto vars:     Size  Location     Type
  mode            1    1[COMMON] unsigned char 
 Return value:  Size  Location     Type
		None               void
 Registers used:
		wreg, status,2, status,0
 Tracked objects:
		On entry : 
		On exit  : 
		Unchanged: 
 Data sizes:     COMMON   BANK0   BANK1   BANK2
      Params:         0       0       0       0
      Locals:         1       0       0       0
      Temps:          1       0       0       0
      Totals:         2       0       0       0
Total ram usage:        2 bytes
 Hardware stack levels used:    1
 This function calls:
		Nothing
 This function is called by:
		_main
 This function uses a non-reentrant model


 *************** function _MFRC522_isCard *****************
 Defined at:
		line 476 in file "main.c"
 Parameters:    Size  Location     Type
  TagType         1    wreg     PTR unsigned char 
		 -> main@TagType(1), 
 Auto vars:     Size  Location     Type
  TagType         1   32[BANK0 ] PTR unsigned char 
		 -> main@TagType(1), 
 Return value:  Size  Location     Type
                  1    wreg      unsigned char 
 Registers used:
		wreg, fsr0l, fsr0h, status,2, status,0, btemp+1, pclath, cstack
 Tracked objects:
		On entry : 
		On exit  : 
		Unchanged: 
 Data sizes:     COMMON   BANK0   BANK1   BANK2
      Params:         0       0       0       0
      Locals:         0       1       0       0
      Temps:          0       1       0       0
      Totals:         0       2       0       0
Total ram usage:        2 bytes
 Hardware stack levels used:    1
 Hardware stack levels required when called:    5
 This function calls:
		_MFRC522_Request
 This function is called by:
		_main
 This function uses a non-reentrant model


 *************** function _MFRC522_Request *****************
 Defined at:
		line 285 in file "main.c"
 Parameters:    Size  Location     Type
  reqMode         1    wreg     unsigned char 
  TagType         1   22[BANK0 ] PTR unsigned char 
		 -> main@TagType(1), 
 Auto vars:     Size  Location     Type
  reqMode         1   27[BANK0 ] unsigned char 
  backBits        2   29[BANK0 ] unsigned int 
  _status         1   28[BANK0 ] unsigned char 
 Return value:  Size  Location     Type
                  1    wreg      unsigned char 
 Registers used:
		wreg, fsr0l, fsr0h, status,2, status,0, btemp+1, pclath, cstack
 Tracked objects:
		On entry : 
		On exit  : 
		Unchanged: 
 Data sizes:     COMMON   BANK0   BANK1   BANK2
      Params:         0       1       0       0
      Locals:         0       4       0       0
      Temps:          0       4       0       0
      Totals:         0       9       0       0
Total ram usage:        9 bytes
 Hardware stack levels used:    1
 Hardware stack levels required when called:    4
 This function calls:
		_MFRC522_ToCard
		_MFRC522_Wr
		_printf
 This function is called by:
		_MFRC522_isCard
 This function uses a non-reentrant model


 *************** function _printf *****************
 Defined at:
		line 464 in file "C:\Program Files (x86)\Microchip\xc8\v1.33\sources\common\doprnt.c"
 Parameters:    Size  Location     Type
  f               1    wreg     PTR const unsigned char 
		 -> STR_8(2), STR_7(2), STR_6(3), STR_5(9), 
		 -> STR_4(16), STR_3(2), STR_2(11), STR_1(4), 
 Auto vars:     Size  Location     Type
  f               1   12[BANK0 ] PTR const unsigned char 
		 -> STR_8(2), STR_7(2), STR_6(3), STR_5(9), 
		 -> STR_4(16), STR_3(2), STR_2(11), STR_1(4), 
  _val            4    8[BANK0 ] struct .
  c               1   13[BANK0 ] char 
  flag            1    7[BANK0 ] unsigned char 
  ap              1    6[BANK0 ] PTR void [1]
		 -> ?_printf(2), 
  prec            1    5[BANK0 ] char 
 Return value:  Size  Location     Type
                  2    0[BANK0 ] int 
 Registers used:
		wreg, fsr0l, fsr0h, status,2, status,0, btemp+1, pclath, cstack
 Tracked objects:
		On entry : 
		On exit  : 
		Unchanged: 
 Data sizes:     COMMON   BANK0   BANK1   BANK2
      Params:         0       2       0       0
      Locals:         0       9       0       0
      Temps:          0       3       0       0
      Totals:         0      14       0       0
Total ram usage:       14 bytes
 Hardware stack levels used:    1
 Hardware stack levels required when called:    1
 This function calls:
		___lwdiv
		___lwmod
		_putch
 This function is called by:
		_MFRC522_Request
		_main
 This function uses a non-reentrant model


 *************** function _putch *****************
 Defined at:
		line 8 in file "UART.c"
 Parameters:    Size  Location     Type
  data            1    wreg     unsigned char 
 Auto vars:     Size  Location     Type
  data            1    0[COMMON] unsigned char 
 Return value:  Size  Location     Type
		None               void
 Registers used:
		wreg
 Tracked objects:
		On entry : 
		On exit  : 
		Unchanged: 
 Data sizes:     COMMON   BANK0   BANK1   BANK2
      Params:         0       0       0       0
      Locals:         1       0       0       0
      Temps:          0       0       0       0
      Totals:         1       0       0       0
Total ram usage:        1 bytes
 Hardware stack levels used:    1
 This function calls:
		Nothing
 This function is called by:
		_printf
 This function uses a non-reentrant model


 *************** function ___lwmod *****************
 Defined at:
		line 6 in file "C:\Program Files (x86)\Microchip\xc8\v1.33\sources\common\lwmod.c"
 Parameters:    Size  Location     Type
  divisor         2    8[COMMON] unsigned int 
  dividend        2   10[COMMON] unsigned int 
 Auto vars:     Size  Location     Type
  counter         1   13[COMMON] unsigned char 
 Return value:  Size  Location     Type
                  2    8[COMMON] unsigned int 
 Registers used:
		wreg, status,2, status,0
 Tracked objects:
		On entry : 
		On exit  : 
		Unchanged: 
 Data sizes:     COMMON   BANK0   BANK1   BANK2
      Params:         4       0       0       0
      Locals:         1       0       0       0
      Temps:          1       0       0       0
      Totals:         6       0       0       0
Total ram usage:        6 bytes
 Hardware stack levels used:    1
 This function calls:
		Nothing
 This function is called by:
		_printf
 This function uses a non-reentrant model


 *************** function ___lwdiv *****************
 Defined at:
		line 6 in file "C:\Program Files (x86)\Microchip\xc8\v1.33\sources\common\lwdiv.c"
 Parameters:    Size  Location     Type
  divisor         2    0[COMMON] unsigned int 
  dividend        2    2[COMMON] unsigned int 
 Auto vars:     Size  Location     Type
  quotient        2    5[COMMON] unsigned int 
  counter         1    7[COMMON] unsigned char 
 Return value:  Size  Location     Type
                  2    0[COMMON] unsigned int 
 Registers used:
		wreg, status,2, status,0
 Tracked objects:
		On entry : 
		On exit  : 
		Unchanged: 
 Data sizes:     COMMON   BANK0   BANK1   BANK2
      Params:         4       0       0       0
      Locals:         3       0       0       0
      Temps:          1       0       0       0
      Totals:         8       0       0       0
Total ram usage:        8 bytes
 Hardware stack levels used:    1
 This function calls:
		Nothing
 This function is called by:
		_printf
 This function uses a non-reentrant model


 *************** function _MFRC522_SelectTag *****************
 Defined at:
		line 325 in file "main.c"
 Parameters:    Size  Location     Type
  serNum          1    wreg     PTR unsigned char 
		 -> main@UID(6), 
 Auto vars:     Size  Location     Type
  serNum          1   38[BANK0 ] PTR unsigned char 
		 -> main@UID(6), 
  buffer          9   27[BANK0 ] unsigned char [9]
  recvBits        2   39[BANK0 ] unsigned int 
  i               1   41[BANK0 ] unsigned char 
  size            1   37[BANK0 ] unsigned char 
  _status         1   36[BANK0 ] unsigned char 
 Return value:  Size  Location     Type
                  1    wreg      unsigned char 
 Registers used:
		wreg, fsr0l, fsr0h, status,2, status,0, btemp+1, pclath, cstack
 Tracked objects:
		On entry : 
		On exit  : 
		Unchanged: 
 Data sizes:     COMMON   BANK0   BANK1   BANK2
      Params:         0       0       0       0
      Locals:         0      15       0       0
      Temps:          0       5       0       0
      Totals:         0      20       0       0
Total ram usage:       20 bytes
 Hardware stack levels used:    1
 Hardware stack levels required when called:    4
 This function calls:
		_MFRC522_CRC
		_MFRC522_ToCard
 This function is called by:
		_main
 This function uses a non-reentrant model


 *************** function _MFRC522_CRC *****************
 Defined at:
		line 299 in file "main.c"
 Parameters:    Size  Location     Type
  dataIn          1    wreg     PTR unsigned char 
		 -> MFRC522_Write@buff(18), MFRC522_Halt@buff(4), MFRC522_SelectTag@buffer(9), 
  length          1    4[BANK0 ] unsigned char 
  dataOut         1    5[BANK0 ] PTR unsigned char 
		 -> MFRC522_Write@buff(18), MFRC522_Halt@buff(4), MFRC522_SelectTag@buffer(9), 
 Auto vars:     Size  Location     Type
  dataIn          1    9[BANK0 ] PTR unsigned char 
		 -> MFRC522_Write@buff(18), MFRC522_Halt@buff(4), MFRC522_SelectTag@buffer(9), 
  i               1    8[BANK0 ] unsigned char 
  n               1    7[BANK0 ] unsigned char 
 Return value:  Size  Location     Type
		None               void
 Registers used:
		wreg, fsr0l, fsr0h, status,2, status,0, btemp+1, pclath, cstack
 Tracked objects:
		On entry : 
		On exit  : 
		Unchanged: 
 Data sizes:     COMMON   BANK0   BANK1   BANK2
      Params:         0       2       0       0
      Locals:         0       3       0       0
      Temps:          0       1       0       0
      Totals:         0       6       0       0
Total ram usage:        6 bytes
 Hardware stack levels used:    1
 Hardware stack levels required when called:    3
 This function calls:
		_MFRC522_Clear_Bit
		_MFRC522_Rd
		_MFRC522_Set_Bit
		_MFRC522_Wr
 This function is called by:
		_MFRC522_SelectTag
		_MFRC522_Halt
		_MFRC522_Write
		_MFRC522_Read
 This function uses a non-reentrant model


 *************** function _MFRC522_ReadCardSerial *****************
 Defined at:
		line 483 in file "main.c"
 Parameters:    Size  Location     Type
  str             1    wreg     PTR unsigned char 
		 -> main@UID(6), 
 Auto vars:     Size  Location     Type
  str             1   35[BANK0 ] PTR unsigned char 
		 -> main@UID(6), 
  _status         1   34[BANK0 ] unsigned char 
 Return value:  Size  Location     Type
                  1    wreg      unsigned char 
 Registers used:
		wreg, fsr0l, fsr0h, status,2, status,0, btemp+1, pclath, cstack
 Tracked objects:
		On entry : 
		On exit  : 
		Unchanged: 
 Data sizes:     COMMON   BANK0   BANK1   BANK2
      Params:         0       0       0       0
      Locals:         0       2       0       0
      Temps:          0       1       0       0
      Totals:         0       3       0       0
Total ram usage:        3 bytes
 Hardware stack levels used:    1
 Hardware stack levels required when called:    5
 This function calls:
		_MFRC522_AntiColl
 This function is called by:
		_main
 This function uses a non-reentrant model


 *************** function _MFRC522_AntiColl *****************
 Defined at:
		line 446 in file "main.c"
 Parameters:    Size  Location     Type
  serNum          1    wreg     PTR unsigned char 
		 -> main@UID(6), 
 Auto vars:     Size  Location     Type
  serNum          1   32[BANK0 ] PTR unsigned char 
		 -> main@UID(6), 
  unLen           2   28[BANK0 ] unsigned int 
  i               1   31[BANK0 ] unsigned char 
  _status         1   30[BANK0 ] unsigned char 
  serNumCheck     1   27[BANK0 ] unsigned char 
 Return value:  Size  Location     Type
                  1    wreg      unsigned char 
 Registers used:
		wreg, fsr0l, fsr0h, status,2, status,0, btemp+1, pclath, cstack
 Tracked objects:
		On entry : 
		On exit  : 
		Unchanged: 
 Data sizes:     COMMON   BANK0   BANK1   BANK2
      Params:         0       0       0       0
      Locals:         0       6       0       0
      Temps:          0       5       0       0
      Totals:         0      11       0       0
Total ram usage:       11 bytes
 Hardware stack levels used:    1
 Hardware stack levels required when called:    4
 This function calls:
		_MFRC522_Clear_Bit
		_MFRC522_ToCard
		_MFRC522_Wr
 This function is called by:
		_MFRC522_ReadCardSerial
 This function uses a non-reentrant model


 *************** function _MFRC522_ToCard *****************
 Defined at:
		line 182 in file "main.c"
 Parameters:    Size  Location     Type
  command         1    wreg     unsigned char 
  sendData        1    4[BANK0 ] PTR unsigned char 
		 -> main@UID(6), main@TagType(1), MFRC522_Write@buff(18), MFRC522_Auth@buff(12), 
		 -> MFRC522_Halt@buff(4), MFRC522_SelectTag@buffer(9), 
  sendLen         1    5[BANK0 ] unsigned char 
  backData        1    6[BANK0 ] PTR unsigned char 
		 -> main@UID(6), main@TagType(1), MFRC522_Write@buff(18), MFRC522_Auth@buff(12), 
		 -> MFRC522_Halt@buff(4), MFRC522_SelectTag@buffer(9), 
  backLen         1    7[BANK0 ] PTR unsigned int 
		 -> MFRC522_AntiColl@unLen(2), MFRC522_Read@unLen(2), MFRC522_Write@recvBits(2), MFRC522_Auth@recvBits(2), 
		 -> MFRC522_Halt@unLen(2), MFRC522_SelectTag@recvBits(2), MFRC522_Request@backBits(2), 
 Auto vars:     Size  Location     Type
  command         1   18[BANK0 ] unsigned char 
  i               2   19[BANK0 ] unsigned int 
  n               1   21[BANK0 ] unsigned char 
  irqEn           1   17[BANK0 ] unsigned char 
  lastBits        1   16[BANK0 ] unsigned char 
  _status         1   15[BANK0 ] unsigned char 
  waitIRq         1   14[BANK0 ] unsigned char 
 Return value:  Size  Location     Type
                  1    wreg      unsigned char 
 Registers used:
		wreg, fsr0l, fsr0h, status,2, status,0, btemp+1, pclath, cstack
 Tracked objects:
		On entry : 
		On exit  : 
		Unchanged: 
 Data sizes:     COMMON   BANK0   BANK1   BANK2
      Params:         0       4       0       0
      Locals:         0       8       0       0
      Temps:          0       6       0       0
      Totals:         0      18       0       0
Total ram usage:       18 bytes
 Hardware stack levels used:    1
 Hardware stack levels required when called:    3
 This function calls:
		_MFRC522_Clear_Bit
		_MFRC522_Rd
		_MFRC522_Set_Bit
		_MFRC522_Wr
 This function is called by:
		_MFRC522_Request
		_MFRC522_SelectTag
		_MFRC522_AntiColl
		_MFRC522_Halt
		_MFRC522_Auth
		_MFRC522_Write
		_MFRC522_Read
 This function uses a non-reentrant model


 *************** function _MFRC522_Clear_Bit *****************
 Defined at:
		line 140 in file "main.c"
 Parameters:    Size  Location     Type
  addr            1    wreg     unsigned char 
  mask            1    0[BANK0 ] unsigned char 
 Auto vars:     Size  Location     Type
  addr            1    3[BANK0 ] unsigned char 
 Return value:  Size  Location     Type
		None               void
 Registers used:
		wreg, status,2, status,0, btemp+1, pclath, cstack
 Tracked objects:
		On entry : 
		On exit  : 
		Unchanged: 
 Data sizes:     COMMON   BANK0   BANK1   BANK2
      Params:         0       1       0       0
      Locals:         0       1       0       0
      Temps:          0       2       0       0
      Totals:         0       4       0       0
Total ram usage:        4 bytes
 Hardware stack levels used:    1
 Hardware stack levels required when called:    2
 This function calls:
		_MFRC522_Rd
		_MFRC522_Wr
 This function is called by:
		_MFRC522_ToCard
		_MFRC522_CRC
		_MFRC522_AntiColl
		_MFRC522_AntennaOff
		_MFRC522_Halt
 This function uses a non-reentrant model


 *************** function _MFRC522_Init *****************
 Defined at:
		line 160 in file "main.c"
 Parameters:    Size  Location     Type
		None
 Auto vars:     Size  Location     Type
		None
 Return value:  Size  Location     Type
		None               void
 Registers used:
		wreg, status,2, status,0, btemp+1, pclath, cstack
 Tracked objects:
		On entry : 
		On exit  : 
		Unchanged: 
 Data sizes:     COMMON   BANK0   BANK1   BANK2
      Params:         0       0       0       0
      Locals:         0       0       0       0
      Temps:          0       1       0       0
      Totals:         0       1       0       0
Total ram usage:        1 bytes
 Hardware stack levels used:    1
 Hardware stack levels required when called:    4
 This function calls:
		_MFRC522_AntennaOn
		_MFRC522_Reset
		_MFRC522_Wr
 This function is called by:
		_main
 This function uses a non-reentrant model


 *************** function _MFRC522_Reset *****************
 Defined at:
		line 148 in file "main.c"
 Parameters:    Size  Location     Type
		None
 Auto vars:     Size  Location     Type
		None
 Return value:  Size  Location     Type
		None               void
 Registers used:
		wreg, status,2, status,0, btemp+1, pclath, cstack
 Tracked objects:
		On entry : 
		On exit  : 
		Unchanged: 
 Data sizes:     COMMON   BANK0   BANK1   BANK2
      Params:         0       0       0       0
      Locals:         0       0       0       0
      Temps:          0       1       0       0
      Totals:         0       1       0       0
Total ram usage:        1 bytes
 Hardware stack levels used:    1
 Hardware stack levels required when called:    2
 This function calls:
		_MFRC522_Wr
 This function is called by:
		_MFRC522_Init
 This function uses a non-reentrant model


 *************** function _MFRC522_AntennaOn *****************
 Defined at:
		line 152 in file "main.c"
 Parameters:    Size  Location     Type
		None
 Auto vars:     Size  Location     Type
		None
 Return value:  Size  Location     Type
		None               void
 Registers used:
		wreg, status,2, status,0, btemp+1, pclath, cstack
 Tracked objects:
		On entry : 
		On exit  : 
		Unchanged: 
 Data sizes:     COMMON   BANK0   BANK1   BANK2
      Params:         0       0       0       0
      Locals:         0       0       0       0
      Temps:          0       1       0       0
      Totals:         0       1       0       0
Total ram usage:        1 bytes
 Hardware stack levels used:    1
 Hardware stack levels required when called:    3
 This function calls:
		_MFRC522_Set_Bit
 This function is called by:
		_MFRC522_Init
 This function uses a non-reentrant model


 *************** function _MFRC522_Set_Bit *****************
 Defined at:
		line 144 in file "main.c"
 Parameters:    Size  Location     Type
  addr            1    wreg     unsigned char 
  mask            1    0[BANK0 ] unsigned char 
 Auto vars:     Size  Location     Type
  addr            1    2[BANK0 ] unsigned char 
 Return value:  Size  Location     Type
		None               void
 Registers used:
		wreg, status,2, status,0, btemp+1, pclath, cstack
 Tracked objects:
		On entry : 
		On exit  : 
		Unchanged: 
 Data sizes:     COMMON   BANK0   BANK1   BANK2
      Params:         0       1       0       0
      Locals:         0       1       0       0
      Temps:          0       1       0       0
      Totals:         0       3       0       0
Total ram usage:        3 bytes
 Hardware stack levels used:    1
 Hardware stack levels required when called:    2
 This function calls:
		_MFRC522_Rd
		_MFRC522_Wr
 This function is called by:
		_MFRC522_AntennaOn
		_MFRC522_ToCard
		_MFRC522_CRC
 This function uses a non-reentrant model


 *************** function _MFRC522_Wr *****************
 Defined at:
		line 124 in file "main.c"
 Parameters:    Size  Location     Type
  addr            1    wreg     unsigned char 
  value           1   11[COMMON] unsigned char 
 Auto vars:     Size  Location     Type
  addr            1   13[COMMON] unsigned char 
 Return value:  Size  Location     Type
		None               void
 Registers used:
		wreg, status,2, status,0, btemp+1, pclath, cstack
 Tracked objects:
		On entry : 
		On exit  : 
		Unchanged: 
 Data sizes:     COMMON   BANK0   BANK1   BANK2
      Params:         1       0       0       0
      Locals:         1       0       0       0
      Temps:          1       0       0       0
      Totals:         3       0       0       0
Total ram usage:        3 bytes
 Hardware stack levels used:    1
 Hardware stack levels required when called:    1
 This function calls:
		_SPI_transfer
 This function is called by:
		_MFRC522_Clear_Bit
		_MFRC522_Set_Bit
		_MFRC522_Reset
		_MFRC522_Init
		_MFRC522_ToCard
		_MFRC522_Request
		_MFRC522_CRC
		_MFRC522_AntiColl
 This function uses a non-reentrant model


 *************** function _MFRC522_Rd *****************
 Defined at:
		line 131 in file "main.c"
 Parameters:    Size  Location     Type
  addr            1    wreg     unsigned char 
 Auto vars:     Size  Location     Type
  addr            1    9[COMMON] unsigned char 
  value           1   10[COMMON] unsigned char 
 Return value:  Size  Location     Type
                  1    wreg      unsigned char 
 Registers used:
		wreg, status,2, status,0, btemp+1, pclath, cstack
 Tracked objects:
		On entry : 
		On exit  : 
		Unchanged: 
 Data sizes:     COMMON   BANK0   BANK1   BANK2
      Params:         0       0       0       0
      Locals:         2       0       0       0
      Temps:          1       0       0       0
      Totals:         3       0       0       0
Total ram usage:        3 bytes
 Hardware stack levels used:    1
 Hardware stack levels required when called:    1
 This function calls:
		_SPI_transfer
 This function is called by:
		_MFRC522_Clear_Bit
		_MFRC522_Set_Bit
		_MFRC522_ToCard
		_MFRC522_CRC
		_MFRC522_Auth
 This function uses a non-reentrant model


 *************** function _SPI_transfer *****************
 Defined at:
		line 42 in file "SPI.c"
 Parameters:    Size  Location     Type
  data            1    wreg     unsigned char 
 Auto vars:     Size  Location     Type
  data            1    7[COMMON] unsigned char 
  i               2    5[COMMON] int 
  i               2    3[COMMON] int 
  ret             1    1[COMMON] unsigned char 
  ret             1    2[COMMON] unsigned char 
 Return value:  Size  Location     Type
                  1    wreg      unsigned char 
 Registers used:
		wreg, status,2, status,0, btemp+1
 Tracked objects:
		On entry : 
		On exit  : 
		Unchanged: 
 Data sizes:     COMMON   BANK0   BANK1   BANK2
      Params:         0       0       0       0
      Locals:         7       0       0       0
      Temps:          1       0       0       0
      Totals:         8       0       0       0
Total ram usage:        8 bytes
 Hardware stack levels used:    1
 This function calls:
		Nothing
 This function is called by:
		_MFRC522_Wr
		_MFRC522_Rd
 This function uses a non-reentrant model



MODULE INFORMATION

Module		Function		Class		Link	Load	Size
UART.c
		_putch         		CODE           	02AC	0000	23
		_UART_init     		CODE           	0271	0000	17

UART.c estimated size: 40

C:\Program Files (x86)\Microchip\xc8\v1.33\sources\common\doprnt.c
		_printf        		CODE           	060F	0000	183

C:\Program Files (x86)\Microchip\xc8\v1.33\sources\common\doprnt.c estimated size: 183

C:\Program Files (x86)\Microchip\xc8\v1.33\sources\common\lwmod.c
		___lwmod       		CODE           	02E3	0000	52

C:\Program Files (x86)\Microchip\xc8\v1.33\sources\common\lwmod.c estimated size: 52

C:\Program Files (x86)\Microchip\xc8\v1.33\sources\common\lwdiv.c
		___lwdiv       		CODE           	0386	0000	62

C:\Program Files (x86)\Microchip\xc8\v1.33\sources\common\lwdiv.c estimated size: 62

shared
		__stringtab    		STRING         	0001	0000	6
		__stringdata   		STRING         	0011	0000	45
		_dpowers       		STRING         	0007	0000	10
		__initializatio		CODE           	07F9	0000	5

shared estimated size: 66

SPI.c
		_SPI_init      		CODE           	02C3	0000	32
		_SPI_transfer  		CODE           	04D8	0000	133

SPI.c estimated size: 165

main.c
		_MFRC522_Reques		CODE           	034D	0000	57
		_main          		CODE           	055D	0000	178
		_MFRC522_ReadCa		CODE           	0296	0000	22
		_MFRC522_Rd    		CODE           	0282	0000	20
		_MFRC522_Wr    		CODE           	0242	0000	15
		_MFRC522_CRC   		CODE           	03C4	0000	91
		_MFRC522_Init  		CODE           	0317	0000	54
		_MFRC522_AntiCo		CODE           	047B	0000	93
		_MFRC522_Select		CODE           	041F	0000	92
		_MFRC522_Reset 		CODE           	022B	0000	9
		_MFRC522_Antenn		CODE           	0222	0000	9
		_MFRC522_Clear_		CODE           	0251	0000	16
		_MFRC522_ToCard		CODE           	06C6	0000	307
		_MFRC522_isCard		CODE           	0261	0000	16
		_MFRC522_Set_Bi		CODE           	0234	0000	14

main.c estimated size: 993

