Microchip MPLAB XC8 Compiler V1.33 ()

Linker command line:

--edf=C:\Program Files (x86)\Microchip\xc8\v1.33\dat\en_msgs.txt -cs \
  -h+dist/default/production\Serial_begin.X.production.sym \
  --cmf=dist/default/production\Serial_begin.X.production.cmf -z -Q18F4520 \
  -oC:\Users\micro\AppData\Local\Temp\s34g.6 \
  -Mdist/default/production/Serial_begin.X.production.map -E1 -ver=XC8 \
  -ASTACK=080h-05ffh -pstack=STACK -ACODE=00h-07FFFh -ACONST=00h-07FFFh \
  -ASMALLCONST=0600h-06FFhx122 -AMEDIUMCONST=0600h-07FFFh -ACOMRAM=01h-07Fh \
  -AABS1=00h-05FFh -ABIGRAM=01h-05FFh -ARAM=080h-0FFh,0100h-01FFhx5 \
  -ABANK0=080h-0FFh -ABANK1=0100h-01FFh -ABANK2=0200h-02FFh \
  -ABANK3=0300h-03FFh -ABANK4=0400h-04FFh -ABANK5=0500h-05FFh \
  -ASFR=0F80h-0FFFh \
  -preset_vec=00h,intcode=08h,intcodelo,powerup,init,end_init \
  -pramtop=0600h -psmallconst=SMALLCONST -pmediumconst=MEDIUMCONST \
  -pconst=CONST -AFARRAM=00h-00h -ACONFIG=0300000h-030000Dh -pconfig=CONFIG \
  -AIDLOC=0200000h-0200007h -pidloc=IDLOC -AEEDATA=0F00000h-0F000FFh \
  -peeprom_data=EEDATA \
  -prdata=COMRAM,nvrram=COMRAM,nvbit=COMRAM,rbss=COMRAM,rbit=COMRAM \
  -pfarbss=FARRAM,fardata=FARRAM,nvFARRAM=FARRAM \
  -pintsave_regs=BIGRAM,bigbss=BIGRAM,bigdata=BIGRAM -pbss=RAM \
  -pidata=CODE,irdata=CODE,ibigdata=CODE,ifardata=CODE \
  C:\Users\micro\AppData\Local\Temp\s34g.obj \
  dist/default/production\Serial_begin.X.production.obj 

Object code version is 3.11

Machine type is 18F4520

Call graph: (short form)




                Name                               Link     Load   Length Selector   Space Scale
C:\Users\micro\AppData\Local\Temp\s34g.obj
                end_init                             18       18        4        4       0
                reset_vec                             0        0        4        0       0
                idloc                            200000   200000        8   200000       0
                config                           300000   300000        E   300000       0
dist/default/production\Serial_begin.X.production.obj
                intcode                               8        8       10        4       0
                smallconst                          600      600       5E      300       0
                intcode_body                        6E2      6E2       80      32F       0
                text5                               86A      86A        A      32F       0
                text4                               81C      81C       26      32F       0
                text3                               762      762       70      32F       0
                text2                               85C      85C        E      32F       0
                text1                               7D2      7D2       4A      32F       0
                text0                               65E      65E       84      32F       0
                cstackCOMRAM                          1        1       17        1       1
                bssCOMRAM                            18       18       12        1       1
                cinit                               842      842       1A      32F       0

TOTAL           Name                               Link     Load   Length     Space
        CLASS   STACK          

        CLASS   CODE           
                end_init                             18       18        4         0
                intcode                               8        8       10         0
                reset_vec                             0        0        4         0
                intcode_body                        6E2      6E2       80         0
                text5                               86A      86A        A         0
                text4                               81C      81C       26         0
                text3                               762      762       70         0
                text2                               85C      85C        E         0
                text1                               7D2      7D2       4A         0
                text0                               65E      65E       84         0
                cinit                               842      842       1A         0

        CLASS   CONST          

        CLASS   SMALLCONST     
                smallconst                          600      600       5E         0

        CLASS   MEDIUMCONST    

        CLASS   COMRAM         
                cstackCOMRAM                          1        1       17         1
                bssCOMRAM                            18       18       12         1

        CLASS   ABS1           

        CLASS   BIGRAM         

        CLASS   RAM            

        CLASS   BANK0          

        CLASS   BANK1          

        CLASS   BANK2          

        CLASS   BANK3          

        CLASS   BANK4          

        CLASS   BANK5          

        CLASS   SFR            

        CLASS   FARRAM         

        CLASS   CONFIG         
                config                           300000   300000        E         0

        CLASS   IDLOC          
                idloc                            200000   200000        8         0

        CLASS   EEDATA         



SEGMENTS        Name                           Load    Length   Top    Selector   Space  Class

                reset_vec                      000000  000004  000004         0       0  CODE    
                cstackCOMRAM                   000001  000029  00002A         1       1  COMRAM  
                intcode                        000008  000014  00001C         4       0  CODE    
                smallconst                     000600  00005E  00065E       300       0  SMALLCON
                text0                          00065E  000216  000874       32F       0  CODE    
                idloc                          200000  000008  200008    200000       0  IDLOC   
                config                         300000  00000E  30000E    300000       0  CONFIG  


UNUSED ADDRESS RANGES

        Name                Unused          Largest block    Delta
        BANK0            000080-0000FF               80
        BANK1            000100-0001FF              100
        BANK2            000200-0002FF              100
        BANK3            000300-0003FF              100
        BANK4            000400-0004FF              100
        BANK5            000500-0005FF              100
        BIGRAM           00002A-0005FF              5D6
        CODE             000004-000007                4
                         00001C-0005FF              5E4
                         000874-007FFF             778C
        COMRAM           00002A-00007F               56
        CONST            000004-000007                4
                         00001C-0005FF              5E4
                         000874-007FFF             778C
        EEDATA           F00000-F000FF              100
        MEDIUMCONST      000874-007FFF             778C
        RAM              000080-0005FF              100
        SFR              000F80-000FFF               80
        SMALLCONST       000874-007FFF              100
        STACK            000080-0005FF              580

                                  Symbol Table

?_Serial_available           cstackCOMRAM 00000F
Serial_read_byte@data        cstackCOMRAM 000014
Serial_read_byte@i           cstackCOMRAM 000015
Serial_write_byte@data       cstackCOMRAM 00000F
Serial_write_msg@str         cstackCOMRAM 000010
_ADCON1                      (abs)        000FC1
_BAUDCONbits                 (abs)        000FB8
_INTCONbits                  (abs)        000FF2
_PIE1bits                    (abs)        000F9D
_PORTB                       (abs)        000F81
_PORTBbits                   (abs)        000F81
_RCIF                        (abs)        007CF5
_RCREG                       (abs)        000FAE
_RCSTAbits                   (abs)        000FAB
_SPBRG                       (abs)        000FAF
_Serial_available            text5        00086A
_Serial_config_2400          text4        00081C
_Serial_read_byte            text3        000762
_Serial_write_byte           text2        00085C
_Serial_write_msg            text1        0007D2
_TRISBbits                   (abs)        000F93
_TRISCbits                   (abs)        000F94
_TXREG                       (abs)        000FAD
_TXSTAbits                   (abs)        000FAC
__EUSART_receiver            intcode      000008
__HRAM                       (abs)        000000
__Habs1                      abs1         000000
__Hbank0                     bank0        000000
__Hbank1                     bank1        000000
__Hbank2                     bank2        000000
__Hbank3                     bank3        000000
__Hbank4                     bank4        000000
__Hbank5                     bank5        000000
__Hbigbss                    bigbss       000000
__Hbigdata                   bigdata      000000
__Hbigram                    bigram       000000
__Hbss                       bss          000000
__HbssCOMRAM                 bssCOMRAM    000000
__Hcinit                     cinit        000000
__Hclrtext                   clrtext      000000
__Hcomram                    comram       000000
__Hconfig                    config       30000E
__Hconst                     const        000000
__HcstackCOMRAM              cstackCOMRAM 000000
__Hdata                      data         000000
__Heeprom_data               eeprom_data  000000
__Hend_init                  end_init     00001C
__Hfarbss                    farbss       000000
__Hfardata                   fardata      000000
__Hibigdata                  ibigdata     000000
__Hidata                     idata        000000
__Hidloc                     idloc        200008
__Hifardata                  ifardata     000000
__Hinit                      init         000018
__Hintcode                   intcode      000018
__Hintcode_body              intcode_body 000000
__Hintcodelo                 intcodelo    000018
__Hintentry                  intentry     000000
__Hintret                    intret       000000
__Hintsave_regs              intsave_regs 000000
__Hirdata                    irdata       000000
__Hmediumconst               mediumconst  000000
__HnvFARRAM                  nvFARRAM     000000
__Hnvbit                     nvbit        000000
__Hnvrram                    nvrram       000000
__Hparam                     rparam       000000
__Hpowerup                   powerup      000018
__Hram                       ram          000000
__Hramtop                    ramtop       000600
__Hrbit                      rbit         000000
__Hrbss                      rbss         000000
__Hrdata                     rdata        000000
__Hreset_vec                 reset_vec    000004
__Hrparam                    rparam       000000
__Hsfr                       sfr          000000
__Hsmallconst                smallconst   00065E
__Hspace_0                   (abs)        30000E
__Hspace_1                   (abs)        00002A
__Hspace_2                   (abs)        000000
__Hstack                     stack        000000
__Hstruct                    struct       000000
__Htemp                      temp         000000
__Htext                      text         000000
__Htext0                     text0        000000
__Htext1                     text1        000000
__Htext2                     text2        000000
__Htext3                     text3        000000
__Htext4                     text4        000000
__Htext5                     text5        000000
__LRAM                       (abs)        000001
__Labs1                      abs1         000000
__Lbank0                     bank0        000000
__Lbank1                     bank1        000000
__Lbank2                     bank2        000000
__Lbank3                     bank3        000000
__Lbank4                     bank4        000000
__Lbank5                     bank5        000000
__Lbigbss                    bigbss       000000
__Lbigdata                   bigdata      000000
__Lbigram                    bigram       000000
__Lbss                       bss          000000
__LbssCOMRAM                 bssCOMRAM    000000
__Lcinit                     cinit        000000
__Lclrtext                   clrtext      000000
__Lcomram                    comram       000000
__Lconfig                    config       300000
__Lconst                     const        000000
__LcstackCOMRAM              cstackCOMRAM 000000
__Ldata                      data         000000
__Leeprom_data               eeprom_data  000000
__Lend_init                  end_init     000018
__Lfarbss                    farbss       000000
__Lfardata                   fardata      000000
__Libigdata                  ibigdata     000000
__Lidata                     idata        000000
__Lidloc                     idloc        200000
__Lifardata                  ifardata     000000
__Linit                      init         000018
__Lintcode                   intcode      000008
__Lintcode_body              intcode_body 000000
__Lintcodelo                 intcodelo    000018
__Lintentry                  intentry     000000
__Lintret                    intret       000000
__Lintsave_regs              intsave_regs 000000
__Lirdata                    irdata       000000
__Lmediumconst               mediumconst  000000
__LnvFARRAM                  nvFARRAM     000000
__Lnvbit                     nvbit        000000
__Lnvrram                    nvrram       000000
__Lparam                     rparam       000000
__Lpowerup                   powerup      000018
__Lram                       ram          000000
__Lramtop                    ramtop       000600
__Lrbit                      rbit         000000
__Lrbss                      rbss         000000
__Lrdata                     rdata        000000
__Lreset_vec                 reset_vec    000000
__Lrparam                    rparam       000000
__Lsfr                       sfr          000000
__Lsmallconst                smallconst   000600
__Lspace_0                   (abs)        000000
__Lspace_1                   (abs)        000000
__Lspace_2                   (abs)        000000
__Lstack                     stack        000000
__Lstruct                    struct       000000
__Ltemp                      temp         000000
__Ltext                      text         000000
__Ltext0                     text0        000000
__Ltext1                     text1        000000
__Ltext2                     text2        000000
__Ltext3                     text3        000000
__Ltext4                     text4        000000
__Ltext5                     text5        000000
__S0                         (abs)        30000E
__S1                         (abs)        00002A
__S2                         (abs)        000000
___inthi_sp                  stack        000000
___intlo_sp                  stack        000000
___sp                        stack        000000
__accesstop                  (abs)        000080
__activetblptr               (abs)        000001
__end_of_Serial_available    text5        000874
__end_of_Serial_config_2400  text4        000842
__end_of_Serial_read_byte    text3        0007D2
__end_of_Serial_write_byte   text2        00086A
__end_of_Serial_write_msg    text1        00081C
__end_of__EUSART_receiver    intcode_body 000762
__end_of__initialization     cinit        00084E
__end_of__stringdata         smallconst   00065D
__end_of_main                text0        0006E2
__initialization             cinit        000842
__mediumconst                mediumconst  000000
__pbssCOMRAM                 bssCOMRAM    000018
__pcinit                     cinit        000842
__pcstackCOMRAM              cstackCOMRAM 000001
__pintcode                   intcode      000008
__pintcode_body              intcode_body 0006E2
__psmallconst                smallconst   000600
__ptext0                     text0        00065E
__ptext1                     text1        0007D2
__ptext2                     text2        00085C
__ptext3                     text3        000762
__ptext4                     text4        00081C
__ptext5                     text5        00086A
__ramtop                     ramtop       000600
__size_of_Serial_available   (abs)        000000
__size_of_Serial_config_2400 (abs)        000000
__size_of_Serial_read_byte   (abs)        000000
__size_of_Serial_write_byte  (abs)        000000
__size_of_Serial_write_msg   (abs)        000000
__size_of__EUSART_receiver   (abs)        000000
__size_of_main               (abs)        000000
__smallconst                 smallconst   000600
__stringdata                 smallconst   000601
_buffer                      bssCOMRAM    000018
_count                       bssCOMRAM    000028
_main                        text0        00065E
end_of_initialization        cinit        00084E
int_func                     intcode_body 0006E2
intlevel0                    text         000000
intlevel1                    text         000000
intlevel2                    text         000000
intlevel3                    text         000000
main@data                    cstackCOMRAM 000017
stackhi                      (abs)        0005FF
stacklo                      (abs)        000080
start                        init         000018
start_initialization         cinit        000842


FUNCTION INFORMATION:

 *************** function _main *****************
 Defined at:
		line 169 in file "main.c"
 Parameters:    Size  Location     Type
		None
 Auto vars:     Size  Location     Type
  data            1   22[COMRAM] unsigned char 
 Return value:  Size  Location     Type
		None               void
 Registers used:
		wreg, fsr1l, fsr1h, fsr2l, fsr2h, status,2, status,0, tblptrl, tblptrh, tblptru, cstack
 Tracked objects:
		On entry : 
		On exit  : 
		Unchanged: 
 Data sizes:     COMRAM   BANK0   BANK1   BANK2   BANK3   BANK4   BANK5
      Params:         0       0       0       0       0       0       0
      Locals:         1       0       0       0       0       0       0
      Temps:          0       0       0       0       0       0       0
      Totals:         1       0       0       0       0       0       0
Total ram usage:        1 bytes
 Hardware stack levels required when called:    3
 This function calls:
		_Serial_available
		_Serial_config_2400
		_Serial_read_byte
		_Serial_write_msg
 This function is called by:
		Startup code after reset
 This function uses a non-reentrant model


 *************** function _Serial_write_msg *****************
 Defined at:
		line 144 in file "main.c"
 Parameters:    Size  Location     Type
  str             2   15[COMRAM] PTR unsigned char 
		 -> STR_4(27), STR_3(15), STR_2(12), STR_1(38), 
 Auto vars:     Size  Location     Type
		None
 Return value:  Size  Location     Type
		None               void
 Registers used:
		wreg, status,2, status,0, tblptrl, tblptrh, tblptru, cstack
 Tracked objects:
		On entry : 
		On exit  : 
		Unchanged: 
 Data sizes:     COMRAM   BANK0   BANK1   BANK2   BANK3   BANK4   BANK5
      Params:         2       0       0       0       0       0       0
      Locals:         0       0       0       0       0       0       0
      Temps:          0       0       0       0       0       0       0
      Totals:         2       0       0       0       0       0       0
Total ram usage:        2 bytes
 Hardware stack levels used:    1
 Hardware stack levels required when called:    2
 This function calls:
		_Serial_write_byte
 This function is called by:
		_main
 This function uses a non-reentrant model


 *************** function _Serial_write_byte *****************
 Defined at:
		line 125 in file "main.c"
 Parameters:    Size  Location     Type
  data            1    wreg     unsigned char 
 Auto vars:     Size  Location     Type
  data            1   14[COMRAM] unsigned char 
 Return value:  Size  Location     Type
		None               void
 Registers used:
		wreg
 Tracked objects:
		On entry : 
		On exit  : 
		Unchanged: 
 Data sizes:     COMRAM   BANK0   BANK1   BANK2   BANK3   BANK4   BANK5
      Params:         0       0       0       0       0       0       0
      Locals:         1       0       0       0       0       0       0
      Temps:          0       0       0       0       0       0       0
      Totals:         1       0       0       0       0       0       0
Total ram usage:        1 bytes
 Hardware stack levels used:    1
 Hardware stack levels required when called:    1
 This function calls:
		Nothing
 This function is called by:
		_Serial_write_msg
 This function uses a non-reentrant model


 *************** function _Serial_read_byte *****************
 Defined at:
		line 132 in file "main.c"
 Parameters:    Size  Location     Type
		None
 Auto vars:     Size  Location     Type
  i               2   20[COMRAM] int 
  data            1   19[COMRAM] unsigned char 
 Return value:  Size  Location     Type
                  1    wreg      unsigned char 
 Registers used:
		wreg, fsr1l, fsr1h, fsr2l, fsr2h, status,2, status,0
 Tracked objects:
		On entry : 
		On exit  : 
		Unchanged: 
 Data sizes:     COMRAM   BANK0   BANK1   BANK2   BANK3   BANK4   BANK5
      Params:         0       0       0       0       0       0       0
      Locals:         3       0       0       0       0       0       0
      Temps:          5       0       0       0       0       0       0
      Totals:         8       0       0       0       0       0       0
Total ram usage:        8 bytes
 Hardware stack levels used:    1
 Hardware stack levels required when called:    1
 This function calls:
		Nothing
 This function is called by:
		_main
 This function uses a non-reentrant model


 *************** function _Serial_config_2400 *****************
 Defined at:
		line 91 in file "main.c"
 Parameters:    Size  Location     Type
		None
 Auto vars:     Size  Location     Type
		None
 Return value:  Size  Location     Type
		None               void
 Registers used:
		wreg, status,2
 Tracked objects:
		On entry : 
		On exit  : 
		Unchanged: 
 Data sizes:     COMRAM   BANK0   BANK1   BANK2   BANK3   BANK4   BANK5
      Params:         0       0       0       0       0       0       0
      Locals:         0       0       0       0       0       0       0
      Temps:          0       0       0       0       0       0       0
      Totals:         0       0       0       0       0       0       0
Total ram usage:        0 bytes
 Hardware stack levels used:    1
 Hardware stack levels required when called:    1
 This function calls:
		Nothing
 This function is called by:
		_main
 This function uses a non-reentrant model


 *************** function _Serial_available *****************
 Defined at:
		line 120 in file "main.c"
 Parameters:    Size  Location     Type
		None
 Auto vars:     Size  Location     Type
		None
 Return value:  Size  Location     Type
                  2   14[COMRAM] int 
 Registers used:
		None
 Tracked objects:
		On entry : 
		On exit  : 
		Unchanged: 
 Data sizes:     COMRAM   BANK0   BANK1   BANK2   BANK3   BANK4   BANK5
      Params:         2       0       0       0       0       0       0
      Locals:         0       0       0       0       0       0       0
      Temps:          0       0       0       0       0       0       0
      Totals:         2       0       0       0       0       0       0
Total ram usage:        2 bytes
 Hardware stack levels used:    1
 Hardware stack levels required when called:    1
 This function calls:
		Nothing
 This function is called by:
		_main
 This function uses a non-reentrant model


 *************** function __EUSART_receiver *****************
 Defined at:
		line 158 in file "main.c"
 Parameters:    Size  Location     Type
		None
 Auto vars:     Size  Location     Type
		None
 Return value:  Size  Location     Type
		None               void
 Registers used:
		wreg, fsr2l, fsr2h, status,2, status,0
 Tracked objects:
		On entry : 
		On exit  : 
		Unchanged: 
 Data sizes:     COMRAM   BANK0   BANK1   BANK2   BANK3   BANK4   BANK5
      Params:         0       0       0       0       0       0       0
      Locals:         0       0       0       0       0       0       0
      Temps:         14       0       0       0       0       0       0
      Totals:        14       0       0       0       0       0       0
Total ram usage:       14 bytes
 Hardware stack levels used:    1
 This function calls:
		Nothing
 This function is called by:
		Interrupt level 2
 This function uses a non-reentrant model



MODULE INFORMATION

Module		Function		Class		Link	Load	Size
shared
		__stringdata   		SMALLCONST     	0601	0000	92
		__initializatio		CODE           	0842	0000	12

shared estimated size: 104

main.c
		_main          		CODE           	065E	0000	132
		_Serial_availab		CODE           	086A	0000	10
		_Serial_write_m		CODE           	07D2	0000	74
		_Serial_read_by		CODE           	0762	0000	112
		_Serial_config_		CODE           	081C	0000	38
		_Serial_write_b		CODE           	085C	0000	14
		__EUSART_receiv		CODE           	0008	0000	1882

main.c estimated size: 2262

