Microchip MPLAB XC8 Compiler V1.33 ()

Linker command line:

--edf=C:\Program Files (x86)\Microchip\xc8\v1.33\dat\en_msgs.txt -cs \
  -h+dist/default/production\Projeto_RFID.X.production.sym \
  --cmf=dist/default/production\Projeto_RFID.X.production.cmf -z -Q16F628A \
  -oC:\Users\micro\AppData\Local\Temp\s5g8.6 \
  -Mdist/default/production/Projeto_RFID.X.production.map -E1 -ver=XC8 \
  -ASTACK=0120h-014fh -pstack=STACK -ACONST=00h-0FFhx8 -ACODE=00h-07FFh \
  -ASTRCODE=00h-07FFh -AENTRY=00h-0FFhx8 -ASTRING=00h-0FFhx8 \
  -ACOMMON=070h-07Fh -ABANK0=020h-06Fh -ABANK1=0A0h-0EFh \
  -ABANK2=0120h-014Fh -ARAM=020h-06Fh,0A0h-0EFh,0120h-014Fh \
  -AABS1=020h-07Fh,0A0h-0EFh,0120h-014Fh -ASFR0=00h-01Fh -ASFR1=080h-09Fh \
  -ASFR2=0100h-011Fh -ASFR3=0180h-01EFh \
  -preset_vec=00h,intentry=04h,init,end_init -ppowerup=CODE -pcinit=CODE \
  -pfunctab=CODE -ACONFIG=02007h-02007h -pconfig=CONFIG -DCONFIG=2 \
  -AIDLOC=02000h-02003h -pidloc=IDLOC -DIDLOC=2 -AEEDATA=00h-07Fh/02100h \
  -peeprom_data=EEDATA -DEEDATA=2 -DCODE=2 -DSTRCODE=2 -DSTRING=2 -DCONST=2 \
  -DENTRY=2 -k C:\Users\micro\AppData\Local\Temp\s5g8.obj \
  dist/default/production\Projeto_RFID.X.production.obj 

Object code version is 3.11

Machine type is 16F628A



                Name                               Link     Load   Length Selector   Space Scale
C:\Users\micro\AppData\Local\Temp\s5g8.obj
                end_init                             10       10        1        8       0
                reset_vec                             0        0        1        0       0
dist/default/production\Projeto_RFID.X.production.obj
                cinit                                11       11       3D        8       0
                intentry                              4        4        C        8       0
                text23                              52D      52D       1B      A5A       0
                text22                              351      351       45        8       0
                text21                              55F      55F       17      A5A       0
                text20                              58C      58C       14      A5A       0
                text19                              5D3      5D3       10      A5A       0
                text18                              5E3      5E3        E      A5A       0
                text17                              2F6      2F6       5B        8       0
                text16                               4E       4E      135        8       0
                text15                              48B      48B       36        8       0
                text14                              605      605        9      A5A       0
                text13                              5FC      5FC        9      A5A       0
                text12                              5F1      5F1        B      A5A       0
                text11                              418      418       3D        8       0
                text10                              23D      23D       5D        8       0
                text9                               576      576       16      A5A       0
                text8                               29A      29A       5C        8       0
                text7                               4C1      4C1       35        8       0
                text6                               5C3      5C3       10      A5A       0
                text5                               5B2      5B2       11      A5A       0
                text4                               3D8      3D8       40        8       0
                text3                               455      455       36        8       0
                text2                               548      548       17      A5A       0
                text1                               183      183       BA        8       0
                maintext                            396      396       42        8       0
                cstackBANK0                          20       20       3F       20       1
                cstackCOMMON                         70       70        7       70       1
                clrtext                             60E      60E        8      A5A       0
                dataBANK1                            A0       A0       12       A0       1
                bssBANK1                             B2       B2       10       A0       1
                dataBANK0                            5F       5F        6       20       1
                bssCOMMON                            77       77        2       70       1
                strings                             500      500       2D      A00       0
                idataBANK1                          5A0      5A0       12      A5A       0
                idataBANK0                          616      616        6      A5A       0

TOTAL           Name                               Link     Load   Length     Space
        CLASS   STACK          

        CLASS   CONST          

        CLASS   CODE           
                end_init                             10       10        1         0
                cinit                                11       11       3D         0
                intentry                              4        4        C         0
                reset_vec                             0        0        1         0
                text23                              52D      52D       1B         0
                text22                              351      351       45         0
                text21                              55F      55F       17         0
                text20                              58C      58C       14         0
                text19                              5D3      5D3       10         0
                text18                              5E3      5E3        E         0
                text17                              2F6      2F6       5B         0
                text16                               4E       4E      135         0
                text15                              48B      48B       36         0
                text14                              605      605        9         0
                text13                              5FC      5FC        9         0
                text12                              5F1      5F1        B         0
                text11                              418      418       3D         0
                text10                              23D      23D       5D         0
                text9                               576      576       16         0
                text8                               29A      29A       5C         0
                text7                               4C1      4C1       35         0
                text6                               5C3      5C3       10         0
                text5                               5B2      5B2       11         0
                text4                               3D8      3D8       40         0
                text3                               455      455       36         0
                text2                               548      548       17         0
                text1                               183      183       BA         0
                maintext                            396      396       42         0
                clrtext                             60E      60E        8         0
                idataBANK1                          5A0      5A0       12         0
                idataBANK0                          616      616        6         0

        CLASS   STRCODE        

        CLASS   ENTRY          

        CLASS   STRING         
                strings                             500      500       2D         0

        CLASS   COMMON         
                cstackCOMMON                         70       70        7         1
                bssCOMMON                            77       77        2         1

        CLASS   BANK0          
                cstackBANK0                          20       20       3F         1
                dataBANK0                            5F       5F        6         1

        CLASS   BANK1          
                dataBANK1                            A0       A0       12         1
                bssBANK1                             B2       B2       10         1

        CLASS   BANK2          

        CLASS   RAM            

        CLASS   ABS1           
                abs_s1                               7E       7E        2         1

        CLASS   SFR0           

        CLASS   SFR1           

        CLASS   SFR2           

        CLASS   SFR3           

        CLASS   CONFIG         

        CLASS   IDLOC          

        CLASS   EEDATA         

        CLASS   BANK3          



SEGMENTS        Name                           Load    Length   Top    Selector   Space  Class     Delta

                reset_vec                      000000  000001  000001         0       0  CODE        2
                intentry                       000004  0004F2  0004F6         8       0  CODE        2
                cstackBANK0                    000020  000045  000065        20       1  BANK0       1
                cstackCOMMON                   000070  000009  000079        70       1  COMMON      1
                dataBANK1                      0000A0  000022  0000C2        A0       1  BANK1       1
                strings                        000500  00002D  00052D       A00       0  STRING      2
                text23                         00052D  0000EF  00061C       A5A       0  CODE        2


UNUSED ADDRESS RANGES

        Name                Unused          Largest block    Delta
        BANK0            065-06F             B           1
        BANK1            0C2-0EF            2E           1
        BANK2            120-14F            30           1
        CODE             001-003             3           2
                         4F6-4FF             A
                         61C-7FF           1E4
        COMMON           079-07D             5           1
        CONFIG           2007-2007             1           2
        CONST            001-003             3           2
                         4F6-4FF             A
                         61C-7FF            E4
        EEDATA           2100-217F            80           2
        ENTRY            001-003             3           2
                         4F6-4FF             A
                         61C-7FF            E4
        IDLOC            2000-2003             4           2
        RAM              065-06F             B           1
                         0C2-0EF            2E
                         120-14F            30
        SFR0             000-01F            20           1
        SFR1             080-09F            20           1
        SFR2             100-11F            20           1
        SFR3             180-1EF            70           1
        STACK            120-14F            30           1
        STRCODE          001-003             3           2
                         4F6-4FF             A
                         61C-7FF           1E4
        STRING           001-003             3           2
                         4F6-4FF             A
                         61C-7FF            E4

                                  Symbol Table

?___lwdiv                        cstackBANK0  020
?___lwmod                        cstackBANK0  027
?_printf                         cstackBANK0  02C
MFRC522_AntiColl@_status         cstackBANK0  047
MFRC522_AntiColl@i               cstackBANK0  048
MFRC522_AntiColl@serNum          cstackBANK0  049
MFRC522_AntiColl@serNumCheck     cstackBANK0  044
MFRC522_AntiColl@unLen           cstackBANK0  045
MFRC522_CRC@dataIn               cstackBANK0  031
MFRC522_CRC@dataOut              cstackBANK0  02E
MFRC522_CRC@i                    cstackBANK0  032
MFRC522_CRC@length               cstackBANK0  02D
MFRC522_CRC@n                    cstackBANK0  030
MFRC522_Clear_Bit@addr           cstackBANK0  02C
MFRC522_Clear_Bit@mask           cstackBANK0  029
MFRC522_Halt@buff                cstackBANK0  043
MFRC522_Halt@unLen               cstackBANK0  047
MFRC522_Rd@addr                  cstackBANK0  024
MFRC522_Rd@value                 cstackBANK0  025
MFRC522_ReadCardSerial@_status   cstackBANK0  04B
MFRC522_ReadCardSerial@str       cstackBANK0  04C
MFRC522_Request@TagType          cstackBANK0  03F
MFRC522_Request@_status          cstackBANK0  045
MFRC522_Request@backBits         cstackBANK0  046
MFRC522_Request@reqMode          cstackBANK0  044
MFRC522_SelectTag@_status        cstackBANK0  04D
MFRC522_SelectTag@buffer         cstackBANK0  044
MFRC522_SelectTag@i              cstackBANK0  052
MFRC522_SelectTag@recvBits       cstackBANK0  050
MFRC522_SelectTag@serNum         cstackBANK0  04E
MFRC522_SelectTag@size           cstackBANK0  04F
MFRC522_Set_Bit@addr             cstackBANK0  02B
MFRC522_Set_Bit@mask             cstackBANK0  029
MFRC522_ToCard@_status           cstackBANK0  038
MFRC522_ToCard@backData          cstackBANK0  02F
MFRC522_ToCard@backLen           cstackBANK0  030
MFRC522_ToCard@command           cstackBANK0  03B
MFRC522_ToCard@i                 cstackBANK0  03C
MFRC522_ToCard@irqEn             cstackBANK0  03A
MFRC522_ToCard@lastBits          cstackBANK0  039
MFRC522_ToCard@n                 cstackBANK0  03E
MFRC522_ToCard@sendData          cstackBANK0  02D
MFRC522_ToCard@sendLen           cstackBANK0  02E
MFRC522_ToCard@waitIRq           cstackBANK0  037
MFRC522_Wr@addr                  cstackBANK0  028
MFRC522_Wr@value                 cstackBANK0  026
MFRC522_isCard@TagType           cstackBANK0  049
SPI_transfer@data                cstackBANK0  020
SPI_transfer@i                   cstackBANK0  022
SPI_transfer@ret                 cstackBANK0  021
_MFRC522_AntennaOn               text14       605
_MFRC522_AntiColl                text10       23D
_MFRC522_CRC                     text17       2F6
_MFRC522_Clear_Bit               text19       5D3
_MFRC522_Halt                    text15       48B
_MFRC522_Init                    text11       418
_MFRC522_Rd                      text21       55F
_MFRC522_ReadCardSerial          text9        576
_MFRC522_Request                 text7        4C1
_MFRC522_Reset                   text13       5FC
_MFRC522_SelectTag               text8        29A
_MFRC522_Set_Bit                 text18       5E3
_MFRC522_ToCard                  text16       04E
_MFRC522_Wr                      text20       58C
_MFRC522_isCard                  text6        5C3
_PORTB                           (abs)        006
_RCIF                            (abs)        065
_RCREG                           (abs)        01A
_RCSTAbits                       (abs)        018
_SPBRG                           (abs)        099
_SPI_init                        text12       5F1
_SPI_transfer                    text22       351
_TRISB                           (abs)        086
_TRISBbits                       (abs)        086
_TXIF                            (abs)        064
_TXREG                           (abs)        019
_TXSTAbits                       (abs)        098
_UART_init                       text5        5B2
__Habs1                          abs1         000
__Hbank0                         bank0        000
__Hbank1                         bank1        000
__Hbank2                         bank2        000
__Hbank3                         bank3        000
__HbssBANK1                      bssBANK1     000
__HbssCOMMON                     bssCOMMON    000
__Hcinit                         cinit        04E
__Hclrtext                       clrtext      000
__Hcode                          code         000
__Hcommon                        common       000
__Hconfig                        config       000
__HcstackBANK0                   cstackBANK0  000
__HcstackCOMMON                  cstackCOMMON 000
__HdataBANK0                     dataBANK0    000
__HdataBANK1                     dataBANK1    000
__Heeprom_data                   eeprom_data  000
__Hend_init                      end_init     011
__Hfunctab                       functab      000
__HidataBANK0                    idataBANK0   000
__HidataBANK1                    idataBANK1   000
__Hidloc                         idloc        000
__Hinit                          init         010
__Hintentry                      intentry     010
__Hmaintext                      maintext     000
__Hpowerup                       powerup      000
__Hram                           ram          000
__Hreset_vec                     reset_vec    001
__Hsfr0                          sfr0         000
__Hsfr1                          sfr1         000
__Hsfr2                          sfr2         000
__Hsfr3                          sfr3         000
__Hspace_0                       (abs)        61C
__Hspace_1                       (abs)        0C2
__Hspace_2                       (abs)        000
__Hspace_3                       (abs)        000
__Hstack                         stack        000
__Hstrings                       strings      000
__Htext                          text         000
__ISR                            text23       52D
__Labs1                          abs1         000
__Lbank0                         bank0        000
__Lbank1                         bank1        000
__Lbank2                         bank2        000
__Lbank3                         bank3        000
__LbssBANK1                      bssBANK1     000
__LbssCOMMON                     bssCOMMON    000
__Lcinit                         cinit        011
__Lclrtext                       clrtext      000
__Lcode                          code         000
__Lcommon                        common       000
__Lconfig                        config       000
__LcstackBANK0                   cstackBANK0  000
__LcstackCOMMON                  cstackCOMMON 000
__LdataBANK0                     dataBANK0    000
__LdataBANK1                     dataBANK1    000
__Leeprom_data                   eeprom_data  000
__Lend_init                      end_init     010
__Lfunctab                       functab      000
__LidataBANK0                    idataBANK0   000
__LidataBANK1                    idataBANK1   000
__Lidloc                         idloc        000
__Linit                          init         010
__Lintentry                      intentry     004
__Lmaintext                      maintext     000
__Lpowerup                       powerup      000
__Lram                           ram          000
__Lreset_vec                     reset_vec    000
__Lsfr0                          sfr0         000
__Lsfr1                          sfr1         000
__Lsfr2                          sfr2         000
__Lsfr3                          sfr3         000
__Lspace_0                       (abs)        000
__Lspace_1                       (abs)        000
__Lspace_2                       (abs)        000
__Lspace_3                       (abs)        000
__Lstack                         stack        000
__Lstrings                       strings      000
__Ltext                          text         000
__S0                             (abs)        61C
__S1                             (abs)        0C2
__S2                             (abs)        000
__S3                             (abs)        000
___int_sp                        stack        000
___latbits                       (abs)        000
___lwdiv                         text4        3D8
___lwdiv@counter                 cstackBANK0  024
___lwdiv@dividend                cstackBANK0  022
___lwdiv@divisor                 cstackBANK0  020
___lwdiv@quotient                cstackBANK0  025
___lwmod                         text3        455
___lwmod@counter                 cstackBANK0  02B
___lwmod@dividend                cstackBANK0  029
___lwmod@divisor                 cstackBANK0  027
___sp                            stack        000
__end_of_MFRC522_AntennaOn       text14       60E
__end_of_MFRC522_AntiColl        text10       29A
__end_of_MFRC522_CRC             text17       351
__end_of_MFRC522_Clear_Bit       text19       5E3
__end_of_MFRC522_Halt            text15       4C1
__end_of_MFRC522_Init            text11       455
__end_of_MFRC522_Rd              text21       576
__end_of_MFRC522_ReadCardSerial  text9        58C
__end_of_MFRC522_Request         text7        4F6
__end_of_MFRC522_Reset           text13       605
__end_of_MFRC522_SelectTag       text8        2F6
__end_of_MFRC522_Set_Bit         text18       5F1
__end_of_MFRC522_ToCard          text16       183
__end_of_MFRC522_Wr              text20       5A0
__end_of_MFRC522_isCard          text6        5D3
__end_of_SPI_init                text12       5FC
__end_of_SPI_transfer            text22       396
__end_of_UART_init               text5        5C3
__end_of__ISR                    text23       548
__end_of___lwdiv                 text4        418
__end_of___lwmod                 text3        48B
__end_of__initialization         cinit        04C
__end_of__stringdata             strings      52D
__end_of__stringtab              strings      506
__end_of_dpowers                 strings      510
__end_of_main                    maintext     3D8
__end_of_printf                  text1        23D
__end_of_putch                   text2        55F
__initialization                 cinit        011
__pbssBANK1                      bssBANK1     0B2
__pbssCOMMON                     bssCOMMON    077
__pcstackBANK0                   cstackBANK0  020
__pcstackCOMMON                  cstackCOMMON 070
__pdataBANK0                     dataBANK0    05F
__pdataBANK1                     dataBANK1    0A0
__pidataBANK0                    idataBANK0   616
__pidataBANK1                    idataBANK1   5A0
__pintentry                      intentry     004
__pmaintext                      maintext     396
__pstrings                       strings      500
__ptext1                         text1        183
__ptext10                        text10       23D
__ptext11                        text11       418
__ptext12                        text12       5F1
__ptext13                        text13       5FC
__ptext14                        text14       605
__ptext15                        text15       48B
__ptext16                        text16       04E
__ptext17                        text17       2F6
__ptext18                        text18       5E3
__ptext19                        text19       5D3
__ptext2                         text2        548
__ptext20                        text20       58C
__ptext21                        text21       55F
__ptext22                        text22       351
__ptext23                        text23       52D
__ptext3                         text3        455
__ptext4                         text4        3D8
__ptext5                         text5        5B2
__ptext6                         text6        5C3
__ptext7                         text7        4C1
__ptext8                         text8        29A
__ptext9                         text9        576
__size_of_MFRC522_AntennaOn      (abs)        000
__size_of_MFRC522_AntiColl       (abs)        000
__size_of_MFRC522_CRC            (abs)        000
__size_of_MFRC522_Clear_Bit      (abs)        000
__size_of_MFRC522_Halt           (abs)        000
__size_of_MFRC522_Init           (abs)        000
__size_of_MFRC522_Rd             (abs)        000
__size_of_MFRC522_ReadCardSerial (abs)        000
__size_of_MFRC522_Request        (abs)        000
__size_of_MFRC522_Reset          (abs)        000
__size_of_MFRC522_SelectTag      (abs)        000
__size_of_MFRC522_Set_Bit        (abs)        000
__size_of_MFRC522_ToCard         (abs)        000
__size_of_MFRC522_Wr             (abs)        000
__size_of_MFRC522_isCard         (abs)        000
__size_of_SPI_init               (abs)        000
__size_of_SPI_transfer           (abs)        000
__size_of_UART_init              (abs)        000
__size_of__ISR                   (abs)        000
__size_of___lwdiv                (abs)        000
__size_of___lwmod                (abs)        000
__size_of_main                   (abs)        000
__size_of_printf                 (abs)        000
__size_of_putch                  (abs)        000
__stringbase                     strings      505
__stringdata                     strings      510
__stringtab                      strings      500
_buffer                          bssBANK1     0B2
_count                           bssCOMMON    077
_dpowers                         strings      506
_key                             dataBANK0    05F
_main                            maintext     396
_printf                          text1        183
_putch                           text2        548
_writeData                       dataBANK1    0A0
btemp                            (abs)        07E
clear_ram0                       clrtext      60E
end_of_initialization            cinit        04C
interrupt_function               intentry     004
intlevel0                        functab      000
intlevel1                        functab      000
intlevel2                        functab      000
intlevel3                        functab      000
intlevel4                        functab      000
intlevel5                        functab      000
ltemp                            (abs)        07E
ltemp0                           (abs)        07E
ltemp1                           (abs)        082
ltemp2                           (abs)        086
ltemp3                           (abs)        080
main@TagType                     cstackBANK0  05D
main@UID                         cstackBANK0  056
main@i                           cstackBANK0  05C
main@size                        cstackBANK0  055
printf@_val                      cstackBANK0  035
printf@ap                        cstackBANK0  033
printf@c                         cstackBANK0  039
printf@f                         cstackBANK0  034
printf@flag                      cstackBANK0  031
printf@prec                      cstackBANK0  032
putch@data                       cstackCOMMON 075
reset_vec                        reset_vec    000
saved_w                          (abs)        07E
stackhi                          (abs)        000
stacklo                          (abs)        000
start                            init         010
start_initialization             cinit        011
ttemp                            (abs)        07E
ttemp0                           (abs)        07E
ttemp1                           (abs)        081
ttemp2                           (abs)        084
ttemp3                           (abs)        087
ttemp4                           (abs)        07F
wtemp                            (abs)        07E
wtemp0                           (abs)        07E
wtemp1                           (abs)        080
wtemp2                           (abs)        082
wtemp3                           (abs)        084
wtemp4                           (abs)        086
wtemp5                           (abs)        088
wtemp6                           (abs)        07F


FUNCTION INFORMATION:

 *************** function _main *****************
 Defined at:
		line 636 in file "main.c"
 Parameters:    Size  Location     Type
		None
 Auto vars:     Size  Location     Type
  msg            12    0        unsigned char [12]
  UID             6   54[BANK0 ] unsigned char [6]
  TagType         2   61[BANK0 ] unsigned int 
  i               1   60[BANK0 ] unsigned char 
  size            1   53[BANK0 ] unsigned char 
 Return value:  Size  Location     Type
		None               void
 Registers used:
		wreg, fsr0l, fsr0h, status,2, status,0, btemp+1, pclath, cstack
 Tracked objects:
		On entry : 
		On exit  : 
		Unchanged: 
 Data sizes:     COMMON   BANK0   BANK1   BANK2
      Params:         0       0       0       0
      Locals:         0      10       0       0
      Temps:          0       2       0       0
      Totals:         0      12       0       0
Total ram usage:       12 bytes
 Hardware stack levels required when called:    7
 This function calls:
		_MFRC522_Halt
		_MFRC522_Init
		_MFRC522_ReadCardSerial
		_MFRC522_SelectTag
		_MFRC522_isCard
		_SPI_init
		_UART_init
		_printf
 This function is called by:
		Startup code after reset
 This function uses a non-reentrant model


 *************** function _printf *****************
 Defined at:
		line 464 in file "C:\Program Files (x86)\Microchip\xc8\v1.33\sources\common\doprnt.c"
 Parameters:    Size  Location     Type
  f               1    wreg     PTR const unsigned char 
		 -> STR_4(2), STR_3(3), STR_2(9), STR_1(17), 
 Auto vars:     Size  Location     Type
  f               1   20[BANK0 ] PTR const unsigned char 
		 -> STR_4(2), STR_3(3), STR_2(9), STR_1(17), 
  _val            4   21[BANK0 ] struct .
  c               1   25[BANK0 ] char 
  ap              1   19[BANK0 ] PTR void [1]
		 -> ?_printf(2), 
  prec            1   18[BANK0 ] char 
  flag            1   17[BANK0 ] unsigned char 
 Return value:  Size  Location     Type
                  2   12[BANK0 ] int 
 Registers used:
		wreg, fsr0l, fsr0h, status,2, status,0, btemp+1, pclath, cstack
 Tracked objects:
		On entry : 
		On exit  : 
		Unchanged: 
 Data sizes:     COMMON   BANK0   BANK1   BANK2
      Params:         0       2       0       0
      Locals:         0       9       0       0
      Temps:          0       3       0       0
      Totals:         0      14       0       0
Total ram usage:       14 bytes
 Hardware stack levels used:    1
 Hardware stack levels required when called:    2
 This function calls:
		___lwdiv
		___lwmod
		_putch
 This function is called by:
		_main
 This function uses a non-reentrant model


 *************** function _putch *****************
 Defined at:
		line 9 in file "main.c"
 Parameters:    Size  Location     Type
  data            1    wreg     unsigned char 
 Auto vars:     Size  Location     Type
  data            1    5[COMMON] unsigned char 
 Return value:  Size  Location     Type
		None               void
 Registers used:
		wreg
 Tracked objects:
		On entry : 
		On exit  : 
		Unchanged: 
 Data sizes:     COMMON   BANK0   BANK1   BANK2
      Params:         0       0       0       0
      Locals:         1       0       0       0
      Temps:          0       0       0       0
      Totals:         1       0       0       0
Total ram usage:        1 bytes
 Hardware stack levels used:    1
 Hardware stack levels required when called:    1
 This function calls:
		Nothing
 This function is called by:
		_printf
 This function uses a non-reentrant model


 *************** function ___lwmod *****************
 Defined at:
		line 6 in file "C:\Program Files (x86)\Microchip\xc8\v1.33\sources\common\lwmod.c"
 Parameters:    Size  Location     Type
  divisor         2    7[BANK0 ] unsigned int 
  dividend        2    9[BANK0 ] unsigned int 
 Auto vars:     Size  Location     Type
  counter         1   11[BANK0 ] unsigned char 
 Return value:  Size  Location     Type
                  2    7[BANK0 ] unsigned int 
 Registers used:
		wreg, status,2, status,0
 Tracked objects:
		On entry : 
		On exit  : 
		Unchanged: 
 Data sizes:     COMMON   BANK0   BANK1   BANK2
      Params:         0       4       0       0
      Locals:         0       1       0       0
      Temps:          1       0       0       0
      Totals:         1       5       0       0
Total ram usage:        6 bytes
 Hardware stack levels used:    1
 Hardware stack levels required when called:    1
 This function calls:
		Nothing
 This function is called by:
		_printf
 This function uses a non-reentrant model


 *************** function ___lwdiv *****************
 Defined at:
		line 6 in file "C:\Program Files (x86)\Microchip\xc8\v1.33\sources\common\lwdiv.c"
 Parameters:    Size  Location     Type
  divisor         2    0[BANK0 ] unsigned int 
  dividend        2    2[BANK0 ] unsigned int 
 Auto vars:     Size  Location     Type
  quotient        2    5[BANK0 ] unsigned int 
  counter         1    4[BANK0 ] unsigned char 
 Return value:  Size  Location     Type
                  2    0[BANK0 ] unsigned int 
 Registers used:
		wreg, status,2, status,0
 Tracked objects:
		On entry : 
		On exit  : 
		Unchanged: 
 Data sizes:     COMMON   BANK0   BANK1   BANK2
      Params:         0       4       0       0
      Locals:         0       3       0       0
      Temps:          1       0       0       0
      Totals:         1       7       0       0
Total ram usage:        8 bytes
 Hardware stack levels used:    1
 Hardware stack levels required when called:    1
 This function calls:
		Nothing
 This function is called by:
		_printf
 This function uses a non-reentrant model


 *************** function _UART_init *****************
 Defined at:
		line 25 in file "main.c"
 Parameters:    Size  Location     Type
		None
 Auto vars:     Size  Location     Type
		None
 Return value:  Size  Location     Type
		None               void
 Registers used:
		wreg
 Tracked objects:
		On entry : 
		On exit  : 
		Unchanged: 
 Data sizes:     COMMON   BANK0   BANK1   BANK2
      Params:         0       0       0       0
      Locals:         0       0       0       0
      Temps:          0       0       0       0
      Totals:         0       0       0       0
Total ram usage:        0 bytes
 Hardware stack levels used:    1
 Hardware stack levels required when called:    1
 This function calls:
		Nothing
 This function is called by:
		_main
 This function uses a non-reentrant model


 *************** function _MFRC522_isCard *****************
 Defined at:
		line 592 in file "main.c"
 Parameters:    Size  Location     Type
  TagType         1    wreg     PTR unsigned char 
		 -> main@TagType(2), 
 Auto vars:     Size  Location     Type
  TagType         1   41[BANK0 ] PTR unsigned char 
		 -> main@TagType(2), 
 Return value:  Size  Location     Type
                  1    wreg      unsigned char 
 Registers used:
		wreg, fsr0l, fsr0h, status,2, status,0, btemp+1, pclath, cstack
 Tracked objects:
		On entry : 
		On exit  : 
		Unchanged: 
 Data sizes:     COMMON   BANK0   BANK1   BANK2
      Params:         0       0       0       0
      Locals:         0       1       0       0
      Temps:          0       1       0       0
      Totals:         0       2       0       0
Total ram usage:        2 bytes
 Hardware stack levels used:    1
 Hardware stack levels required when called:    6
 This function calls:
		_MFRC522_Request
 This function is called by:
		_main
 This function uses a non-reentrant model


 *************** function _MFRC522_Request *****************
 Defined at:
		line 402 in file "main.c"
 Parameters:    Size  Location     Type
  reqMode         1    wreg     unsigned char 
  TagType         1   31[BANK0 ] PTR unsigned char 
		 -> main@TagType(2), 
 Auto vars:     Size  Location     Type
  reqMode         1   36[BANK0 ] unsigned char 
  backBits        2   38[BANK0 ] unsigned int 
  _status         1   37[BANK0 ] unsigned char 
 Return value:  Size  Location     Type
                  1    wreg      unsigned char 
 Registers used:
		wreg, fsr0l, fsr0h, status,2, status,0, btemp+1, pclath, cstack
 Tracked objects:
		On entry : 
		On exit  : 
		Unchanged: 
 Data sizes:     COMMON   BANK0   BANK1   BANK2
      Params:         0       1       0       0
      Locals:         0       4       0       0
      Temps:          0       4       0       0
      Totals:         0       9       0       0
Total ram usage:        9 bytes
 Hardware stack levels used:    1
 Hardware stack levels required when called:    5
 This function calls:
		_MFRC522_ToCard
		_MFRC522_Wr
 This function is called by:
		_MFRC522_isCard
 This function uses a non-reentrant model


 *************** function _MFRC522_SelectTag *****************
 Defined at:
		line 441 in file "main.c"
 Parameters:    Size  Location     Type
  serNum          1    wreg     PTR unsigned char 
		 -> main@UID(6), 
 Auto vars:     Size  Location     Type
  serNum          1   46[BANK0 ] PTR unsigned char 
		 -> main@UID(6), 
  buffer          9   36[BANK0 ] unsigned char [9]
  recvBits        2   48[BANK0 ] unsigned int 
  i               1   50[BANK0 ] unsigned char 
  size            1   47[BANK0 ] unsigned char 
  _status         1   45[BANK0 ] unsigned char 
 Return value:  Size  Location     Type
                  1    wreg      unsigned char 
 Registers used:
		wreg, fsr0l, fsr0h, status,2, status,0, btemp+1, pclath, cstack
 Tracked objects:
		On entry : 
		On exit  : 
		Unchanged: 
 Data sizes:     COMMON   BANK0   BANK1   BANK2
      Params:         0       0       0       0
      Locals:         0      15       0       0
      Temps:          0       5       0       0
      Totals:         0      20       0       0
Total ram usage:       20 bytes
 Hardware stack levels used:    1
 Hardware stack levels required when called:    5
 This function calls:
		_MFRC522_CRC
		_MFRC522_ToCard
 This function is called by:
		_main
 This function uses a non-reentrant model


 *************** function _MFRC522_ReadCardSerial *****************
 Defined at:
		line 599 in file "main.c"
 Parameters:    Size  Location     Type
  str             1    wreg     PTR unsigned char 
		 -> main@UID(6), 
 Auto vars:     Size  Location     Type
  str             1   44[BANK0 ] PTR unsigned char 
		 -> main@UID(6), 
  _status         1   43[BANK0 ] unsigned char 
 Return value:  Size  Location     Type
                  1    wreg      unsigned char 
 Registers used:
		wreg, fsr0l, fsr0h, status,2, status,0, btemp+1, pclath, cstack
 Tracked objects:
		On entry : 
		On exit  : 
		Unchanged: 
 Data sizes:     COMMON   BANK0   BANK1   BANK2
      Params:         0       0       0       0
      Locals:         0       2       0       0
      Temps:          0       1       0       0
      Totals:         0       3       0       0
Total ram usage:        3 bytes
 Hardware stack levels used:    1
 Hardware stack levels required when called:    6
 This function calls:
		_MFRC522_AntiColl
 This function is called by:
		_main
 This function uses a non-reentrant model


 *************** function _MFRC522_AntiColl *****************
 Defined at:
		line 562 in file "main.c"
 Parameters:    Size  Location     Type
  serNum          1    wreg     PTR unsigned char 
		 -> main@UID(6), 
 Auto vars:     Size  Location     Type
  serNum          1   41[BANK0 ] PTR unsigned char 
		 -> main@UID(6), 
  unLen           2   37[BANK0 ] unsigned int 
  i               1   40[BANK0 ] unsigned char 
  _status         1   39[BANK0 ] unsigned char 
  serNumCheck     1   36[BANK0 ] unsigned char 
 Return value:  Size  Location     Type
                  1    wreg      unsigned char 
 Registers used:
		wreg, fsr0l, fsr0h, status,2, status,0, btemp+1, pclath, cstack
 Tracked objects:
		On entry : 
		On exit  : 
		Unchanged: 
 Data sizes:     COMMON   BANK0   BANK1   BANK2
      Params:         0       0       0       0
      Locals:         0       6       0       0
      Temps:          0       5       0       0
      Totals:         0      11       0       0
Total ram usage:       11 bytes
 Hardware stack levels used:    1
 Hardware stack levels required when called:    5
 This function calls:
		_MFRC522_Clear_Bit
		_MFRC522_ToCard
		_MFRC522_Wr
 This function is called by:
		_MFRC522_ReadCardSerial
 This function uses a non-reentrant model


 *************** function _MFRC522_Init *****************
 Defined at:
		line 277 in file "main.c"
 Parameters:    Size  Location     Type
		None
 Auto vars:     Size  Location     Type
		None
 Return value:  Size  Location     Type
		None               void
 Registers used:
		wreg, status,2, status,0, btemp+1, pclath, cstack
 Tracked objects:
		On entry : 
		On exit  : 
		Unchanged: 
 Data sizes:     COMMON   BANK0   BANK1   BANK2
      Params:         0       0       0       0
      Locals:         0       0       0       0
      Temps:          0       1       0       0
      Totals:         0       1       0       0
Total ram usage:        1 bytes
 Hardware stack levels used:    1
 Hardware stack levels required when called:    5
 This function calls:
		_MFRC522_AntennaOn
		_MFRC522_Reset
		_MFRC522_Wr
		_SPI_init
 This function is called by:
		_main
 This function uses a non-reentrant model


 *************** function _SPI_init *****************
 Defined at:
		line 97 in file "main.c"
 Parameters:    Size  Location     Type
		None
 Auto vars:     Size  Location     Type
		None
 Return value:  Size  Location     Type
		None               void
 Registers used:
		wreg, status,2, status,0
 Tracked objects:
		On entry : 
		On exit  : 
		Unchanged: 
 Data sizes:     COMMON   BANK0   BANK1   BANK2
      Params:         0       0       0       0
      Locals:         0       0       0       0
      Temps:          1       0       0       0
      Totals:         1       0       0       0
Total ram usage:        1 bytes
 Hardware stack levels used:    1
 Hardware stack levels required when called:    1
 This function calls:
		Nothing
 This function is called by:
		_MFRC522_Init
		_main
 This function uses a non-reentrant model


 *************** function _MFRC522_Reset *****************
 Defined at:
		line 265 in file "main.c"
 Parameters:    Size  Location     Type
		None
 Auto vars:     Size  Location     Type
		None
 Return value:  Size  Location     Type
		None               void
 Registers used:
		wreg, status,2, status,0, btemp+1, pclath, cstack
 Tracked objects:
		On entry : 
		On exit  : 
		Unchanged: 
 Data sizes:     COMMON   BANK0   BANK1   BANK2
      Params:         0       0       0       0
      Locals:         0       0       0       0
      Temps:          0       1       0       0
      Totals:         0       1       0       0
Total ram usage:        1 bytes
 Hardware stack levels used:    1
 Hardware stack levels required when called:    3
 This function calls:
		_MFRC522_Wr
 This function is called by:
		_MFRC522_Init
 This function uses a non-reentrant model


 *************** function _MFRC522_AntennaOn *****************
 Defined at:
		line 269 in file "main.c"
 Parameters:    Size  Location     Type
		None
 Auto vars:     Size  Location     Type
		None
 Return value:  Size  Location     Type
		None               void
 Registers used:
		wreg, status,2, status,0, btemp+1, pclath, cstack
 Tracked objects:
		On entry : 
		On exit  : 
		Unchanged: 
 Data sizes:     COMMON   BANK0   BANK1   BANK2
      Params:         0       0       0       0
      Locals:         0       0       0       0
      Temps:          0       1       0       0
      Totals:         0       1       0       0
Total ram usage:        1 bytes
 Hardware stack levels used:    1
 Hardware stack levels required when called:    4
 This function calls:
		_MFRC522_Set_Bit
 This function is called by:
		_MFRC522_Init
 This function uses a non-reentrant model


 *************** function _MFRC522_Halt *****************
 Defined at:
		line 473 in file "main.c"
 Parameters:    Size  Location     Type
		None
 Auto vars:     Size  Location     Type
  buff            4   35[BANK0 ] unsigned char [4]
  unLen           2   39[BANK0 ] unsigned int 
 Return value:  Size  Location     Type
		None               void
 Registers used:
		wreg, fsr0l, fsr0h, status,2, status,0, btemp+1, pclath, cstack
 Tracked objects:
		On entry : 
		On exit  : 
		Unchanged: 
 Data sizes:     COMMON   BANK0   BANK1   BANK2
      Params:         0       0       0       0
      Locals:         0       6       0       0
      Temps:          0       4       0       0
      Totals:         0      10       0       0
Total ram usage:       10 bytes
 Hardware stack levels used:    1
 Hardware stack levels required when called:    5
 This function calls:
		_MFRC522_CRC
		_MFRC522_Clear_Bit
		_MFRC522_ToCard
 This function is called by:
		_main
 This function uses a non-reentrant model


 *************** function _MFRC522_ToCard *****************
 Defined at:
		line 299 in file "main.c"
 Parameters:    Size  Location     Type
  command         1    wreg     unsigned char 
  sendData        1   13[BANK0 ] PTR unsigned char 
		 -> main@UID(6), main@TagType(2), MFRC522_Write@buff(18), MFRC522_Auth@buff(12), 
		 -> MFRC522_Halt@buff(4), MFRC522_SelectTag@buffer(9), 
  sendLen         1   14[BANK0 ] unsigned char 
  backData        1   15[BANK0 ] PTR unsigned char 
		 -> main@UID(6), main@TagType(2), MFRC522_Write@buff(18), MFRC522_Auth@buff(12), 
		 -> MFRC522_Halt@buff(4), MFRC522_SelectTag@buffer(9), 
  backLen         1   16[BANK0 ] PTR unsigned int 
		 -> MFRC522_AntiColl@unLen(2), MFRC522_Read@unLen(2), MFRC522_Write@recvBits(2), MFRC522_Auth@recvBits(2), 
		 -> MFRC522_Halt@unLen(2), MFRC522_SelectTag@recvBits(2), MFRC522_Request@backBits(2), 
 Auto vars:     Size  Location     Type
  command         1   27[BANK0 ] unsigned char 
  i               2   28[BANK0 ] unsigned int 
  n               1   30[BANK0 ] unsigned char 
  irqEn           1   26[BANK0 ] unsigned char 
  lastBits        1   25[BANK0 ] unsigned char 
  _status         1   24[BANK0 ] unsigned char 
  waitIRq         1   23[BANK0 ] unsigned char 
 Return value:  Size  Location     Type
                  1    wreg      unsigned char 
 Registers used:
		wreg, fsr0l, fsr0h, status,2, status,0, btemp+1, pclath, cstack
 Tracked objects:
		On entry : 
		On exit  : 
		Unchanged: 
 Data sizes:     COMMON   BANK0   BANK1   BANK2
      Params:         0       4       0       0
      Locals:         0       8       0       0
      Temps:          0       6       0       0
      Totals:         0      18       0       0
Total ram usage:       18 bytes
 Hardware stack levels used:    1
 Hardware stack levels required when called:    4
 This function calls:
		_MFRC522_Clear_Bit
		_MFRC522_Rd
		_MFRC522_Set_Bit
		_MFRC522_Wr
 This function is called by:
		_MFRC522_Request
		_MFRC522_SelectTag
		_MFRC522_Halt
		_MFRC522_AntiColl
		_MFRC522_Auth
		_MFRC522_Write
		_MFRC522_Read
 This function uses a non-reentrant model


 *************** function _MFRC522_CRC *****************
 Defined at:
		line 415 in file "main.c"
 Parameters:    Size  Location     Type
  dataIn          1    wreg     PTR unsigned char 
		 -> MFRC522_Write@buff(18), MFRC522_Halt@buff(4), MFRC522_SelectTag@buffer(9), 
  length          1   13[BANK0 ] unsigned char 
  dataOut         1   14[BANK0 ] PTR unsigned char 
		 -> MFRC522_Write@buff(18), MFRC522_Halt@buff(4), MFRC522_SelectTag@buffer(9), 
 Auto vars:     Size  Location     Type
  dataIn          1   17[BANK0 ] PTR unsigned char 
		 -> MFRC522_Write@buff(18), MFRC522_Halt@buff(4), MFRC522_SelectTag@buffer(9), 
  i               1   18[BANK0 ] unsigned char 
  n               1   16[BANK0 ] unsigned char 
 Return value:  Size  Location     Type
		None               void
 Registers used:
		wreg, fsr0l, fsr0h, status,2, status,0, btemp+1, pclath, cstack
 Tracked objects:
		On entry : 
		On exit  : 
		Unchanged: 
 Data sizes:     COMMON   BANK0   BANK1   BANK2
      Params:         0       2       0       0
      Locals:         0       3       0       0
      Temps:          0       1       0       0
      Totals:         0       6       0       0
Total ram usage:        6 bytes
 Hardware stack levels used:    1
 Hardware stack levels required when called:    4
 This function calls:
		_MFRC522_Clear_Bit
		_MFRC522_Rd
		_MFRC522_Set_Bit
		_MFRC522_Wr
 This function is called by:
		_MFRC522_SelectTag
		_MFRC522_Halt
		_MFRC522_Write
		_MFRC522_Read
 This function uses a non-reentrant model


 *************** function _MFRC522_Set_Bit *****************
 Defined at:
		line 261 in file "main.c"
 Parameters:    Size  Location     Type
  addr            1    wreg     unsigned char 
  mask            1    9[BANK0 ] unsigned char 
 Auto vars:     Size  Location     Type
  addr            1   11[BANK0 ] unsigned char 
 Return value:  Size  Location     Type
		None               void
 Registers used:
		wreg, status,2, status,0, btemp+1, pclath, cstack
 Tracked objects:
		On entry : 
		On exit  : 
		Unchanged: 
 Data sizes:     COMMON   BANK0   BANK1   BANK2
      Params:         0       1       0       0
      Locals:         0       1       0       0
      Temps:          0       1       0       0
      Totals:         0       3       0       0
Total ram usage:        3 bytes
 Hardware stack levels used:    1
 Hardware stack levels required when called:    3
 This function calls:
		_MFRC522_Rd
		_MFRC522_Wr
 This function is called by:
		_MFRC522_AntennaOn
		_MFRC522_ToCard
		_MFRC522_CRC
 This function uses a non-reentrant model


 *************** function _MFRC522_Clear_Bit *****************
 Defined at:
		line 257 in file "main.c"
 Parameters:    Size  Location     Type
  addr            1    wreg     unsigned char 
  mask            1    9[BANK0 ] unsigned char 
 Auto vars:     Size  Location     Type
  addr            1   12[BANK0 ] unsigned char 
 Return value:  Size  Location     Type
		None               void
 Registers used:
		wreg, status,2, status,0, btemp+1, pclath, cstack
 Tracked objects:
		On entry : 
		On exit  : 
		Unchanged: 
 Data sizes:     COMMON   BANK0   BANK1   BANK2
      Params:         0       1       0       0
      Locals:         0       1       0       0
      Temps:          0       2       0       0
      Totals:         0       4       0       0
Total ram usage:        4 bytes
 Hardware stack levels used:    1
 Hardware stack levels required when called:    3
 This function calls:
		_MFRC522_Rd
		_MFRC522_Wr
 This function is called by:
		_MFRC522_ToCard
		_MFRC522_CRC
		_MFRC522_Halt
		_MFRC522_AntiColl
		_MFRC522_AntennaOff
 This function uses a non-reentrant model


 *************** function _MFRC522_Wr *****************
 Defined at:
		line 241 in file "main.c"
 Parameters:    Size  Location     Type
  addr            1    wreg     unsigned char 
  value           1    6[BANK0 ] unsigned char 
 Auto vars:     Size  Location     Type
  addr            1    8[BANK0 ] unsigned char 
 Return value:  Size  Location     Type
		None               void
 Registers used:
		wreg, status,2, status,0, btemp+1, pclath, cstack
 Tracked objects:
		On entry : 
		On exit  : 
		Unchanged: 
 Data sizes:     COMMON   BANK0   BANK1   BANK2
      Params:         0       1       0       0
      Locals:         0       1       0       0
      Temps:          0       1       0       0
      Totals:         0       3       0       0
Total ram usage:        3 bytes
 Hardware stack levels used:    1
 Hardware stack levels required when called:    2
 This function calls:
		_SPI_transfer
 This function is called by:
		_MFRC522_Clear_Bit
		_MFRC522_Set_Bit
		_MFRC522_Reset
		_MFRC522_Init
		_MFRC522_ToCard
		_MFRC522_Request
		_MFRC522_CRC
		_MFRC522_AntiColl
 This function uses a non-reentrant model


 *************** function _MFRC522_Rd *****************
 Defined at:
		line 248 in file "main.c"
 Parameters:    Size  Location     Type
  addr            1    wreg     unsigned char 
 Auto vars:     Size  Location     Type
  addr            1    4[BANK0 ] unsigned char 
  value           1    5[BANK0 ] unsigned char 
 Return value:  Size  Location     Type
                  1    wreg      unsigned char 
 Registers used:
		wreg, status,2, status,0, btemp+1, pclath, cstack
 Tracked objects:
		On entry : 
		On exit  : 
		Unchanged: 
 Data sizes:     COMMON   BANK0   BANK1   BANK2
      Params:         0       0       0       0
      Locals:         0       2       0       0
      Temps:          1       0       0       0
      Totals:         1       2       0       0
Total ram usage:        3 bytes
 Hardware stack levels used:    1
 Hardware stack levels required when called:    2
 This function calls:
		_SPI_transfer
 This function is called by:
		_MFRC522_Clear_Bit
		_MFRC522_Set_Bit
		_MFRC522_ToCard
		_MFRC522_CRC
		_MFRC522_Auth
 This function uses a non-reentrant model


 *************** function _SPI_transfer *****************
 Defined at:
		line 123 in file "main.c"
 Parameters:    Size  Location     Type
  data            1    wreg     unsigned char 
 Auto vars:     Size  Location     Type
  data            1    0[BANK0 ] unsigned char 
  i               2    2[BANK0 ] int 
  ret             1    1[BANK0 ] unsigned char 
 Return value:  Size  Location     Type
                  1    wreg      unsigned char 
 Registers used:
		wreg, status,2, status,0, btemp+1
 Tracked objects:
		On entry : 
		On exit  : 
		Unchanged: 
 Data sizes:     COMMON   BANK0   BANK1   BANK2
      Params:         0       0       0       0
      Locals:         0       4       0       0
      Temps:          1       0       0       0
      Totals:         1       4       0       0
Total ram usage:        5 bytes
 Hardware stack levels used:    1
 Hardware stack levels required when called:    1
 This function calls:
		Nothing
 This function is called by:
		_MFRC522_Wr
		_MFRC522_Rd
 This function uses a non-reentrant model


 *************** function __ISR *****************
 Defined at:
		line 61 in file "main.c"
 Parameters:    Size  Location     Type
		None
 Auto vars:     Size  Location     Type
		None
 Return value:  Size  Location     Type
		None               void
 Registers used:
		wreg, fsr0l, fsr0h, status,2, status,0
 Tracked objects:
		On entry : 
		On exit  : 
		Unchanged: 
 Data sizes:     COMMON   BANK0   BANK1   BANK2
      Params:         0       0       0       0
      Locals:         0       0       0       0
      Temps:          5       0       0       0
      Totals:         5       0       0       0
Total ram usage:        5 bytes
 Hardware stack levels used:    1
 This function calls:
		Nothing
 This function is called by:
		Interrupt level 1
 This function uses a non-reentrant model



MODULE INFORMATION

Module		Function		Class		Link	Load	Size
C:\Program Files (x86)\Microchip\xc8\v1.33\sources\common\doprnt.c
		_printf        		CODE           	0183	0000	186

C:\Program Files (x86)\Microchip\xc8\v1.33\sources\common\doprnt.c estimated size: 186

C:\Program Files (x86)\Microchip\xc8\v1.33\sources\common\lwmod.c
		___lwmod       		CODE           	0455	0000	54

C:\Program Files (x86)\Microchip\xc8\v1.33\sources\common\lwmod.c estimated size: 54

C:\Program Files (x86)\Microchip\xc8\v1.33\sources\common\lwdiv.c
		___lwdiv       		CODE           	03D8	0000	64

C:\Program Files (x86)\Microchip\xc8\v1.33\sources\common\lwdiv.c estimated size: 64

shared
		__stringtab    		STRING         	0500	0000	6
		__stringdata   		STRING         	0510	0000	29
		_dpowers       		STRING         	0506	0000	10
		__initializatio		CODE           	0011	0000	59

shared estimated size: 104

main.c
		_MFRC522_Reques		CODE           	04C1	0000	53
		_SPI_init      		CODE           	05F1	0000	11
		_putch         		CODE           	0548	0000	23
		_UART_init     		CODE           	05B2	0000	17
		__ISR          		CODE           	052D	0000	27
		_main          		CODE           	0396	0000	66
		_MFRC522_ReadCa		CODE           	0576	0000	22
		_MFRC522_Rd    		CODE           	055F	0000	23
		_MFRC522_Wr    		CODE           	058C	0000	20
		_MFRC522_CRC   		CODE           	02F6	0000	91
		_MFRC522_Halt  		CODE           	048B	0000	54
		_MFRC522_Init  		CODE           	0418	0000	61
		_MFRC522_AntiCo		CODE           	023D	0000	93
		_MFRC522_Select		CODE           	029A	0000	92
		_MFRC522_Reset 		CODE           	05FC	0000	9
		_MFRC522_Antenn		CODE           	0605	0000	9
		_MFRC522_Clear_		CODE           	05D3	0000	16
		_MFRC522_ToCard		CODE           	004E	0000	309
		_MFRC522_isCard		CODE           	05C3	0000	16
		_SPI_transfer  		CODE           	0351	0000	69
		_MFRC522_Set_Bi		CODE           	05E3	0000	14

main.c estimated size: 1095

