Microchip MPLAB XC8 Compiler V1.33 ()

Linker command line:

--edf=D:\Program Files (x86)\Microchip\xc8\v1.33\dat\en_msgs.txt -cs \
  -h+dist/default/production\Projeto_RFID.X.production.sym \
  --cmf=dist/default/production\Projeto_RFID.X.production.cmf -z -Q18F4520 \
  -oC:\Users\Yure\AppData\Local\Temp\s1bk.6 \
  -Mdist/default/production/Projeto_RFID.X.production.map -E1 -ver=XC8 \
  -ASTACK=0CFh-05ffh -pstack=STACK -ACODE=00h-07FFFh -ACONST=00h-07FFFh \
  -ASMALLCONST=0600h-06FFhx122 -AMEDIUMCONST=0600h-07FFFh -ACOMRAM=01h-07Fh \
  -AABS1=00h-05FFh -ABIGRAM=01h-05FFh -ARAM=080h-0FFh,0100h-01FFhx5 \
  -ABANK0=080h-0FFh -ABANK1=0100h-01FFh -ABANK2=0200h-02FFh \
  -ABANK3=0300h-03FFh -ABANK4=0400h-04FFh -ABANK5=0500h-05FFh \
  -ASFR=0F80h-0FFFh \
  -preset_vec=00h,intcode=08h,intcodelo,powerup,init,end_init \
  -pramtop=0600h -psmallconst=SMALLCONST -pmediumconst=MEDIUMCONST \
  -pconst=CONST -AFARRAM=00h-00h -ACONFIG=0300000h-030000Dh -pconfig=CONFIG \
  -AIDLOC=0200000h-0200007h -pidloc=IDLOC -AEEDATA=0F00000h-0F000FFh \
  -peeprom_data=EEDATA \
  -prdata=COMRAM,nvrram=COMRAM,nvbit=COMRAM,rbss=COMRAM,rbit=COMRAM \
  -pfarbss=FARRAM,fardata=FARRAM,nvFARRAM=FARRAM \
  -pintsave_regs=BIGRAM,bigbss=BIGRAM,bigdata=BIGRAM -pbss=RAM \
  -pidata=CODE,irdata=CODE,ibigdata=CODE,ifardata=CODE \
  C:\Users\Yure\AppData\Local\Temp\s1bk.obj \
  dist/default/production\Projeto_RFID.X.production.obj 

Object code version is 3.11

Machine type is 18F4520

Call graph: (short form)




                Name                               Link     Load   Length Selector   Space Scale
C:\Users\Yure\AppData\Local\Temp\s1bk.obj
                end_init                             18       18        4        4       0
                reset_vec                             0        0        4        0       0
                idloc                            200000   200000        8   200000       0
                config                           300000   300000        E   300000       0
dist/default/production\Projeto_RFID.X.production.obj
                intcode                               8        8       10        4       0
                mediumconst                        7E16     7E16      1EA     3F0B       0
                text21                              CB0      CB0       1E        4       0
                intcode_body                        ADE      ADE       6C        4       0
                text19                              870      870       B0        4       0
                text18                              CCE      CCE       1C        4       0
                text17                              D4A      D4A       16        4       0
                text16                              CEA      CEA       1A        4       0
                text15                              D1C      D1C       18        4       0
                text14                              BE0      BE0       36        4       0
                text13                              9C4      9C4       92        4       0
                text12                              7AA      7AA       C6        4       0
                text11                              586      586      224        4       0
                text10                              BA4      BA4       3C        4       0
                text9                               A56      A56       88        4       0
                text8                               D04      D04       18        4       0
                text7                               C16      C16       34        4       0
                text6                               920      920       A4        4       0
                text5                                1C       1C      56A        4       0
                text4                               C6E      C6E       24        4       0
                text3                               D70      D70        A        4       0
                text2                               C4A      C4A       24        4       0
                text1                               D34      D34       16        4       0
                text0                               C92      C92       1E        4       0
                cstackCOMRAM                          1        1       5A        1       1
                cstackBANK0                          80       80       23       80       1
                dataBANK0                            BF       BF       10       80       1
                bssBANK0                             A3       A3       1C       80       1
                dataCOMRAM                           5B       5B        6        1       1
                bssCOMRAM                            61       61        2        1       1
                cinit                               B4A      B4A       5A        4       0
                nvCOMRAM                             63       63        1        1       1
                idataBANK0                          D60      D60       10        4       0
                idataCOMRAM                         D7A      D7A        6        4       0

TOTAL           Name                               Link     Load   Length     Space
        CLASS   STACK          

        CLASS   CODE           
                end_init                             18       18        4         0
                intcode                               8        8       10         0
                reset_vec                             0        0        4         0
                text21                              CB0      CB0       1E         0
                intcode_body                        ADE      ADE       6C         0
                text19                              870      870       B0         0
                text18                              CCE      CCE       1C         0
                text17                              D4A      D4A       16         0
                text16                              CEA      CEA       1A         0
                text15                              D1C      D1C       18         0
                text14                              BE0      BE0       36         0
                text13                              9C4      9C4       92         0
                text12                              7AA      7AA       C6         0
                text11                              586      586      224         0
                text10                              BA4      BA4       3C         0
                text9                               A56      A56       88         0
                text8                               D04      D04       18         0
                text7                               C16      C16       34         0
                text6                               920      920       A4         0
                text5                                1C       1C      56A         0
                text4                               C6E      C6E       24         0
                text3                               D70      D70        A         0
                text2                               C4A      C4A       24         0
                text1                               D34      D34       16         0
                text0                               C92      C92       1E         0
                cinit                               B4A      B4A       5A         0
                idataBANK0                          D60      D60       10         0
                idataCOMRAM                         D7A      D7A        6         0

        CLASS   CONST          

        CLASS   SMALLCONST     

        CLASS   MEDIUMCONST    
                mediumconst                        7E16     7E16      1EA         0

        CLASS   COMRAM         
                cstackCOMRAM                          1        1       5A         1
                dataCOMRAM                           5B       5B        6         1
                bssCOMRAM                            61       61        2         1
                nvCOMRAM                             63       63        1         1

        CLASS   ABS1           

        CLASS   BIGRAM         

        CLASS   RAM            

        CLASS   BANK0          
                cstackBANK0                          80       80       23         1
                dataBANK0                            BF       BF       10         1
                bssBANK0                             A3       A3       1C         1

        CLASS   BANK1          

        CLASS   BANK2          

        CLASS   BANK3          

        CLASS   BANK4          

        CLASS   BANK5          

        CLASS   SFR            

        CLASS   FARRAM         

        CLASS   CONFIG         
                config                           300000   300000        E         0

        CLASS   IDLOC          
                idloc                            200000   200000        8         0

        CLASS   EEDATA         



SEGMENTS        Name                           Load    Length   Top    Selector   Space  Class

                reset_vec                      000000  000004  000004         0       0  CODE    
                cstackCOMRAM                   000001  000063  000064         1       1  COMRAM  
                intcode                        000008  000D78  000D80         4       0  CODE    
                cstackBANK0                    000080  00004F  0000CF        80       1  BANK0   
                mediumconst                    007E16  0001EA  008000      3F0B       0  MEDIUMCO
                idloc                          200000  000008  200008    200000       0  IDLOC   
                config                         300000  00000E  30000E    300000       0  CONFIG  


UNUSED ADDRESS RANGES

        Name                Unused          Largest block    Delta
        BANK0            0000CF-0000FF               31
        BANK1            000100-0001FF              100
        BANK2            000200-0002FF              100
        BANK3            000300-0003FF              100
        BANK4            000400-0004FF              100
        BANK5            000500-0005FF              100
        BIGRAM           000064-00007F               1C
                         0000CF-0005FF              531
        CODE             000004-000007                4
                         000D80-007E15             7096
        COMRAM           000064-00007F               1C
        CONST            000004-000007                4
                         000D80-007E15             7096
        EEDATA           F00000-F000FF              100
        MEDIUMCONST      000D80-007E15             7096
        RAM              0000CF-0005FF              100
        SFR              000F80-000FFF               80
        SMALLCONST       000D80-007E15              100
        STACK            0000CF-0005FF              531

                                  Symbol Table

?___awdiv                             cstackCOMRAM 00000F
MIFARE_SetUid@F4812                   dataCOMRAM   00005B
MIFARE_UnbrickUidSector@F4826         dataBANK0    0000BF
PCD_CalculateCRC@data                 cstackCOMRAM 00001A
PCD_CalculateCRC@i                    cstackCOMRAM 00001F
PCD_CalculateCRC@length               cstackCOMRAM 00001C
PCD_CalculateCRC@n                    cstackCOMRAM 000021
PCD_CalculateCRC@result               cstackCOMRAM 00001D
PCD_ClearRegisterBitMask@mask         cstackCOMRAM 000017
PCD_ClearRegisterBitMask@reg          cstackCOMRAM 000019
PCD_ClearRegisterBitMask@tmp          cstackCOMRAM 000018
PCD_CommunicateWithPICC@_validBits    cstackCOMRAM 00003C
PCD_CommunicateWithPICC@backData      cstackCOMRAM 000026
PCD_CommunicateWithPICC@backLen       cstackCOMRAM 000028
PCD_CommunicateWithPICC@bitFraming    cstackCOMRAM 000035
PCD_CommunicateWithPICC@checkCRC      cstackCOMRAM 00002D
PCD_CommunicateWithPICC@command       cstackCOMRAM 000038
PCD_CommunicateWithPICC@controlBuffer cstackCOMRAM 000039
PCD_CommunicateWithPICC@errorRegValue cstackCOMRAM 00003B
PCD_CommunicateWithPICC@i             cstackCOMRAM 000032
PCD_CommunicateWithPICC@n             cstackCOMRAM 00003D
PCD_CommunicateWithPICC@rxAlign       cstackCOMRAM 00002C
PCD_CommunicateWithPICC@sendData      cstackCOMRAM 000023
PCD_CommunicateWithPICC@sendLen       cstackCOMRAM 000025
PCD_CommunicateWithPICC@txLastBits    cstackCOMRAM 000034
PCD_CommunicateWithPICC@validBits     cstackCOMRAM 00002A
PCD_CommunicateWithPICC@waitIRq       cstackCOMRAM 000022
PCD_ReadRegister@reg                  cstackCOMRAM 000015
PCD_ReadRegister@value                cstackCOMRAM 000016
PCD_ReadRegisterVector@address        cstackCOMRAM 00001E
PCD_ReadRegisterVector@count          cstackCOMRAM 000015
PCD_ReadRegisterVector@i              cstackCOMRAM 00001F
PCD_ReadRegisterVector@index          cstackCOMRAM 000020
PCD_ReadRegisterVector@mask           cstackCOMRAM 00001D
PCD_ReadRegisterVector@reg            cstackCOMRAM 00001B
PCD_ReadRegisterVector@rxAlign        cstackCOMRAM 000018
PCD_ReadRegisterVector@value          cstackCOMRAM 00001C
PCD_ReadRegisterVector@values         cstackCOMRAM 000016
PCD_SetRegisterBitMask@mask           cstackCOMRAM 000017
PCD_SetRegisterBitMask@reg            cstackCOMRAM 000019
PCD_SetRegisterBitMask@tmp            cstackCOMRAM 000018
PCD_TransceiveData@backData           cstackCOMRAM 000041
PCD_TransceiveData@backLen            cstackCOMRAM 000043
PCD_TransceiveData@checkCRC           cstackCOMRAM 000048
PCD_TransceiveData@rxAlign            cstackCOMRAM 000047
PCD_TransceiveData@sendData           cstackCOMRAM 00003E
PCD_TransceiveData@sendLen            cstackCOMRAM 000040
PCD_TransceiveData@validBits          cstackCOMRAM 000045
PCD_TransceiveData@waitIRq            cstackCOMRAM 000049
PCD_WriteRegister@reg                 cstackCOMRAM 000016
PCD_WriteRegister@value               cstackCOMRAM 000015
PCD_WriteRegisterVector@count         cstackCOMRAM 000015
PCD_WriteRegisterVector@index         cstackCOMRAM 000019
PCD_WriteRegisterVector@reg           cstackCOMRAM 000018
PCD_WriteRegisterVector@values        cstackCOMRAM 000016
PICC_IsNewCardPresent@bufferATQA      cstackCOMRAM 000057
PICC_IsNewCardPresent@bufferSize      cstackCOMRAM 00005A
PICC_IsNewCardPresent@result          cstackCOMRAM 000059
PICC_REQA_or_WUPA@bufferATQA          cstackCOMRAM 00004A
PICC_REQA_or_WUPA@bufferSize          cstackCOMRAM 00004C
PICC_REQA_or_WUPA@command             cstackCOMRAM 00004F
PICC_REQA_or_WUPA@status              cstackCOMRAM 000050
PICC_REQA_or_WUPA@validBits           cstackCOMRAM 000051
PICC_ReadCardSerial@result            cstackCOMRAM 00004F
PICC_RequestA@bufferATQA              cstackCOMRAM 000052
PICC_RequestA@bufferSize              cstackCOMRAM 000054
PICC_Select@buffer                    cstackBANK0  00008E
PICC_Select@bufferUsed                cstackBANK0  000088
PICC_Select@bytesToCopy               cstackBANK0  00009A
PICC_Select@cascadeLevel              cstackBANK0  00008D
PICC_Select@collisionPos              cstackBANK0  000097
PICC_Select@count                     cstackBANK0  00009F
PICC_Select@currentLevelKnownBits     cstackBANK0  0000A2
PICC_Select@index                     cstackBANK0  0000A0
PICC_Select@maxbytes                  cstackBANK0  00008C
PICC_Select@responseBuffer            cstackBANK0  00009C
PICC_Select@responseLength            cstackBANK0  00009B
PICC_Select@result                    cstackBANK0  0000A1
PICC_Select@rxAlign                   cstackBANK0  00008B
PICC_Select@selectDone                cstackBANK0  000087
PICC_Select@txLastBits                cstackBANK0  00009E
PICC_Select@uid                       cstackCOMRAM 00004A
PICC_Select@uidComplete               cstackBANK0  000086
PICC_Select@uidIndex                  cstackBANK0  000099
PICC_Select@useCascadeTag             cstackBANK0  000098
PICC_Select@validBits                 cstackCOMRAM 00004C
SPI_init@mode                         cstackCOMRAM 00000F
SPI_transfer@data                     cstackCOMRAM 000014
SPI_transfer@i                        cstackCOMRAM 00000F
SPI_transfer@i_416                    cstackCOMRAM 000011
SPI_transfer@ret                      cstackCOMRAM 000013
_FIFO_SIZE                            mediumconst  007E17
_PCD_CalculateCRC                     text13       0009C4
_PCD_ClearRegisterBitMask             text16       000CEA
_PCD_CommunicateWithPICC              text11       000586
_PCD_CommunicateWithPICC$494          cstackCOMRAM 000036
_PCD_ReadRegister                     text18       000CCE
_PCD_ReadRegisterVector               text12       0007AA
_PCD_SetRegisterBitMask               text15       000D1C
_PCD_TransceiveData                   text10       000BA4
_PCD_WriteRegister                    text17       000D4A
_PCD_WriteRegisterVector              text14       000BE0
_PICC_IsNewCardPresent                text7        000C16
_PICC_IsNewCardPresent$752            cstackCOMRAM 000056
_PICC_REQA_or_WUPA                    text9        000A56
_PICC_ReadCardSerial                  text4        000C6E
_PICC_RequestA                        text8        000D04
_PICC_Select                          text5        00001C
_PICC_Select$545                      cstackBANK0  000089
_PICC_Select$546                      cstackBANK0  00008A
_PICC_Select$549                      cstackBANK0  000080
_PICC_Select$551                      cstackBANK0  000082
_PICC_Select$552                      cstackBANK0  000084
_PORTA                                (abs)        000F80
_RCIF                                 (abs)        007CF5
_RCREG                                (abs)        000FAE
_RCSTAbits                            (abs)        000FAB
_RFID_init                            text3        000D70
_SPBRG                                (abs)        000FAF
_SPI_init                             text2        000C4A
_SPI_transfer                         text19       000870
_TRISA                                (abs)        000F92
_TRISBbits                            (abs)        000F93
_TXIF                                 (abs)        007CF4
_TXREG                                (abs)        000FAD
_TXSTAbits                            (abs)        000FAC
_UART_init                            text1        000D34
__HRAM                                (abs)        000000
__Habs1                               abs1         000000
__Hbank0                              bank0        000000
__Hbank1                              bank1        000000
__Hbank2                              bank2        000000
__Hbank3                              bank3        000000
__Hbank4                              bank4        000000
__Hbank5                              bank5        000000
__Hbigbss                             bigbss       000000
__Hbigdata                            bigdata      000000
__Hbigram                             bigram       000000
__Hbss                                bss          000000
__HbssBANK0                           bssBANK0     000000
__HbssCOMRAM                          bssCOMRAM    000000
__Hcinit                              cinit        000000
__Hclrtext                            clrtext      000000
__Hcomram                             comram       000000
__Hconfig                             config       30000E
__Hconst                              const        000000
__HcstackBANK0                        cstackBANK0  000000
__HcstackCOMRAM                       cstackCOMRAM 000000
__Hdata                               data         000000
__HdataBANK0                          dataBANK0    000000
__HdataCOMRAM                         dataCOMRAM   000000
__Heeprom_data                        eeprom_data  000000
__Hend_init                           end_init     00001C
__Hfarbss                             farbss       000000
__Hfardata                            fardata      000000
__Hibigdata                           ibigdata     000000
__Hidata                              idata        000000
__HidataBANK0                         idataBANK0   000000
__HidataCOMRAM                        idataCOMRAM  000000
__Hidloc                              idloc        200008
__Hifardata                           ifardata     000000
__Hinit                               init         000018
__Hintcode                            intcode      000018
__Hintcode_body                       intcode_body 000000
__Hintcodelo                          intcodelo    000018
__Hintentry                           intentry     000000
__Hintret                             intret       000000
__Hintsave_regs                       intsave_regs 000000
__Hirdata                             irdata       000000
__Hmediumconst                        mediumconst  008000
__HnvCOMRAM                           nvCOMRAM     000000
__HnvFARRAM                           nvFARRAM     000000
__Hnvbit                              nvbit        000000
__Hnvrram                             nvrram       000000
__Hparam                              rparam       000000
__Hpowerup                            powerup      000018
__Hram                                ram          000000
__Hramtop                             ramtop       000600
__Hrbit                               rbit         000000
__Hrbss                               rbss         000000
__Hrdata                              rdata        000000
__Hreset_vec                          reset_vec    000004
__Hrparam                             rparam       000000
__Hsfr                                sfr          000000
__Hsmallconst                         smallconst   000000
__Hspace_0                            (abs)        30000E
__Hspace_1                            (abs)        0000CF
__Hspace_2                            (abs)        000000
__Hstack                              stack        000000
__Hstruct                             struct       000000
__Htemp                               temp         000000
__Htext                               text         000000
__Htext0                              text0        000000
__Htext1                              text1        000000
__Htext10                             text10       000000
__Htext11                             text11       000000
__Htext12                             text12       000000
__Htext13                             text13       000000
__Htext14                             text14       000000
__Htext15                             text15       000000
__Htext16                             text16       000000
__Htext17                             text17       000000
__Htext18                             text18       000000
__Htext19                             text19       000000
__Htext2                              text2        000000
__Htext21                             text21       000000
__Htext3                              text3        000000
__Htext4                              text4        000000
__Htext5                              text5        000000
__Htext6                              text6        000000
__Htext7                              text7        000000
__Htext8                              text8        000000
__Htext9                              text9        000000
__ISR                                 intcode      000008
__ISR_UART                            text21       000CB0
__LRAM                                (abs)        000001
__Labs1                               abs1         000000
__Lbank0                              bank0        000000
__Lbank1                              bank1        000000
__Lbank2                              bank2        000000
__Lbank3                              bank3        000000
__Lbank4                              bank4        000000
__Lbank5                              bank5        000000
__Lbigbss                             bigbss       000000
__Lbigdata                            bigdata      000000
__Lbigram                             bigram       000000
__Lbss                                bss          000000
__LbssBANK0                           bssBANK0     000000
__LbssCOMRAM                          bssCOMRAM    000000
__Lcinit                              cinit        000000
__Lclrtext                            clrtext      000000
__Lcomram                             comram       000000
__Lconfig                             config       300000
__Lconst                              const        000000
__LcstackBANK0                        cstackBANK0  000000
__LcstackCOMRAM                       cstackCOMRAM 000000
__Ldata                               data         000000
__LdataBANK0                          dataBANK0    000000
__LdataCOMRAM                         dataCOMRAM   000000
__Leeprom_data                        eeprom_data  000000
__Lend_init                           end_init     000018
__Lfarbss                             farbss       000000
__Lfardata                            fardata      000000
__Libigdata                           ibigdata     000000
__Lidata                              idata        000000
__LidataBANK0                         idataBANK0   000000
__LidataCOMRAM                        idataCOMRAM  000000
__Lidloc                              idloc        200000
__Lifardata                           ifardata     000000
__Linit                               init         000018
__Lintcode                            intcode      000008
__Lintcode_body                       intcode_body 000000
__Lintcodelo                          intcodelo    000018
__Lintentry                           intentry     000000
__Lintret                             intret       000000
__Lintsave_regs                       intsave_regs 000000
__Lirdata                             irdata       000000
__Lmediumconst                        mediumconst  007E16
__LnvCOMRAM                           nvCOMRAM     000000
__LnvFARRAM                           nvFARRAM     000000
__Lnvbit                              nvbit        000000
__Lnvrram                             nvrram       000000
__Lparam                              rparam       000000
__Lpowerup                            powerup      000018
__Lram                                ram          000000
__Lramtop                             ramtop       000600
__Lrbit                               rbit         000000
__Lrbss                               rbss         000000
__Lrdata                              rdata        000000
__Lreset_vec                          reset_vec    000000
__Lrparam                             rparam       000000
__Lsfr                                sfr          000000
__Lsmallconst                         smallconst   000000
__Lspace_0                            (abs)        000000
__Lspace_1                            (abs)        000000
__Lspace_2                            (abs)        000000
__Lstack                              stack        000000
__Lstruct                             struct       000000
__Ltemp                               temp         000000
__Ltext                               text         000000
__Ltext0                              text0        000000
__Ltext1                              text1        000000
__Ltext10                             text10       000000
__Ltext11                             text11       000000
__Ltext12                             text12       000000
__Ltext13                             text13       000000
__Ltext14                             text14       000000
__Ltext15                             text15       000000
__Ltext16                             text16       000000
__Ltext17                             text17       000000
__Ltext18                             text18       000000
__Ltext19                             text19       000000
__Ltext2                              text2        000000
__Ltext21                             text21       000000
__Ltext3                              text3        000000
__Ltext4                              text4        000000
__Ltext5                              text5        000000
__Ltext6                              text6        000000
__Ltext7                              text7        000000
__Ltext8                              text8        000000
__Ltext9                              text9        000000
__S0                                  (abs)        30000E
__S1                                  (abs)        0000CF
__S2                                  (abs)        000000
___awdiv                              text6        000920
___awdiv@counter                      cstackCOMRAM 000013
___awdiv@dividend                     cstackCOMRAM 00000F
___awdiv@divisor                      cstackCOMRAM 000011
___awdiv@quotient                     cstackCOMRAM 000015
___awdiv@sign                         cstackCOMRAM 000014
___inthi_sp                           stack        000000
___intlo_sp                           stack        000000
___sp                                 stack        000000
__accesstop                           (abs)        000080
__activetblptr                        (abs)        000002
__end_of_FIFO_SIZE                    mediumconst  007E18
__end_of_PCD_CalculateCRC             text13       000A56
__end_of_PCD_ClearRegisterBitMask     text16       000D04
__end_of_PCD_CommunicateWithPICC      text11       0007AA
__end_of_PCD_ReadRegister             text18       000CEA
__end_of_PCD_ReadRegisterVector       text12       000870
__end_of_PCD_SetRegisterBitMask       text15       000D34
__end_of_PCD_TransceiveData           text10       000BE0
__end_of_PCD_WriteRegister            text17       000D60
__end_of_PCD_WriteRegisterVector      text14       000C16
__end_of_PICC_IsNewCardPresent        text7        000C4A
__end_of_PICC_REQA_or_WUPA            text9        000ADE
__end_of_PICC_ReadCardSerial          text4        000C92
__end_of_PICC_RequestA                text8        000D1C
__end_of_PICC_Select                  text5        000586
__end_of_RFID_init                    text3        000D7A
__end_of_SPI_init                     text2        000C6E
__end_of_SPI_transfer                 text19       000920
__end_of_UART_init                    text1        000D4A
__end_of__ISR                         intcode_body 000B4A
__end_of__ISR_UART                    text21       000CCE
__end_of___awdiv                      text6        0009C4
__end_of__initialization              cinit        000B9A
__end_of__stringdata                  mediumconst  007FFE
__end_of_main                         text0        000CB0
__initialization                      cinit        000B4A
__mediumconst                         mediumconst  007E16
__mode                                nvCOMRAM     000063
__pbssBANK0                           bssBANK0     0000A3
__pbssCOMRAM                          bssCOMRAM    000061
__pcinit                              cinit        000B4A
__pcstackBANK0                        cstackBANK0  000080
__pcstackCOMRAM                       cstackCOMRAM 000001
__pdataBANK0                          dataBANK0    0000BF
__pdataCOMRAM                         dataCOMRAM   00005B
__pidataBANK0                         idataBANK0   000D60
__pidataCOMRAM                        idataCOMRAM  000D7A
__pintcode                            intcode      000008
__pintcode_body                       intcode_body 000ADE
__pmediumconst                        mediumconst  007E16
__pnvCOMRAM                           nvCOMRAM     000063
__ptext0                              text0        000C92
__ptext1                              text1        000D34
__ptext10                             text10       000BA4
__ptext11                             text11       000586
__ptext12                             text12       0007AA
__ptext13                             text13       0009C4
__ptext14                             text14       000BE0
__ptext15                             text15       000D1C
__ptext16                             text16       000CEA
__ptext17                             text17       000D4A
__ptext18                             text18       000CCE
__ptext19                             text19       000870
__ptext2                              text2        000C4A
__ptext21                             text21       000CB0
__ptext3                              text3        000D70
__ptext4                              text4        000C6E
__ptext5                              text5        00001C
__ptext6                              text6        000920
__ptext7                              text7        000C16
__ptext8                              text8        000D04
__ptext9                              text9        000A56
__ramtop                              ramtop       000600
__size_of_PCD_CalculateCRC            (abs)        000000
__size_of_PCD_ClearRegisterBitMask    (abs)        000000
__size_of_PCD_CommunicateWithPICC     (abs)        000000
__size_of_PCD_ReadRegister            (abs)        000000
__size_of_PCD_ReadRegisterVector      (abs)        000000
__size_of_PCD_SetRegisterBitMask      (abs)        000000
__size_of_PCD_TransceiveData          (abs)        000000
__size_of_PCD_WriteRegister           (abs)        000000
__size_of_PCD_WriteRegisterVector     (abs)        000000
__size_of_PICC_IsNewCardPresent       (abs)        000000
__size_of_PICC_REQA_or_WUPA           (abs)        000000
__size_of_PICC_ReadCardSerial         (abs)        000000
__size_of_PICC_RequestA               (abs)        000000
__size_of_PICC_Select                 (abs)        000000
__size_of_RFID_init                   (abs)        000000
__size_of_SPI_init                    (abs)        000000
__size_of_SPI_transfer                (abs)        000000
__size_of_UART_init                   (abs)        000000
__size_of__ISR                        (abs)        000000
__size_of__ISR_UART                   (abs)        000000
__size_of___awdiv                     (abs)        000000
__size_of_main                        (abs)        000000
__smallconst                          smallconst   000000
__stringdata                          mediumconst  007E18
_buffer                               bssBANK0     0000A3
_count                                bssCOMRAM    000061
_main                                 text0        000C92
_uid                                  bssBANK0     0000B3
end_of_initialization                 cinit        000B9A
int_func                              intcode_body 000ADE
intlevel0                             text         000000
intlevel1                             text         000000
intlevel2                             text         000000
intlevel3                             text         000000
stackhi                               (abs)        0005FF
stacklo                               (abs)        0000CF
start                                 init         000018
start_initialization                  cinit        000B4A


FUNCTION INFORMATION:

 *************** function _main *****************
 Defined at:
		line 31 in file "main.c"
 Parameters:    Size  Location     Type
		None
 Auto vars:     Size  Location     Type
		None
 Return value:  Size  Location     Type
		None               void
 Registers used:
		wreg, fsr1l, fsr1h, fsr2l, fsr2h, status,2, status,0, prodl, prodh, cstack
 Tracked objects:
		On entry : 
		On exit  : 
		Unchanged: 
 Data sizes:     COMRAM   BANK0   BANK1   BANK2   BANK3   BANK4   BANK5
      Params:         0       0       0       0       0       0       0
      Locals:         0       0       0       0       0       0       0
      Temps:          0       0       0       0       0       0       0
      Totals:         0       0       0       0       0       0       0
Total ram usage:        0 bytes
 Hardware stack levels required when called:   11
 This function calls:
		_PICC_IsNewCardPresent
		_PICC_ReadCardSerial
		_RFID_init
		_SPI_init
		_UART_init
 This function is called by:
		Startup code after reset
 This function uses a non-reentrant model


 *************** function _UART_init *****************
 Defined at:
		line 24 in file "UART.c"
 Parameters:    Size  Location     Type
		None
 Auto vars:     Size  Location     Type
		None
 Return value:  Size  Location     Type
		None               void
 Registers used:
		wreg, status,2
 Tracked objects:
		On entry : 
		On exit  : 
		Unchanged: 
 Data sizes:     COMRAM   BANK0   BANK1   BANK2   BANK3   BANK4   BANK5
      Params:         0       0       0       0       0       0       0
      Locals:         0       0       0       0       0       0       0
      Temps:          0       0       0       0       0       0       0
      Totals:         0       0       0       0       0       0       0
Total ram usage:        0 bytes
 Hardware stack levels used:    1
 Hardware stack levels required when called:    2
 This function calls:
		Nothing
 This function is called by:
		_main
 This function uses a non-reentrant model


 *************** function _SPI_init *****************
 Defined at:
		line 32 in file "SPI.c"
 Parameters:    Size  Location     Type
  mode            1    wreg     unsigned char 
 Auto vars:     Size  Location     Type
  mode            1   14[COMRAM] unsigned char 
 Return value:  Size  Location     Type
		None               void
 Registers used:
		wreg, status,2, status,0
 Tracked objects:
		On entry : 
		On exit  : 
		Unchanged: 
 Data sizes:     COMRAM   BANK0   BANK1   BANK2   BANK3   BANK4   BANK5
      Params:         0       0       0       0       0       0       0
      Locals:         1       0       0       0       0       0       0
      Temps:          0       0       0       0       0       0       0
      Totals:         1       0       0       0       0       0       0
Total ram usage:        1 bytes
 Hardware stack levels used:    1
 Hardware stack levels required when called:    2
 This function calls:
		Nothing
 This function is called by:
		_main
 This function uses a non-reentrant model


 *************** function _RFID_init *****************
 Defined at:
		line 37 in file "RFID.c"
 Parameters:    Size  Location     Type
		None
 Auto vars:     Size  Location     Type
		None
 Return value:  Size  Location     Type
		None               void
 Registers used:
		status,2, status,0
 Tracked objects:
		On entry : 
		On exit  : 
		Unchanged: 
 Data sizes:     COMRAM   BANK0   BANK1   BANK2   BANK3   BANK4   BANK5
      Params:         0       0       0       0       0       0       0
      Locals:         0       0       0       0       0       0       0
      Temps:          0       0       0       0       0       0       0
      Totals:         0       0       0       0       0       0       0
Total ram usage:        0 bytes
 Hardware stack levels used:    1
 Hardware stack levels required when called:    2
 This function calls:
		Nothing
 This function is called by:
		_main
 This function uses a non-reentrant model


 *************** function _PICC_ReadCardSerial *****************
 Defined at:
		line 1746 in file "RFID.c"
 Parameters:    Size  Location     Type
		None
 Auto vars:     Size  Location     Type
  result          1   78[COMRAM] unsigned char 
 Return value:  Size  Location     Type
                  1    wreg      unsigned char 
 Registers used:
		wreg, fsr1l, fsr1h, fsr2l, fsr2h, status,2, status,0, prodl, prodh, cstack
 Tracked objects:
		On entry : 
		On exit  : 
		Unchanged: 
 Data sizes:     COMRAM   BANK0   BANK1   BANK2   BANK3   BANK4   BANK5
      Params:         0       0       0       0       0       0       0
      Locals:         1       0       0       0       0       0       0
      Temps:          0       0       0       0       0       0       0
      Totals:         1       0       0       0       0       0       0
Total ram usage:        1 bytes
 Hardware stack levels used:    1
 Hardware stack levels required when called:    9
 This function calls:
		_PICC_Select
 This function is called by:
		_main
		_MIFARE_SetUid
 This function uses a non-reentrant model


 *************** function _PICC_Select *****************
 Defined at:
		line 551 in file "RFID.c"
 Parameters:    Size  Location     Type
  uid             2   73[COMRAM] PTR struct .
		 -> uid(12), 
  validBits       1   75[COMRAM] unsigned char 
 Auto vars:     Size  Location     Type
  collisionPos    1   23[BANK0 ] unsigned char 
  maxbytes        1   12[BANK0 ] unsigned char 
  bytesToCopy     1   26[BANK0 ] unsigned char 
  buffer          9   14[BANK0 ] unsigned char [9]
  responseBuff    2   28[BANK0 ] PTR unsigned char 
		 -> PICC_Select@buffer(9), 
  currentLevel    1   34[BANK0 ] unsigned char 
  result          1   33[BANK0 ] unsigned char 
  index           1   32[BANK0 ] unsigned char 
  count           1   31[BANK0 ] unsigned char 
  txLastBits      1   30[BANK0 ] unsigned char 
  responseLeng    1   27[BANK0 ] unsigned char 
  uidIndex        1   25[BANK0 ] unsigned char 
  useCascadeTa    1   24[BANK0 ] unsigned char 
  cascadeLevel    1   13[BANK0 ] unsigned char 
  rxAlign         1   11[BANK0 ] unsigned char 
  bufferUsed      1    8[BANK0 ] unsigned char 
  selectDone      1    7[BANK0 ] unsigned char 
  uidComplete     1    6[BANK0 ] unsigned char 
 Return value:  Size  Location     Type
                  1    wreg      unsigned char 
 Registers used:
		wreg, fsr1l, fsr1h, fsr2l, fsr2h, status,2, status,0, prodl, prodh, cstack
 Tracked objects:
		On entry : 
		On exit  : 
		Unchanged: 
 Data sizes:     COMRAM   BANK0   BANK1   BANK2   BANK3   BANK4   BANK5
      Params:         3       0       0       0       0       0       0
      Locals:         0      35       0       0       0       0       0
      Temps:          2       0       0       0       0       0       0
      Totals:         5      35       0       0       0       0       0
Total ram usage:       40 bytes
 Hardware stack levels used:    1
 Hardware stack levels required when called:    8
 This function calls:
		_PCD_CalculateCRC
		_PCD_ClearRegisterBitMask
		_PCD_ReadRegister
		_PCD_TransceiveData
		_PCD_WriteRegister
		___awdiv
 This function is called by:
		_PICC_ReadCardSerial
 This function uses a non-reentrant model


 *************** function ___awdiv *****************
 Defined at:
		line 8 in file "D:\Program Files (x86)\Microchip\xc8\v1.33\sources\common\awdiv.c"
 Parameters:    Size  Location     Type
  dividend        2   14[COMRAM] int 
  divisor         2   16[COMRAM] int 
 Auto vars:     Size  Location     Type
  quotient        2   20[COMRAM] int 
  sign            1   19[COMRAM] unsigned char 
  counter         1   18[COMRAM] unsigned char 
 Return value:  Size  Location     Type
                  2   14[COMRAM] int 
 Registers used:
		wreg, status,2, status,0, prodl
 Tracked objects:
		On entry : 
		On exit  : 
		Unchanged: 
 Data sizes:     COMRAM   BANK0   BANK1   BANK2   BANK3   BANK4   BANK5
      Params:         4       0       0       0       0       0       0
      Locals:         4       0       0       0       0       0       0
      Temps:          0       0       0       0       0       0       0
      Totals:         8       0       0       0       0       0       0
Total ram usage:        8 bytes
 Hardware stack levels used:    1
 Hardware stack levels required when called:    2
 This function calls:
		Nothing
 This function is called by:
		_PICC_Select
		_PICC_DumpMifareClassicSectorToSerial
 This function uses a non-reentrant model


 *************** function _PICC_IsNewCardPresent *****************
 Defined at:
		line 1731 in file "RFID.c"
 Parameters:    Size  Location     Type
		None
 Auto vars:     Size  Location     Type
  bufferATQA      2   86[COMRAM] unsigned char [2]
  bufferSize      1   89[COMRAM] unsigned char 
  result          1   88[COMRAM] unsigned char 
 Return value:  Size  Location     Type
                  1    wreg      unsigned char 
 Registers used:
		wreg, fsr2l, fsr2h, status,2, status,0, prodl, prodh, cstack
 Tracked objects:
		On entry : 
		On exit  : 
		Unchanged: 
 Data sizes:     COMRAM   BANK0   BANK1   BANK2   BANK3   BANK4   BANK5
      Params:         0       0       0       0       0       0       0
      Locals:         5       0       0       0       0       0       0
      Temps:          0       0       0       0       0       0       0
      Totals:         5       0       0       0       0       0       0
Total ram usage:        5 bytes
 Hardware stack levels used:    1
 Hardware stack levels required when called:   10
 This function calls:
		_PICC_RequestA
 This function is called by:
		_main
		_MIFARE_SetUid
 This function uses a non-reentrant model


 *************** function _PICC_RequestA *****************
 Defined at:
		line 515 in file "RFID.c"
 Parameters:    Size  Location     Type
  bufferATQA      2   81[COMRAM] PTR unsigned char 
		 -> PICC_IsNewCardPresent@bufferATQA(2), 
  bufferSize      2   83[COMRAM] PTR unsigned char 
		 -> PICC_IsNewCardPresent@bufferSize(1), 
 Auto vars:     Size  Location     Type
		None
 Return value:  Size  Location     Type
                  1    wreg      unsigned char 
 Registers used:
		wreg, fsr2l, fsr2h, status,2, status,0, prodl, prodh, cstack
 Tracked objects:
		On entry : 
		On exit  : 
		Unchanged: 
 Data sizes:     COMRAM   BANK0   BANK1   BANK2   BANK3   BANK4   BANK5
      Params:         4       0       0       0       0       0       0
      Locals:         0       0       0       0       0       0       0
      Temps:          0       0       0       0       0       0       0
      Totals:         4       0       0       0       0       0       0
Total ram usage:        4 bytes
 Hardware stack levels used:    1
 Hardware stack levels required when called:    9
 This function calls:
		_PICC_REQA_or_WUPA
 This function is called by:
		_PICC_IsNewCardPresent
 This function uses a non-reentrant model


 *************** function _PICC_REQA_or_WUPA *****************
 Defined at:
		line 487 in file "RFID.c"
 Parameters:    Size  Location     Type
  command         1    wreg     unsigned char 
  bufferATQA      2   73[COMRAM] PTR unsigned char 
		 -> PICC_IsNewCardPresent@bufferATQA(2), MIFARE_SetUid@atqa_answer(2), 
  bufferSize      2   75[COMRAM] PTR unsigned char 
		 -> PICC_IsNewCardPresent@bufferSize(1), MIFARE_SetUid@atqa_size(1), 
 Auto vars:     Size  Location     Type
  command         1   78[COMRAM] unsigned char 
  validBits       1   80[COMRAM] unsigned char 
  status          1   79[COMRAM] unsigned char 
 Return value:  Size  Location     Type
                  1    wreg      unsigned char 
 Registers used:
		wreg, fsr2l, fsr2h, status,2, status,0, prodl, prodh, cstack
 Tracked objects:
		On entry : 
		On exit  : 
		Unchanged: 
 Data sizes:     COMRAM   BANK0   BANK1   BANK2   BANK3   BANK4   BANK5
      Params:         4       0       0       0       0       0       0
      Locals:         3       0       0       0       0       0       0
      Temps:          1       0       0       0       0       0       0
      Totals:         8       0       0       0       0       0       0
Total ram usage:        8 bytes
 Hardware stack levels used:    1
 Hardware stack levels required when called:    8
 This function calls:
		_PCD_ClearRegisterBitMask
		_PCD_TransceiveData
 This function is called by:
		_PICC_RequestA
		_PICC_WakeupA
 This function uses a non-reentrant model


 *************** function _PCD_TransceiveData *****************
 Defined at:
		line 469 in file "RFID.c"
 Parameters:    Size  Location     Type
  sendData        2   61[COMRAM] PTR unsigned char 
		 -> MIFARE_SetUid@block0_buffer(18), MIFARE_OpenUidBackdoor@cmd(1), PICC_DumpMifareUltralightToSerial@buffer(18), PICC_DumpMifareClassicSectorToSerial@buffer(18), 
		 -> MIFARE_GetValue@buffer(18), PICC_HaltA@buffer(4), PICC_Select@buffer(9), PICC_REQA_or_WUPA@command(1), 
  sendLen         1   63[COMRAM] unsigned char 
  backData        2   64[COMRAM] PTR unsigned char 
		 -> PICC_IsNewCardPresent@bufferATQA(2), MIFARE_SetUid@atqa_answer(2), MIFARE_SetUid@block0_buffer(18), MIFARE_OpenUidBackdoor@response(32), 
		 -> PICC_DumpMifareUltralightToSerial@buffer(18), PICC_DumpMifareClassicSectorToSerial@buffer(18), MIFARE_GetValue@buffer(18), PICC_Select@buffer(9), 
		 -> NULL(0), 
  backLen         2   66[COMRAM] PTR unsigned char 
		 -> PICC_IsNewCardPresent@bufferSize(1), MIFARE_SetUid@atqa_size(1), MIFARE_SetUid@byteCount(1), MIFARE_OpenUidBackdoor@received(1), 
		 -> PICC_DumpMifareUltralightToSerial@byteCount(1), PICC_DumpMifareClassicSectorToSerial@byteCount(1), MIFARE_GetValue@size(1), PICC_Select@responseLength(1), 
		 -> NULL(0), 
  validBits       2   68[COMRAM] PTR unsigned char 
		 -> MIFARE_OpenUidBackdoor@validBits(1), PICC_Select@txLastBits(1), PICC_REQA_or_WUPA@validBits(1), NULL(0), 
  rxAlign         1   70[COMRAM] unsigned char 
  checkCRC        1   71[COMRAM] unsigned char 
 Auto vars:     Size  Location     Type
  waitIRq         1   72[COMRAM] unsigned char 
 Return value:  Size  Location     Type
                  1    wreg      unsigned char 
 Registers used:
		wreg, fsr2l, fsr2h, status,2, status,0, prodl, prodh, cstack
 Tracked objects:
		On entry : 
		On exit  : 
		Unchanged: 
 Data sizes:     COMRAM   BANK0   BANK1   BANK2   BANK3   BANK4   BANK5
      Params:        11       0       0       0       0       0       0
      Locals:         1       0       0       0       0       0       0
      Temps:          0       0       0       0       0       0       0
      Totals:        12       0       0       0       0       0       0
Total ram usage:       12 bytes
 Hardware stack levels used:    1
 Hardware stack levels required when called:    7
 This function calls:
		_PCD_CommunicateWithPICC
 This function is called by:
		_PICC_REQA_or_WUPA
		_PICC_Select
		_PICC_HaltA
		_MIFARE_Read
		_MIFARE_OpenUidBackdoor
 This function uses a non-reentrant model


 *************** function _PCD_CommunicateWithPICC *****************
 Defined at:
		line 370 in file "RFID.c"
 Parameters:    Size  Location     Type
  command         1    wreg     unsigned char 
  waitIRq         1   33[COMRAM] unsigned char 
  sendData        2   34[COMRAM] PTR unsigned char 
		 -> MIFARE_SetUid@block0_buffer(18), MIFARE_OpenUidBackdoor@cmd(1), PICC_DumpMifareUltralightToSerial@buffer(18), PICC_DumpMifareClassicSectorToSerial@buffer(18), 
		 -> PCD_MIFARE_Transceive@cmdBuffer(18), MIFARE_GetValue@buffer(18), PCD_Authenticate@sendData(12), PICC_HaltA@buffer(4), 
		 -> PICC_Select@buffer(9), PICC_REQA_or_WUPA@command(1), 
  sendLen         1   36[COMRAM] unsigned char 
  backData        2   37[COMRAM] PTR unsigned char 
		 -> PICC_IsNewCardPresent@bufferATQA(2), MIFARE_SetUid@atqa_answer(2), MIFARE_SetUid@block0_buffer(18), MIFARE_OpenUidBackdoor@response(32), 
		 -> PICC_DumpMifareUltralightToSerial@buffer(18), PICC_DumpMifareClassicSectorToSerial@buffer(18), PCD_MIFARE_Transceive@cmdBuffer(18), MIFARE_GetValue@buffer(18), 
		 -> PICC_Select@buffer(9), NULL(0), 
  backLen         2   39[COMRAM] PTR unsigned char 
		 -> PICC_IsNewCardPresent@bufferSize(1), MIFARE_SetUid@atqa_size(1), MIFARE_SetUid@byteCount(1), MIFARE_OpenUidBackdoor@received(1), 
		 -> PICC_DumpMifareUltralightToSerial@byteCount(1), PICC_DumpMifareClassicSectorToSerial@byteCount(1), PCD_MIFARE_Transceive@cmdBufferSize(1), MIFARE_GetValue@size(1), 
		 -> PICC_Select@responseLength(1), NULL(0), 
  validBits       2   41[COMRAM] PTR unsigned char 
		 -> MIFARE_OpenUidBackdoor@validBits(1), PCD_MIFARE_Transceive@validBits(1), PICC_Select@txLastBits(1), PICC_REQA_or_WUPA@validBits(1), 
		 -> NULL(0), 
  rxAlign         1   43[COMRAM] unsigned char 
  checkCRC        1   44[COMRAM] unsigned char 
 Auto vars:     Size  Location     Type
  command         1   55[COMRAM] unsigned char 
  controlBuffe    2   56[COMRAM] unsigned char [2]
  i               2   49[COMRAM] unsigned int 
  n               1   60[COMRAM] unsigned char 
  _validBits      1   59[COMRAM] unsigned char 
  errorRegValu    1   58[COMRAM] unsigned char 
  bitFraming      1   52[COMRAM] unsigned char 
  txLastBits      1   51[COMRAM] unsigned char 
 Return value:  Size  Location     Type
                  1    wreg      unsigned char 
 Registers used:
		wreg, fsr2l, fsr2h, status,2, status,0, prodl, prodh, cstack
 Tracked objects:
		On entry : 
		On exit  : 
		Unchanged: 
 Data sizes:     COMRAM   BANK0   BANK1   BANK2   BANK3   BANK4   BANK5
      Params:        12       0       0       0       0       0       0
      Locals:        12       0       0       0       0       0       0
      Temps:          4       0       0       0       0       0       0
      Totals:        28       0       0       0       0       0       0
Total ram usage:       28 bytes
 Hardware stack levels used:    1
 Hardware stack levels required when called:    6
 This function calls:
		_PCD_CalculateCRC
		_PCD_ReadRegister
		_PCD_ReadRegisterVector
		_PCD_SetRegisterBitMask
		_PCD_WriteRegister
		_PCD_WriteRegisterVector
 This function is called by:
		_PCD_TransceiveData
		_PCD_Authenticate
		_PCD_MIFARE_Transceive
 This function uses a non-reentrant model


 *************** function _PCD_ReadRegisterVector *****************
 Defined at:
		line 110 in file "RFID.c"
 Parameters:    Size  Location     Type
  reg             1    wreg     unsigned char 
  count           1   20[COMRAM] unsigned char 
  values          2   21[COMRAM] PTR unsigned char 
		 -> PICC_IsNewCardPresent@bufferATQA(2), MIFARE_SetUid@atqa_answer(2), MIFARE_SetUid@block0_buffer(18), MIFARE_OpenUidBackdoor@response(32), 
		 -> PICC_DumpMifareUltralightToSerial@buffer(18), PICC_DumpMifareClassicSectorToSerial@buffer(18), PCD_MIFARE_Transceive@cmdBuffer(18), MIFARE_GetValue@buffer(18), 
		 -> PICC_Select@buffer(9), NULL(0), 
  rxAlign         1   23[COMRAM] unsigned char 
 Auto vars:     Size  Location     Type
  reg             1   26[COMRAM] unsigned char 
  i               1   30[COMRAM] unsigned char 
  mask            1   28[COMRAM] unsigned char 
  value           1   27[COMRAM] unsigned char 
  index           1   31[COMRAM] unsigned char 
  address         1   29[COMRAM] unsigned char 
 Return value:  Size  Location     Type
		None               void
 Registers used:
		wreg, fsr2l, fsr2h, status,2, status,0, prodl, prodh, cstack
 Tracked objects:
		On entry : 
		On exit  : 
		Unchanged: 
 Data sizes:     COMRAM   BANK0   BANK1   BANK2   BANK3   BANK4   BANK5
      Params:         4       0       0       0       0       0       0
      Locals:         6       0       0       0       0       0       0
      Temps:          2       0       0       0       0       0       0
      Totals:        12       0       0       0       0       0       0
Total ram usage:       12 bytes
 Hardware stack levels used:    1
 Hardware stack levels required when called:    3
 This function calls:
		_SPI_transfer
 This function is called by:
		_PCD_CommunicateWithPICC
 This function uses a non-reentrant model


 *************** function _PCD_CalculateCRC *****************
 Defined at:
		line 173 in file "RFID.c"
 Parameters:    Size  Location     Type
  data            2   25[COMRAM] PTR unsigned char 
		 -> PICC_IsNewCardPresent@bufferATQA(2), MIFARE_SetUid@atqa_answer(2), MIFARE_SetUid@block0_buffer(18), MIFARE_OpenUidBackdoor@response(32), 
		 -> PICC_DumpMifareUltralightToSerial@buffer(18), PICC_DumpMifareClassicSectorToSerial@buffer(18), PCD_MIFARE_Transceive@cmdBuffer(18), MIFARE_GetValue@buffer(18), 
		 -> PICC_HaltA@buffer(4), PICC_Select@buffer(9), NULL(0), 
  length          1   27[COMRAM] unsigned char 
  result          2   28[COMRAM] PTR unsigned char 
		 -> MIFARE_SetUid@block0_buffer(18), PICC_DumpMifareUltralightToSerial@buffer(18), PICC_DumpMifareClassicSectorToSerial@buffer(18), PCD_MIFARE_Transceive@cmdBuffer(18), 
		 -> MIFARE_GetValue@buffer(18), PICC_HaltA@buffer(4), PICC_Select@buffer(9), PCD_CommunicateWithPICC@controlBuffer(2), 
 Auto vars:     Size  Location     Type
  i               2   30[COMRAM] unsigned int 
  n               1   32[COMRAM] unsigned char 
 Return value:  Size  Location     Type
                  1    wreg      unsigned char 
 Registers used:
		wreg, fsr2l, fsr2h, status,2, status,0, prodl, prodh, cstack
 Tracked objects:
		On entry : 
		On exit  : 
		Unchanged: 
 Data sizes:     COMRAM   BANK0   BANK1   BANK2   BANK3   BANK4   BANK5
      Params:         5       0       0       0       0       0       0
      Locals:         3       0       0       0       0       0       0
      Temps:          0       0       0       0       0       0       0
      Totals:         8       0       0       0       0       0       0
Total ram usage:        8 bytes
 Hardware stack levels used:    1
 Hardware stack levels required when called:    5
 This function calls:
		_PCD_ReadRegister
		_PCD_SetRegisterBitMask
		_PCD_WriteRegister
		_PCD_WriteRegisterVector
 This function is called by:
		_PCD_CommunicateWithPICC
		_PICC_Select
		_PICC_HaltA
		_MIFARE_Read
		_PCD_MIFARE_Transceive
 This function uses a non-reentrant model


 *************** function _PCD_WriteRegisterVector *****************
 Defined at:
		line 80 in file "RFID.c"
 Parameters:    Size  Location     Type
  reg             1    wreg     unsigned char 
  count           1   20[COMRAM] unsigned char 
  values          2   21[COMRAM] PTR unsigned char 
		 -> PICC_IsNewCardPresent@bufferATQA(2), MIFARE_SetUid@atqa_answer(2), MIFARE_SetUid@block0_buffer(18), MIFARE_OpenUidBackdoor@response(32), 
		 -> MIFARE_OpenUidBackdoor@cmd(1), PICC_DumpMifareUltralightToSerial@buffer(18), PICC_DumpMifareClassicSectorToSerial@buffer(18), PCD_MIFARE_Transceive@cmdBuffer(18), 
		 -> MIFARE_GetValue@buffer(18), PCD_Authenticate@sendData(12), PICC_HaltA@buffer(4), PICC_Select@buffer(9), 
		 -> PICC_REQA_or_WUPA@command(1), NULL(0), 
 Auto vars:     Size  Location     Type
  reg             1   23[COMRAM] unsigned char 
  index           1   24[COMRAM] unsigned char 
 Return value:  Size  Location     Type
		None               void
 Registers used:
		wreg, fsr2l, fsr2h, status,2, status,0, prodl, prodh, cstack
 Tracked objects:
		On entry : 
		On exit  : 
		Unchanged: 
 Data sizes:     COMRAM   BANK0   BANK1   BANK2   BANK3   BANK4   BANK5
      Params:         3       0       0       0       0       0       0
      Locals:         2       0       0       0       0       0       0
      Temps:          0       0       0       0       0       0       0
      Totals:         5       0       0       0       0       0       0
Total ram usage:        5 bytes
 Hardware stack levels used:    1
 Hardware stack levels required when called:    3
 This function calls:
		_SPI_transfer
 This function is called by:
		_PCD_CalculateCRC
		_PCD_CommunicateWithPICC
 This function uses a non-reentrant model


 *************** function _PCD_SetRegisterBitMask *****************
 Defined at:
		line 148 in file "RFID.c"
 Parameters:    Size  Location     Type
  reg             1    wreg     unsigned char 
  mask            1   22[COMRAM] unsigned char 
 Auto vars:     Size  Location     Type
  reg             1   24[COMRAM] unsigned char 
  tmp             1   23[COMRAM] unsigned char 
 Return value:  Size  Location     Type
		None               void
 Registers used:
		wreg, status,2, status,0, cstack
 Tracked objects:
		On entry : 
		On exit  : 
		Unchanged: 
 Data sizes:     COMRAM   BANK0   BANK1   BANK2   BANK3   BANK4   BANK5
      Params:         1       0       0       0       0       0       0
      Locals:         2       0       0       0       0       0       0
      Temps:          0       0       0       0       0       0       0
      Totals:         3       0       0       0       0       0       0
Total ram usage:        3 bytes
 Hardware stack levels used:    1
 Hardware stack levels required when called:    4
 This function calls:
		_PCD_ReadRegister
		_PCD_WriteRegister
 This function is called by:
		_PCD_CalculateCRC
		_PCD_CommunicateWithPICC
		_PCD_SetAntennaGain
 This function uses a non-reentrant model


 *************** function _PCD_ClearRegisterBitMask *****************
 Defined at:
		line 159 in file "RFID.c"
 Parameters:    Size  Location     Type
  reg             1    wreg     unsigned char 
  mask            1   22[COMRAM] unsigned char 
 Auto vars:     Size  Location     Type
  reg             1   24[COMRAM] unsigned char 
  tmp             1   23[COMRAM] unsigned char 
 Return value:  Size  Location     Type
		None               void
 Registers used:
		wreg, status,2, status,0, cstack
 Tracked objects:
		On entry : 
		On exit  : 
		Unchanged: 
 Data sizes:     COMRAM   BANK0   BANK1   BANK2   BANK3   BANK4   BANK5
      Params:         1       0       0       0       0       0       0
      Locals:         2       0       0       0       0       0       0
      Temps:          0       0       0       0       0       0       0
      Totals:         3       0       0       0       0       0       0
Total ram usage:        3 bytes
 Hardware stack levels used:    1
 Hardware stack levels required when called:    4
 This function calls:
		_PCD_ReadRegister
		_PCD_WriteRegister
 This function is called by:
		_PICC_REQA_or_WUPA
		_PICC_Select
		_PCD_AntennaOff
		_PCD_SetAntennaGain
		_PCD_StopCrypto1
 This function uses a non-reentrant model


 *************** function _PCD_WriteRegister *****************
 Defined at:
		line 67 in file "RFID.c"
 Parameters:    Size  Location     Type
  reg             1    wreg     unsigned char 
  value           1   20[COMRAM] unsigned char 
 Auto vars:     Size  Location     Type
  reg             1   21[COMRAM] unsigned char 
 Return value:  Size  Location     Type
		None               void
 Registers used:
		wreg, status,2, status,0, cstack
 Tracked objects:
		On entry : 
		On exit  : 
		Unchanged: 
 Data sizes:     COMRAM   BANK0   BANK1   BANK2   BANK3   BANK4   BANK5
      Params:         1       0       0       0       0       0       0
      Locals:         1       0       0       0       0       0       0
      Temps:          0       0       0       0       0       0       0
      Totals:         2       0       0       0       0       0       0
Total ram usage:        2 bytes
 Hardware stack levels used:    1
 Hardware stack levels required when called:    3
 This function calls:
		_SPI_transfer
 This function is called by:
		_PCD_SetRegisterBitMask
		_PCD_ClearRegisterBitMask
		_PCD_CalculateCRC
		_PCD_CommunicateWithPICC
		_PICC_Select
		_PCD_Reset
		_PCD_AntennaOn
		_PCD_Init
 This function uses a non-reentrant model


 *************** function _PCD_ReadRegister *****************
 Defined at:
		line 96 in file "RFID.c"
 Parameters:    Size  Location     Type
  reg             1    wreg     unsigned char 
 Auto vars:     Size  Location     Type
  reg             1   20[COMRAM] unsigned char 
  value           1   21[COMRAM] unsigned char 
 Return value:  Size  Location     Type
                  1    wreg      unsigned char 
 Registers used:
		wreg, status,2, status,0, cstack
 Tracked objects:
		On entry : 
		On exit  : 
		Unchanged: 
 Data sizes:     COMRAM   BANK0   BANK1   BANK2   BANK3   BANK4   BANK5
      Params:         0       0       0       0       0       0       0
      Locals:         2       0       0       0       0       0       0
      Temps:          0       0       0       0       0       0       0
      Totals:         2       0       0       0       0       0       0
Total ram usage:        2 bytes
 Hardware stack levels used:    1
 Hardware stack levels required when called:    3
 This function calls:
		_SPI_transfer
 This function is called by:
		_PCD_SetRegisterBitMask
		_PCD_ClearRegisterBitMask
		_PCD_CalculateCRC
		_PCD_CommunicateWithPICC
		_PICC_Select
		_PCD_Reset
		_PCD_AntennaOn
		_PCD_GetAntennaGain
 This function uses a non-reentrant model


 *************** function _SPI_transfer *****************
 Defined at:
		line 42 in file "SPI.c"
 Parameters:    Size  Location     Type
  data            1    wreg     unsigned char 
 Auto vars:     Size  Location     Type
  data            1   19[COMRAM] unsigned char 
  i               2   16[COMRAM] int 
  i               2   14[COMRAM] int 
  ret             1   18[COMRAM] unsigned char 
 Return value:  Size  Location     Type
                  1    wreg      unsigned char 
 Registers used:
		wreg, status,2, status,0
 Tracked objects:
		On entry : 
		On exit  : 
		Unchanged: 
 Data sizes:     COMRAM   BANK0   BANK1   BANK2   BANK3   BANK4   BANK5
      Params:         0       0       0       0       0       0       0
      Locals:         6       0       0       0       0       0       0
      Temps:          0       0       0       0       0       0       0
      Totals:         6       0       0       0       0       0       0
Total ram usage:        6 bytes
 Hardware stack levels used:    1
 Hardware stack levels required when called:    2
 This function calls:
		Nothing
 This function is called by:
		_PCD_WriteRegister
		_PCD_WriteRegisterVector
		_PCD_ReadRegister
		_PCD_ReadRegisterVector
 This function uses a non-reentrant model


 *************** function __ISR *****************
 Defined at:
		line 61 in file "main.c"
 Parameters:    Size  Location     Type
		None
 Auto vars:     Size  Location     Type
		None
 Return value:  Size  Location     Type
		None               void
 Registers used:
		wreg, fsr2l, fsr2h, status,2, status,0, cstack
 Tracked objects:
		On entry : 
		On exit  : 
		Unchanged: 
 Data sizes:     COMRAM   BANK0   BANK1   BANK2   BANK3   BANK4   BANK5
      Params:         0       0       0       0       0       0       0
      Locals:         0       0       0       0       0       0       0
      Temps:         14       0       0       0       0       0       0
      Totals:        14       0       0       0       0       0       0
Total ram usage:       14 bytes
 Hardware stack levels used:    1
 Hardware stack levels required when called:    1
 This function calls:
		__ISR_UART
 This function is called by:
		Interrupt level 2
 This function uses a non-reentrant model


 *************** function __ISR_UART *****************
 Defined at:
		line 60 in file "UART.c"
 Parameters:    Size  Location     Type
		None
 Auto vars:     Size  Location     Type
		None
 Return value:  Size  Location     Type
		None               void
 Registers used:
		wreg, fsr2l, fsr2h, status,2, status,0
 Tracked objects:
		On entry : 
		On exit  : 
		Unchanged: 
 Data sizes:     COMRAM   BANK0   BANK1   BANK2   BANK3   BANK4   BANK5
      Params:         0       0       0       0       0       0       0
      Locals:         0       0       0       0       0       0       0
      Temps:          0       0       0       0       0       0       0
      Totals:         0       0       0       0       0       0       0
Total ram usage:        0 bytes
 Hardware stack levels used:    1
 This function calls:
		Nothing
 This function is called by:
		__ISR
 This function uses a non-reentrant model



MODULE INFORMATION

Module		Function		Class		Link	Load	Size
UART.c
		_UART_init     		CODE           	0D34	0000	22
		__ISR_UART     		CODE           	0CB0	0000	30

UART.c estimated size: 52

D:\Program Files (x86)\Microchip\xc8\v1.33\sources\common\awdiv.c
		___awdiv       		CODE           	0920	0000	164

D:\Program Files (x86)\Microchip\xc8\v1.33\sources\common\awdiv.c estimated size: 164

RFID.c
		_PCD_SetRegiste		CODE           	0D1C	0000	24
		_PICC_IsNewCard		CODE           	0C16	0000	52
		_PICC_ReadCardS		CODE           	0C6E	0000	36
		_PCD_Transceive		CODE           	0BA4	0000	60
		_PCD_ReadRegist		CODE           	0CCE	0000	28
		_PCD_WriteRegis		CODE           	0D4A	0000	22
		_PICC_RequestA 		CODE           	0D04	0000	24
		_PCD_CalculateC		CODE           	09C4	0000	146
		_PCD_WriteRegis		CODE           	0BE0	0000	54
		_PICC_Select   		CODE           	001C	0000	1386
		_RFID_init     		CODE           	0D70	0000	10
		_PCD_ClearRegis		CODE           	0CEA	0000	26
		_PICC_REQA_or_W		CODE           	0A56	0000	136
		_PCD_Communicat		CODE           	0586	0000	548
		_PCD_ReadRegist		CODE           	07AA	0000	198

RFID.c estimated size: 2750

shared
		__stringdata   		MEDIUMCONST    	7E18	0000	486
		_FIFO_SIZE     		MEDIUMCONST    	7E17	0000	1
		__initializatio		CODE           	0B4A	0000	80

shared estimated size: 567

SPI.c
		_SPI_init      		CODE           	0C4A	0000	36
		_SPI_transfer  		CODE           	0870	0000	176

SPI.c estimated size: 212

main.c
		__ISR          		CODE           	0008	0000	2882
		_main          		CODE           	0C92	0000	30

main.c estimated size: 2912

